Archive member included to satisfy reference by file (symbol)

d:/stm32cubeide_1.8.0/stm32cubeide/plugins/com.st.stm32cube.ide.mcu.externaltools.gnu-tools-for-stm32.9-2020-q2-update.win32_2.0.0.202105311346/tools/bin/../lib/gcc/arm-none-eabi/9.3.1/../../../../arm-none-eabi/lib/thumb/v7e-m+fp/hard\libc_nano.a(lib_a-errno.o)
                              ./Core/Src/syscalls.o (__errno)
d:/stm32cubeide_1.8.0/stm32cubeide/plugins/com.st.stm32cube.ide.mcu.externaltools.gnu-tools-for-stm32.9-2020-q2-update.win32_2.0.0.202105311346/tools/bin/../lib/gcc/arm-none-eabi/9.3.1/../../../../arm-none-eabi/lib/thumb/v7e-m+fp/hard\libc_nano.a(lib_a-exit.o)
                              d:/stm32cubeide_1.8.0/stm32cubeide/plugins/com.st.stm32cube.ide.mcu.externaltools.gnu-tools-for-stm32.9-2020-q2-update.win32_2.0.0.202105311346/tools/bin/../lib/gcc/arm-none-eabi/9.3.1/../../../../arm-none-eabi/lib/thumb/v7e-m+fp/hard/crt0.o (exit)
d:/stm32cubeide_1.8.0/stm32cubeide/plugins/com.st.stm32cube.ide.mcu.externaltools.gnu-tools-for-stm32.9-2020-q2-update.win32_2.0.0.202105311346/tools/bin/../lib/gcc/arm-none-eabi/9.3.1/../../../../arm-none-eabi/lib/thumb/v7e-m+fp/hard\libc_nano.a(lib_a-impure.o)
                              d:/stm32cubeide_1.8.0/stm32cubeide/plugins/com.st.stm32cube.ide.mcu.externaltools.gnu-tools-for-stm32.9-2020-q2-update.win32_2.0.0.202105311346/tools/bin/../lib/gcc/arm-none-eabi/9.3.1/../../../../arm-none-eabi/lib/thumb/v7e-m+fp/hard\libc_nano.a(lib_a-exit.o) (_global_impure_ptr)
d:/stm32cubeide_1.8.0/stm32cubeide/plugins/com.st.stm32cube.ide.mcu.externaltools.gnu-tools-for-stm32.9-2020-q2-update.win32_2.0.0.202105311346/tools/bin/../lib/gcc/arm-none-eabi/9.3.1/../../../../arm-none-eabi/lib/thumb/v7e-m+fp/hard\libc_nano.a(lib_a-init.o)
                              d:/stm32cubeide_1.8.0/stm32cubeide/plugins/com.st.stm32cube.ide.mcu.externaltools.gnu-tools-for-stm32.9-2020-q2-update.win32_2.0.0.202105311346/tools/bin/../lib/gcc/arm-none-eabi/9.3.1/../../../../arm-none-eabi/lib/thumb/v7e-m+fp/hard/crt0.o (__libc_init_array)
d:/stm32cubeide_1.8.0/stm32cubeide/plugins/com.st.stm32cube.ide.mcu.externaltools.gnu-tools-for-stm32.9-2020-q2-update.win32_2.0.0.202105311346/tools/bin/../lib/gcc/arm-none-eabi/9.3.1/../../../../arm-none-eabi/lib/thumb/v7e-m+fp/hard\libc_nano.a(lib_a-memcpy-stub.o)
                              ./Middlewares/FreeRTOS/queue.o (memcpy)
d:/stm32cubeide_1.8.0/stm32cubeide/plugins/com.st.stm32cube.ide.mcu.externaltools.gnu-tools-for-stm32.9-2020-q2-update.win32_2.0.0.202105311346/tools/bin/../lib/gcc/arm-none-eabi/9.3.1/../../../../arm-none-eabi/lib/thumb/v7e-m+fp/hard\libc_nano.a(lib_a-memset.o)
                              d:/stm32cubeide_1.8.0/stm32cubeide/plugins/com.st.stm32cube.ide.mcu.externaltools.gnu-tools-for-stm32.9-2020-q2-update.win32_2.0.0.202105311346/tools/bin/../lib/gcc/arm-none-eabi/9.3.1/../../../../arm-none-eabi/lib/thumb/v7e-m+fp/hard/crt0.o (memset)
d:/stm32cubeide_1.8.0/stm32cubeide/plugins/com.st.stm32cube.ide.mcu.externaltools.gnu-tools-for-stm32.9-2020-q2-update.win32_2.0.0.202105311346/tools/bin/../lib/gcc/arm-none-eabi/9.3.1/../../../../arm-none-eabi/lib/thumb/v7e-m+fp/hard\libc_nano.a(lib_a-puts.o)
                              ./Core/Src/main.o (puts)
d:/stm32cubeide_1.8.0/stm32cubeide/plugins/com.st.stm32cube.ide.mcu.externaltools.gnu-tools-for-stm32.9-2020-q2-update.win32_2.0.0.202105311346/tools/bin/../lib/gcc/arm-none-eabi/9.3.1/../../../../arm-none-eabi/lib/thumb/v7e-m+fp/hard\libc_nano.a(lib_a-wbuf.o)
                              d:/stm32cubeide_1.8.0/stm32cubeide/plugins/com.st.stm32cube.ide.mcu.externaltools.gnu-tools-for-stm32.9-2020-q2-update.win32_2.0.0.202105311346/tools/bin/../lib/gcc/arm-none-eabi/9.3.1/../../../../arm-none-eabi/lib/thumb/v7e-m+fp/hard\libc_nano.a(lib_a-puts.o) (__swbuf_r)
d:/stm32cubeide_1.8.0/stm32cubeide/plugins/com.st.stm32cube.ide.mcu.externaltools.gnu-tools-for-stm32.9-2020-q2-update.win32_2.0.0.202105311346/tools/bin/../lib/gcc/arm-none-eabi/9.3.1/../../../../arm-none-eabi/lib/thumb/v7e-m+fp/hard\libc_nano.a(lib_a-wsetup.o)
                              d:/stm32cubeide_1.8.0/stm32cubeide/plugins/com.st.stm32cube.ide.mcu.externaltools.gnu-tools-for-stm32.9-2020-q2-update.win32_2.0.0.202105311346/tools/bin/../lib/gcc/arm-none-eabi/9.3.1/../../../../arm-none-eabi/lib/thumb/v7e-m+fp/hard\libc_nano.a(lib_a-puts.o) (__swsetup_r)
d:/stm32cubeide_1.8.0/stm32cubeide/plugins/com.st.stm32cube.ide.mcu.externaltools.gnu-tools-for-stm32.9-2020-q2-update.win32_2.0.0.202105311346/tools/bin/../lib/gcc/arm-none-eabi/9.3.1/../../../../arm-none-eabi/lib/thumb/v7e-m+fp/hard\libc_nano.a(lib_a-fflush.o)
                              d:/stm32cubeide_1.8.0/stm32cubeide/plugins/com.st.stm32cube.ide.mcu.externaltools.gnu-tools-for-stm32.9-2020-q2-update.win32_2.0.0.202105311346/tools/bin/../lib/gcc/arm-none-eabi/9.3.1/../../../../arm-none-eabi/lib/thumb/v7e-m+fp/hard\libc_nano.a(lib_a-wbuf.o) (_fflush_r)
[...]
Memory Configuration

Name             Origin             Length             Attributes
CCMRAM           0x0000000010000000 0x0000000000010000 xrw
RAM              0x0000000020000000 0x0000000000020000 xrw
FLASH            0x0000000008000000 0x0000000000080000 xr
*default*        0x0000000000000000 0xffffffffffffffff

Linker script and memory map

LOAD d:/stm32cubeide_1.8.0/stm32cubeide/plugins/com.st.stm32cube.ide.mcu.externaltools.gnu-tools-for-stm32.9-2020-q2-update.win32_2.0.0.202105311346/tools/bin/../lib/gcc/arm-none-eabi/9.3.1/thumb/v7e-m+fp/hard/crti.o
LOAD d:/stm32cubeide_1.8.0/stm32cubeide/plugins/com.st.stm32cube.ide.mcu.externaltools.gnu-tools-for-stm32.9-2020-q2-update.win32_2.0.0.202105311346/tools/bin/../lib/gcc/arm-none-eabi/9.3.1/thumb/v7e-m+fp/hard/crtbegin.o
LOAD d:/stm32cubeide_1.8.0/stm32cubeide/plugins/com.st.stm32cube.ide.mcu.externaltools.gnu-tools-for-stm32.9-2020-q2-update.win32_2.0.0.202105311346/tools/bin/../lib/gcc/arm-none-eabi/9.3.1/../../../../arm-none-eabi/lib/thumb/v7e-m+fp/hard/crt0.o
LOAD ./Core/Src/freertos.o
LOAD ./Core/Src/main.o
LOAD ./Core/Src/stm32f4xx_hal_msp.o
LOAD ./Core/Src/stm32f4xx_it.o
LOAD ./Core/Src/syscalls.o
LOAD ./Core/Src/sysmem.o
LOAD ./Core/Src/system_stm32f4xx.o
LOAD ./Core/Startup/startup_stm32f407vetx.o
LOAD ./Drivers/STM32F4xx_HAL_Driver/stm32f4xx_hal.o
LOAD ./Drivers/STM32F4xx_HAL_Driver/stm32f4xx_hal_cortex.o
LOAD ./Drivers/STM32F4xx_HAL_Driver/stm32f4xx_hal_dma.o
LOAD ./Drivers/STM32F4xx_HAL_Driver/stm32f4xx_hal_dma_ex.o
LOAD ./Drivers/STM32F4xx_HAL_Driver/stm32f4xx_hal_exti.o
LOAD ./Drivers/STM32F4xx_HAL_Driver/stm32f4xx_hal_flash.o
LOAD ./Drivers/STM32F4xx_HAL_Driver/stm32f4xx_hal_flash_ex.o
LOAD ./Drivers/STM32F4xx_HAL_Driver/stm32f4xx_hal_flash_ramfunc.o
LOAD ./Drivers/STM32F4xx_HAL_Driver/stm32f4xx_hal_gpio.o
LOAD ./Drivers/STM32F4xx_HAL_Driver/stm32f4xx_hal_pwr.o
LOAD ./Drivers/STM32F4xx_HAL_Driver/stm32f4xx_hal_pwr_ex.o
LOAD ./Drivers/STM32F4xx_HAL_Driver/stm32f4xx_hal_rcc.o
LOAD ./Drivers/STM32F4xx_HAL_Driver/stm32f4xx_hal_rcc_ex.o
LOAD ./Drivers/STM32F4xx_HAL_Driver/stm32f4xx_hal_tim.o
LOAD ./Drivers/STM32F4xx_HAL_Driver/stm32f4xx_hal_tim_ex.o
LOAD ./Middlewares/FreeRTOS/cmsis_os.o
LOAD ./Middlewares/FreeRTOS/croutine.o
LOAD ./Middlewares/FreeRTOS/event_groups.o
LOAD ./Middlewares/FreeRTOS/heap_4.o
LOAD ./Middlewares/FreeRTOS/list.o
LOAD ./Middlewares/FreeRTOS/port.o
LOAD ./Middlewares/FreeRTOS/queue.o
LOAD ./Middlewares/FreeRTOS/stream_buffer.o
LOAD ./Middlewares/FreeRTOS/tasks.o
LOAD ./Middlewares/FreeRTOS/timers.o
START GROUP
LOAD d:/stm32cubeide_1.8.0/stm32cubeide/plugins/com.st.stm32cube.ide.mcu.externaltools.gnu-tools-for-stm32.9-2020-q2-update.win32_2.0.0.202105311346/tools/bin/../lib/gcc/arm-none-eabi/9.3.1/../../../../arm-none-eabi/lib/thumb/v7e-m+fp/hard\libc_nano.a
LOAD d:/stm32cubeide_1.8.0/stm32cubeide/plugins/com.st.stm32cube.ide.mcu.externaltools.gnu-tools-for-stm32.9-2020-q2-update.win32_2.0.0.202105311346/tools/bin/../lib/gcc/arm-none-eabi/9.3.1/../../../../arm-none-eabi/lib/thumb/v7e-m+fp/hard\libm.a
END GROUP
START GROUP
LOAD d:/stm32cubeide_1.8.0/stm32cubeide/plugins/com.st.stm32cube.ide.mcu.externaltools.gnu-tools-for-stm32.9-2020-q2-update.win32_2.0.0.202105311346/tools/bin/../lib/gcc/arm-none-eabi/9.3.1/thumb/v7e-m+fp/hard\libgcc.a
LOAD d:/stm32cubeide_1.8.0/stm32cubeide/plugins/com.st.stm32cube.ide.mcu.externaltools.gnu-tools-for-stm32.9-2020-q2-update.win32_2.0.0.202105311346/tools/bin/../lib/gcc/arm-none-eabi/9.3.1/../../../../arm-none-eabi/lib/thumb/v7e-m+fp/hard\libc_nano.a
END GROUP
START GROUP
LOAD d:/stm32cubeide_1.8.0/stm32cubeide/plugins/com.st.stm32cube.ide.mcu.externaltools.gnu-tools-for-stm32.9-2020-q2-update.win32_2.0.0.202105311346/tools/bin/../lib/gcc/arm-none-eabi/9.3.1/thumb/v7e-m+fp/hard\libgcc.a
LOAD d:/stm32cubeide_1.8.0/stm32cubeide/plugins/com.st.stm32cube.ide.mcu.externaltools.gnu-tools-for-stm32.9-2020-q2-update.win32_2.0.0.202105311346/tools/bin/../lib/gcc/arm-none-eabi/9.3.1/../../../../arm-none-eabi/lib/thumb/v7e-m+fp/hard\libc_nano.a
LOAD d:/stm32cubeide_1.8.0/stm32cubeide/plugins/com.st.stm32cube.ide.mcu.externaltools.gnu-tools-for-stm32.9-2020-q2-update.win32_2.0.0.202105311346/tools/bin/../lib/gcc/arm-none-eabi/9.3.1/../../../../arm-none-eabi/lib/thumb/v7e-m+fp/hard\libnosys.a
END GROUP
START GROUP
LOAD d:/stm32cubeide_1.8.0/stm32cubeide/plugins/com.st.stm32cube.ide.mcu.externaltools.gnu-tools-for-stm32.9-2020-q2-update.win32_2.0.0.202105311346/tools/bin/../lib/gcc/arm-none-eabi/9.3.1/thumb/v7e-m+fp/hard\libgcc.a
LOAD d:/stm32cubeide_1.8.0/stm32cubeide/plugins/com.st.stm32cube.ide.mcu.externaltools.gnu-tools-for-stm32.9-2020-q2-update.win32_2.0.0.202105311346/tools/bin/../lib/gcc/arm-none-eabi/9.3.1/../../../../arm-none-eabi/lib/thumb/v7e-m+fp/hard\libc_nano.a
LOAD d:/stm32cubeide_1.8.0/stm32cubeide/plugins/com.st.stm32cube.ide.mcu.externaltools.gnu-tools-for-stm32.9-2020-q2-update.win32_2.0.0.202105311346/tools/bin/../lib/gcc/arm-none-eabi/9.3.1/../../../../arm-none-eabi/lib/thumb/v7e-m+fp/hard\libnosys.a
END GROUP
LOAD d:/stm32cubeide_1.8.0/stm32cubeide/plugins/com.st.stm32cube.ide.mcu.externaltools.gnu-tools-for-stm32.9-2020-q2-update.win32_2.0.0.202105311346/tools/bin/../lib/gcc/arm-none-eabi/9.3.1/thumb/v7e-m+fp/hard/crtend.o
LOAD d:/stm32cubeide_1.8.0/stm32cubeide/plugins/com.st.stm32cube.ide.mcu.externaltools.gnu-tools-for-stm32.9-2020-q2-update.win32_2.0.0.202105311346/tools/bin/../lib/gcc/arm-none-eabi/9.3.1/thumb/v7e-m+fp/hard/crtn.o
                0x0000000020020000                _estack = (ORIGIN (RAM) + LENGTH (RAM))
                0x0000000000000200                _Min_Heap_Size = 0x200
                0x0000000000000400                _Min_Stack_Size = 0x400

.isr_vector     0x0000000008000000      0x188
                0x0000000008000000                . = ALIGN (0x4)
 *(.isr_vector)
 .isr_vector    0x0000000008000000      0x188 ./Core/Startup/startup_stm32f407vetx.o
                0x0000000008000000                g_pfnVectors
                0x0000000008000188                . = ALIGN (0x4)

.text           0x0000000008000190     0x3700
                0x0000000008000190                . = ALIGN (0x4)
 *(.text)
 .text          0x0000000008000190       0x40 d:/stm32cubeide_1.8.0/stm32cubeide/plugins/com.st.stm32cube.ide.mcu.externaltools.gnu-tools-for-stm32.9-2020-q2-update.win32_2.0.0.202105311346/tools/bin/../lib/gcc/arm-none-eabi/9.3.1/thumb/v7e-m+fp/hard/crtbegin.o
 .text          0x00000000080001d0       0x30 d:/stm32cubeide_1.8.0/stm32cubeide/plugins/com.st.stm32cube.ide.mcu.externaltools.gnu-tools-for-stm32.9-2020-q2-update.win32_2.0.0.202105311346/tools/bin/../lib/gcc/arm-none-eabi/9.3.1/thumb/v7e-m+fp/hard\libgcc.a(_aeabi_uldivmod.o)
                0x00000000080001d0                __aeabi_uldivmod
 .text          0x0000000008000200      0x2c4 d:/stm32cubeide_1.8.0/stm32cubeide/plugins/com.st.stm32cube.ide.mcu.externaltools.gnu-tools-for-stm32.9-2020-q2-update.win32_2.0.0.202105311346/tools/bin/../lib/gcc/arm-none-eabi/9.3.1/thumb/v7e-m+fp/hard\libgcc.a(_udivmoddi4.o)
                0x0000000008000200                __udivmoddi4
 .text          0x00000000080004c4        0x4 d:/stm32cubeide_1.8.0/stm32cubeide/plugins/com.st.stm32cube.ide.mcu.externaltools.gnu-tools-for-stm32.9-2020-q2-update.win32_2.0.0.202105311346/tools/bin/../lib/gcc/arm-none-eabi/9.3.1/thumb/v7e-m+fp/hard\libgcc.a(_dvmd_tls.o)
                0x00000000080004c4                __aeabi_idiv0
                0x00000000080004c4                __aeabi_ldiv0
 *(.text*)
 .text.vApplicationGetIdleTaskMemory
                0x00000000080004c8       0x34 ./Core/Src/freertos.o
                0x00000000080004c8                vApplicationGetIdleTaskMemory
 .text.main     0x00000000080004fc       0x5c ./Core/Src/main.o
                0x00000000080004fc                main
 .text.SystemClock_Config
                0x0000000008000558       0xbc ./Core/Src/main.o
                0x0000000008000558                SystemClock_Config
 .text.MX_GPIO_Init
                0x0000000008000614       0xec ./Core/Src/main.o
 .text.LED1     0x0000000008000700       0x1c ./Core/Src/main.o
                0x0000000008000700                LED1
 .text.LED2     0x000000000800071c       0x20 ./Core/Src/main.o
                0x000000000800071c                LED2
 .text.App_Start
                0x000000000800073c       0x84 ./Core/Src/main.o
                0x000000000800073c                App_Start
 .text.Error_Handler
                0x00000000080007c0        0xa ./Core/Src/main.o
                0x00000000080007c0                Error_Handler
 *fill*         0x00000000080007ca        0x2 
 .text.HAL_MspInit
                0x00000000080007cc       0x58 ./Core/Src/stm32f4xx_hal_msp.o
                0x00000000080007cc                HAL_MspInit
 .text.NMI_Handler
                0x0000000008000824        0x6 ./Core/Src/stm32f4xx_it.o
                0x0000000008000824                NMI_Handler
 .text.HardFault_Handler
                0x000000000800082a        0x6 ./Core/Src/stm32f4xx_it.o
                0x000000000800082a                HardFault_Handler
 .text.MemManage_Handler
                0x0000000008000830        0x6 ./Core/Src/stm32f4xx_it.o
                0x0000000008000830                MemManage_Handler
 .text.BusFault_Handler
                0x0000000008000836        0x6 ./Core/Src/stm32f4xx_it.o
                0x0000000008000836                BusFault_Handler
 .text.UsageFault_Handler
                0x000000000800083c        0x6 ./Core/Src/stm32f4xx_it.o
                0x000000000800083c                UsageFault_Handler
 .text.DebugMon_Handler
                0x0000000008000842        0xe ./Core/Src/stm32f4xx_it.o
                0x0000000008000842                DebugMon_Handler
 .text.SysTick_Handler
                0x0000000008000850       0x1a ./Core/Src/stm32f4xx_it.o
                0x0000000008000850                SysTick_Handler
 .text._read    0x000000000800086a       0x3a ./Core/Src/syscalls.o
                0x000000000800086a                _read
 .text._write   0x00000000080008a4       0x38 ./Core/Src/syscalls.o
                0x00000000080008a4                _write
 .text._close   0x00000000080008dc       0x18 ./Core/Src/syscalls.o
                0x00000000080008dc                _close
 .text._fstat   0x00000000080008f4       0x20 ./Core/Src/syscalls.o
                0x00000000080008f4                _fstat
 .text._isatty  0x0000000008000914       0x16 ./Core/Src/syscalls.o
                0x0000000008000914                _isatty
 .text._lseek   0x000000000800092a       0x1a ./Core/Src/syscalls.o
                0x000000000800092a                _lseek
 .text._sbrk    0x0000000008000944       0x6c ./Core/Src/sysmem.o
                0x0000000008000944                _sbrk
 .text.SystemInit
                0x00000000080009b0       0x24 ./Core/Src/system_stm32f4xx.o
                0x00000000080009b0                SystemInit
 .text.Reset_Handler
                0x00000000080009d4       0x50 ./Core/Startup/startup_stm32f407vetx.o
                0x00000000080009d4                Reset_Handler
 .text.Default_Handler
                0x0000000008000a24        0x2 ./Core/Startup/startup_stm32f407vetx.o
                0x0000000008000a24                RTC_Alarm_IRQHandler
                0x0000000008000a24                HASH_RNG_IRQHandler
                0x0000000008000a24                EXTI2_IRQHandler
                0x0000000008000a24                TIM8_CC_IRQHandler
                0x0000000008000a24                TIM1_CC_IRQHandler
                0x0000000008000a24                DMA2_Stream5_IRQHandler
                0x0000000008000a24                DMA1_Stream5_IRQHandler
                0x0000000008000a24                PVD_IRQHandler
                0x0000000008000a24                SDIO_IRQHandler
                0x0000000008000a24                TAMP_STAMP_IRQHandler
                0x0000000008000a24                CAN2_RX1_IRQHandler
                0x0000000008000a24                EXTI3_IRQHandler
                0x0000000008000a24                TIM8_TRG_COM_TIM14_IRQHandler
                0x0000000008000a24                TIM1_UP_TIM10_IRQHandler
                0x0000000008000a24                TIM8_UP_TIM13_IRQHandler
                0x0000000008000a24                I2C3_ER_IRQHandler
                0x0000000008000a24                EXTI0_IRQHandler
                0x0000000008000a24                I2C2_EV_IRQHandler
                0x0000000008000a24                DMA1_Stream2_IRQHandler
                0x0000000008000a24                CAN1_RX0_IRQHandler
                0x0000000008000a24                FPU_IRQHandler
                0x0000000008000a24                OTG_HS_WKUP_IRQHandler
                0x0000000008000a24                CAN2_SCE_IRQHandler
                0x0000000008000a24                DMA2_Stream2_IRQHandler
                0x0000000008000a24                SPI1_IRQHandler
                0x0000000008000a24                TIM6_DAC_IRQHandler
                0x0000000008000a24                TIM1_BRK_TIM9_IRQHandler
                0x0000000008000a24                DCMI_IRQHandler
                0x0000000008000a24                CAN2_RX0_IRQHandler
                0x0000000008000a24                DMA2_Stream3_IRQHandler
                0x0000000008000a24                USART6_IRQHandler
                0x0000000008000a24                USART3_IRQHandler
                0x0000000008000a24                CAN1_RX1_IRQHandler
                0x0000000008000a24                UART5_IRQHandler
                0x0000000008000a24                DMA2_Stream0_IRQHandler
                0x0000000008000a24                TIM4_IRQHandler
                0x0000000008000a24                I2C1_EV_IRQHandler
                0x0000000008000a24                DMA1_Stream6_IRQHandler
                0x0000000008000a24                DMA1_Stream1_IRQHandler
                0x0000000008000a24                UART4_IRQHandler
                0x0000000008000a24                TIM3_IRQHandler
                0x0000000008000a24                RCC_IRQHandler
                0x0000000008000a24                TIM8_BRK_TIM12_IRQHandler
                0x0000000008000a24                Default_Handler
                0x0000000008000a24                EXTI15_10_IRQHandler
                0x0000000008000a24                ADC_IRQHandler
                0x0000000008000a24                DMA1_Stream7_IRQHandler
                0x0000000008000a24                TIM7_IRQHandler
                0x0000000008000a24                CAN2_TX_IRQHandler
                0x0000000008000a24                TIM5_IRQHandler
                0x0000000008000a24                DMA2_Stream7_IRQHandler
                0x0000000008000a24                I2C3_EV_IRQHandler
                0x0000000008000a24                EXTI9_5_IRQHandler
                0x0000000008000a24                RTC_WKUP_IRQHandler
                0x0000000008000a24                ETH_WKUP_IRQHandler
                0x0000000008000a24                SPI2_IRQHandler
                0x0000000008000a24                OTG_HS_EP1_IN_IRQHandler
                0x0000000008000a24                DMA1_Stream0_IRQHandler
                0x0000000008000a24                CAN1_TX_IRQHandler
                0x0000000008000a24                EXTI4_IRQHandler
                0x0000000008000a24                FSMC_IRQHandler
                0x0000000008000a24                ETH_IRQHandler
                0x0000000008000a24                OTG_HS_EP1_OUT_IRQHandler
                0x0000000008000a24                WWDG_IRQHandler
                0x0000000008000a24                TIM2_IRQHandler
                0x0000000008000a24                OTG_FS_WKUP_IRQHandler
                0x0000000008000a24                TIM1_TRG_COM_TIM11_IRQHandler
                0x0000000008000a24                OTG_HS_IRQHandler
                0x0000000008000a24                EXTI1_IRQHandler
                0x0000000008000a24                USART2_IRQHandler
                0x0000000008000a24                I2C2_ER_IRQHandler
                0x0000000008000a24                DMA2_Stream1_IRQHandler
                0x0000000008000a24                CAN1_SCE_IRQHandler
                0x0000000008000a24                FLASH_IRQHandler
                0x0000000008000a24                DMA2_Stream4_IRQHandler
                0x0000000008000a24                USART1_IRQHandler
                0x0000000008000a24                OTG_FS_IRQHandler
                0x0000000008000a24                SPI3_IRQHandler
                0x0000000008000a24                DMA1_Stream4_IRQHandler
                0x0000000008000a24                I2C1_ER_IRQHandler
                0x0000000008000a24                DMA2_Stream6_IRQHandler
                0x0000000008000a24                DMA1_Stream3_IRQHandler
 *fill*         0x0000000008000a26        0x2 
 .text.HAL_Init
                0x0000000008000a28       0x44 ./Drivers/STM32F4xx_HAL_Driver/stm32f4xx_hal.o
                0x0000000008000a28                HAL_Init
 .text.HAL_InitTick
                0x0000000008000a6c       0x60 ./Drivers/STM32F4xx_HAL_Driver/stm32f4xx_hal.o
                0x0000000008000a6c                HAL_InitTick
 .text.HAL_IncTick
                0x0000000008000acc       0x28 ./Drivers/STM32F4xx_HAL_Driver/stm32f4xx_hal.o
                0x0000000008000acc                HAL_IncTick
 .text.HAL_GetTick
                0x0000000008000af4       0x18 ./Drivers/STM32F4xx_HAL_Driver/stm32f4xx_hal.o
                0x0000000008000af4                HAL_GetTick
 .text.__NVIC_SetPriorityGrouping
                0x0000000008000b0c       0x48 ./Drivers/STM32F4xx_HAL_Driver/stm32f4xx_hal_cortex.o
 .text.__NVIC_GetPriorityGrouping
                0x0000000008000b54       0x1c ./Drivers/STM32F4xx_HAL_Driver/stm32f4xx_hal_cortex.o
 .text.__NVIC_SetPriority
                0x0000000008000b70       0x54 ./Drivers/STM32F4xx_HAL_Driver/stm32f4xx_hal_cortex.o
 .text.NVIC_EncodePriority
                0x0000000008000bc4       0x66 ./Drivers/STM32F4xx_HAL_Driver/stm32f4xx_hal_cortex.o
 *fill*         0x0000000008000c2a        0x2 
 .text.SysTick_Config
                0x0000000008000c2c       0x44 ./Drivers/STM32F4xx_HAL_Driver/stm32f4xx_hal_cortex.o
 .text.HAL_NVIC_SetPriorityGrouping
                0x0000000008000c70       0x16 ./Drivers/STM32F4xx_HAL_Driver/stm32f4xx_hal_cortex.o
                0x0000000008000c70                HAL_NVIC_SetPriorityGrouping
 .text.HAL_NVIC_SetPriority
                0x0000000008000c86       0x38 ./Drivers/STM32F4xx_HAL_Driver/stm32f4xx_hal_cortex.o
                0x0000000008000c86                HAL_NVIC_SetPriority
 .text.HAL_SYSTICK_Config
                0x0000000008000cbe       0x18 ./Drivers/STM32F4xx_HAL_Driver/stm32f4xx_hal_cortex.o
                0x0000000008000cbe                HAL_SYSTICK_Config
 *fill*         0x0000000008000cd6        0x2 
 .text.HAL_GPIO_Init
                0x0000000008000cd8      0x338 ./Drivers/STM32F4xx_HAL_Driver/stm32f4xx_hal_gpio.o
                0x0000000008000cd8                HAL_GPIO_Init
 .text.HAL_GPIO_WritePin
                0x0000000008001010       0x32 ./Drivers/STM32F4xx_HAL_Driver/stm32f4xx_hal_gpio.o
                0x0000000008001010                HAL_GPIO_WritePin
 .text.HAL_GPIO_TogglePin
                0x0000000008001042       0x34 ./Drivers/STM32F4xx_HAL_Driver/stm32f4xx_hal_gpio.o
                0x0000000008001042                HAL_GPIO_TogglePin
 *fill*         0x0000000008001076        0x2 
 .text.HAL_RCC_OscConfig
                0x0000000008001078      0x4f0 ./Drivers/STM32F4xx_HAL_Driver/stm32f4xx_hal_rcc.o
                0x0000000008001078                HAL_RCC_OscConfig
 .text.HAL_RCC_ClockConfig
                0x0000000008001568      0x1cc ./Drivers/STM32F4xx_HAL_Driver/stm32f4xx_hal_rcc.o
                0x0000000008001568                HAL_RCC_ClockConfig
 .text.HAL_RCC_GetSysClockFreq
                0x0000000008001734      0x16c ./Drivers/STM32F4xx_HAL_Driver/stm32f4xx_hal_rcc.o
                0x0000000008001734                HAL_RCC_GetSysClockFreq
 .text.makeFreeRtosPriority
                0x00000000080018a0       0x30 ./Middlewares/FreeRTOS/cmsis_os.o
 .text.osThreadCreate
                0x00000000080018d0       0x98 ./Middlewares/FreeRTOS/cmsis_os.o
                0x00000000080018d0                osThreadCreate
 .text.osDelay  0x0000000008001968       0x28 ./Middlewares/FreeRTOS/cmsis_os.o
                0x0000000008001968                osDelay
 .text.pvPortMalloc
                0x0000000008001990      0x198 ./Middlewares/FreeRTOS/heap_4.o
                0x0000000008001990                pvPortMalloc
 .text.vPortFree
                0x0000000008001b28       0xc4 ./Middlewares/FreeRTOS/heap_4.o
                0x0000000008001b28                vPortFree
 .text.prvHeapInit
                0x0000000008001bec       0xc4 ./Middlewares/FreeRTOS/heap_4.o
 .text.prvInsertBlockIntoFreeList
                0x0000000008001cb0       0xb4 ./Middlewares/FreeRTOS/heap_4.o
 .text.vListInitialise
                0x0000000008001d64       0x40 ./Middlewares/FreeRTOS/list.o
                0x0000000008001d64                vListInitialise
 .text.vListInitialiseItem
                0x0000000008001da4       0x1a ./Middlewares/FreeRTOS/list.o
                0x0000000008001da4                vListInitialiseItem
 .text.vListInsertEnd
                0x0000000008001dbe       0x48 ./Middlewares/FreeRTOS/list.o
                0x0000000008001dbe                vListInsertEnd
 .text.vListInsert
                0x0000000008001e06       0x72 ./Middlewares/FreeRTOS/list.o
                0x0000000008001e06                vListInsert
 .text.uxListRemove
                0x0000000008001e78       0x54 ./Middlewares/FreeRTOS/list.o
                0x0000000008001e78                uxListRemove
 .text.pxPortInitialiseStack
                0x0000000008001ecc       0x68 ./Middlewares/FreeRTOS/port.o
                0x0000000008001ecc                pxPortInitialiseStack
 .text.prvTaskExitError
                0x0000000008001f34       0x58 ./Middlewares/FreeRTOS/port.o
 *fill*         0x0000000008001f8c        0x4 
 .text.SVC_Handler
                0x0000000008001f90       0x28 ./Middlewares/FreeRTOS/port.o
                0x0000000008001f90                SVC_Handler
 .text.prvPortStartFirstTask
                0x0000000008001fb8       0x28 ./Middlewares/FreeRTOS/port.o
 .text.xPortStartScheduler
                0x0000000008001fe0      0x144 ./Middlewares/FreeRTOS/port.o
                0x0000000008001fe0                xPortStartScheduler
 .text.vPortEnterCritical
                0x0000000008002124       0x60 ./Middlewares/FreeRTOS/port.o
                0x0000000008002124                vPortEnterCritical
 .text.vPortExitCritical
                0x0000000008002184       0x54 ./Middlewares/FreeRTOS/port.o
                0x0000000008002184                vPortExitCritical
 *fill*         0x00000000080021d8        0x8 
 .text.PendSV_Handler
                0x00000000080021e0       0x68 ./Middlewares/FreeRTOS/port.o
                0x00000000080021e0                PendSV_Handler
 .text.xPortSysTickHandler
                0x0000000008002248       0x44 ./Middlewares/FreeRTOS/port.o
                0x0000000008002248                xPortSysTickHandler
 .text.vPortSetupTimerInterrupt
                0x000000000800228c       0x48 ./Middlewares/FreeRTOS/port.o
                0x000000000800228c                vPortSetupTimerInterrupt
 .text.vPortEnableVFP
                0x00000000080022d4       0x14 ./Middlewares/FreeRTOS/port.o
 .text.xTaskCreateStatic
                0x00000000080022e8       0xba ./Middlewares/FreeRTOS/tasks.o
                0x00000000080022e8                xTaskCreateStatic
 .text.xTaskCreate
                0x00000000080023a2       0x8a ./Middlewares/FreeRTOS/tasks.o
                0x00000000080023a2                xTaskCreate
 .text.prvInitialiseNewTask
                0x000000000800242c      0x10e ./Middlewares/FreeRTOS/tasks.o
 *fill*         0x000000000800253a        0x2 
 .text.prvAddNewTaskToReadyList
                0x000000000800253c       0xd4 ./Middlewares/FreeRTOS/tasks.o
 .text.vTaskDelete
                0x0000000008002610      0x120 ./Middlewares/FreeRTOS/tasks.o
                0x0000000008002610                vTaskDelete
 .text.vTaskDelay
                0x0000000008002730       0x68 ./Middlewares/FreeRTOS/tasks.o
                0x0000000008002730                vTaskDelay
 .text.vTaskStartScheduler
                0x0000000008002798       0xc0 ./Middlewares/FreeRTOS/tasks.o
                0x0000000008002798                vTaskStartScheduler
 .text.vTaskSuspendAll
                0x0000000008002858       0x1c ./Middlewares/FreeRTOS/tasks.o
                0x0000000008002858                vTaskSuspendAll
 .text.xTaskResumeAll
                0x0000000008002874      0x138 ./Middlewares/FreeRTOS/tasks.o
                0x0000000008002874                xTaskResumeAll
 .text.xTaskIncrementTick
                0x00000000080029ac      0x170 ./Middlewares/FreeRTOS/tasks.o
                0x00000000080029ac                xTaskIncrementTick
 .text.vTaskSwitchContext
                0x0000000008002b1c       0xb8 ./Middlewares/FreeRTOS/tasks.o
                0x0000000008002b1c                vTaskSwitchContext
 .text.prvIdleTask
                0x0000000008002bd4       0x30 ./Middlewares/FreeRTOS/tasks.o
 .text.prvInitialiseTaskLists
                0x0000000008002c04       0x80 ./Middlewares/FreeRTOS/tasks.o
 .text.prvCheckTasksWaitingTermination
                0x0000000008002c84       0x5c ./Middlewares/FreeRTOS/tasks.o
 .text.prvDeleteTCB
                0x0000000008002ce0       0x5e ./Middlewares/FreeRTOS/tasks.o
 *fill*         0x0000000008002d3e        0x2 
 .text.prvResetNextTaskUnblockTime
                0x0000000008002d40       0x40 ./Middlewares/FreeRTOS/tasks.o
 .text.xTaskGetSchedulerState
                0x0000000008002d80       0x3c ./Middlewares/FreeRTOS/tasks.o
                0x0000000008002d80                xTaskGetSchedulerState
 .text.prvAddCurrentTaskToDelayedList
                0x0000000008002dbc       0xcc ./Middlewares/FreeRTOS/tasks.o
 .text.__errno  0x0000000008002e88        0xc d:/stm32cubeide_1.8.0/stm32cubeide/plugins/com.st.stm32cube.ide.mcu.externaltools.gnu-tools-for-stm32.9-2020-q2-update.win32_2.0.0.202105311346/tools/bin/../lib/gcc/arm-none-eabi/9.3.1/../../../../arm-none-eabi/lib/thumb/v7e-m+fp/hard\libc_nano.a(lib_a-errno.o)
                0x0000000008002e88                __errno
 .text.__libc_init_array
                0x0000000008002e94       0x48 d:/stm32cubeide_1.8.0/stm32cubeide/plugins/com.st.stm32cube.ide.mcu.externaltools.gnu-tools-for-stm32.9-2020-q2-update.win32_2.0.0.202105311346/tools/bin/../lib/gcc/arm-none-eabi/9.3.1/../../../../arm-none-eabi/lib/thumb/v7e-m+fp/hard\libc_nano.a(lib_a-init.o)
                0x0000000008002e94                __libc_init_array
 .text.memset   0x0000000008002edc       0x10 d:/stm32cubeide_1.8.0/stm32cubeide/plugins/com.st.stm32cube.ide.mcu.externaltools.gnu-tools-for-stm32.9-2020-q2-update.win32_2.0.0.202105311346/tools/bin/../lib/gcc/arm-none-eabi/9.3.1/../../../../arm-none-eabi/lib/thumb/v7e-m+fp/hard\libc_nano.a(lib_a-memset.o)
                0x0000000008002edc                memset
 .text._puts_r  0x0000000008002eec       0xdc d:/stm32cubeide_1.8.0/stm32cubeide/plugins/com.st.stm32cube.ide.mcu.externaltools.gnu-tools-for-stm32.9-2020-q2-update.win32_2.0.0.202105311346/tools/bin/../lib/gcc/arm-none-eabi/9.3.1/../../../../arm-none-eabi/lib/thumb/v7e-m+fp/hard\libc_nano.a(lib_a-puts.o)
                0x0000000008002eec                _puts_r
 .text.puts     0x0000000008002fc8       0x10 d:/stm32cubeide_1.8.0/stm32cubeide/plugins/com.st.stm32cube.ide.mcu.externaltools.gnu-tools-for-stm32.9-2020-q2-update.win32_2.0.0.202105311346/tools/bin/../lib/gcc/arm-none-eabi/9.3.1/../../../../arm-none-eabi/lib/thumb/v7e-m+fp/hard\libc_nano.a(lib_a-puts.o)
                0x0000000008002fc8                puts
 .text.__swbuf_r
                0x0000000008002fd8       0xa4 d:/stm32cubeide_1.8.0/stm32cubeide/plugins/com.st.stm32cube.ide.mcu.externaltools.gnu-tools-for-stm32.9-2020-q2-update.win32_2.0.0.202105311346/tools/bin/../lib/gcc/arm-none-eabi/9.3.1/../../../../arm-none-eabi/lib/thumb/v7e-m+fp/hard\libc_nano.a(lib_a-wbuf.o)
                0x0000000008002fd8                __swbuf_r
 .text.__swsetup_r
                0x000000000800307c       0xdc d:/stm32cubeide_1.8.0/stm32cubeide/plugins/com.st.stm32cube.ide.mcu.externaltools.gnu-tools-for-stm32.9-2020-q2-update.win32_2.0.0.202105311346/tools/bin/../lib/gcc/arm-none-eabi/9.3.1/../../../../arm-none-eabi/lib/thumb/v7e-m+fp/hard\libc_nano.a(lib_a-wsetup.o)
                0x000000000800307c                __swsetup_r
 .text.__sflush_r
                0x0000000008003158      0x10c d:/stm32cubeide_1.8.0/stm32cubeide/plugins/com.st.stm32cube.ide.mcu.externaltools.gnu-tools-for-stm32.9-2020-q2-update.win32_2.0.0.202105311346/tools/bin/../lib/gcc/arm-none-eabi/9.3.1/../../../../arm-none-eabi/lib/thumb/v7e-m+fp/hard\libc_nano.a(lib_a-fflush.o)
                0x0000000008003158                __sflush_r
 .text._fflush_r
                0x0000000008003264       0x78 d:/stm32cubeide_1.8.0/stm32cubeide/plugins/com.st.stm32cube.ide.mcu.externaltools.gnu-tools-for-stm32.9-2020-q2-update.win32_2.0.0.202105311346/tools/bin/../lib/gcc/arm-none-eabi/9.3.1/../../../../arm-none-eabi/lib/thumb/v7e-m+fp/hard\libc_nano.a(lib_a-fflush.o)
                0x0000000008003264                _fflush_r
 .text.std      0x00000000080032dc       0x48 d:/stm32cubeide_1.8.0/stm32cubeide/plugins/com.st.stm32cube.ide.mcu.externaltools.gnu-tools-for-stm32.9-2020-q2-update.win32_2.0.0.202105311346/tools/bin/../lib/gcc/arm-none-eabi/9.3.1/../../../../arm-none-eabi/lib/thumb/v7e-m+fp/hard\libc_nano.a(lib_a-findfp.o)
 .text._cleanup_r
                0x0000000008003324        0xc d:/stm32cubeide_1.8.0/stm32cubeide/plugins/com.st.stm32cube.ide.mcu.externaltools.gnu-tools-for-stm32.9-2020-q2-update.win32_2.0.0.202105311346/tools/bin/../lib/gcc/arm-none-eabi/9.3.1/../../../../arm-none-eabi/lib/thumb/v7e-m+fp/hard\libc_nano.a(lib_a-findfp.o)
                0x0000000008003324                _cleanup_r
 .text.__sfmoreglue
                0x0000000008003330       0x2c d:/stm32cubeide_1.8.0/stm32cubeide/plugins/com.st.stm32cube.ide.mcu.externaltools.gnu-tools-for-stm32.9-2020-q2-update.win32_2.0.0.202105311346/tools/bin/../lib/gcc/arm-none-eabi/9.3.1/../../../../arm-none-eabi/lib/thumb/v7e-m+fp/hard\libc_nano.a(lib_a-findfp.o)
                0x0000000008003330                __sfmoreglue
 .text.__sfp_lock_acquire
                0x000000000800335c        0xc d:/stm32cubeide_1.8.0/stm32cubeide/plugins/com.st.stm32cube.ide.mcu.externaltools.gnu-tools-for-stm32.9-2020-q2-update.win32_2.0.0.202105311346/tools/bin/../lib/gcc/arm-none-eabi/9.3.1/../../../../arm-none-eabi/lib/thumb/v7e-m+fp/hard\libc_nano.a(lib_a-findfp.o)
                0x000000000800335c                __sfp_lock_acquire
 .text.__sfp_lock_release
                0x0000000008003368        0xc d:/stm32cubeide_1.8.0/stm32cubeide/plugins/com.st.stm32cube.ide.mcu.externaltools.gnu-tools-for-stm32.9-2020-q2-update.win32_2.0.0.202105311346/tools/bin/../lib/gcc/arm-none-eabi/9.3.1/../../../../arm-none-eabi/lib/thumb/v7e-m+fp/hard\libc_nano.a(lib_a-findfp.o)
                0x0000000008003368                __sfp_lock_release
 .text.__sinit_lock_acquire
                0x0000000008003374        0xc d:/stm32cubeide_1.8.0/stm32cubeide/plugins/com.st.stm32cube.ide.mcu.externaltools.gnu-tools-for-stm32.9-2020-q2-update.win32_2.0.0.202105311346/tools/bin/../lib/gcc/arm-none-eabi/9.3.1/../../../../arm-none-eabi/lib/thumb/v7e-m+fp/hard\libc_nano.a(lib_a-findfp.o)
                0x0000000008003374                __sinit_lock_acquire
 .text.__sinit_lock_release
                0x0000000008003380        0xc d:/stm32cubeide_1.8.0/stm32cubeide/plugins/com.st.stm32cube.ide.mcu.externaltools.gnu-tools-for-stm32.9-2020-q2-update.win32_2.0.0.202105311346/tools/bin/../lib/gcc/arm-none-eabi/9.3.1/../../../../arm-none-eabi/lib/thumb/v7e-m+fp/hard\libc_nano.a(lib_a-findfp.o)
                0x0000000008003380                __sinit_lock_release
 .text.__sinit  0x000000000800338c       0x70 d:/stm32cubeide_1.8.0/stm32cubeide/plugins/com.st.stm32cube.ide.mcu.externaltools.gnu-tools-for-stm32.9-2020-q2-update.win32_2.0.0.202105311346/tools/bin/../lib/gcc/arm-none-eabi/9.3.1/../../../../arm-none-eabi/lib/thumb/v7e-m+fp/hard\libc_nano.a(lib_a-findfp.o)
                0x000000000800338c                __sinit
 .text.__sfp    0x00000000080033fc       0x8c d:/stm32cubeide_1.8.0/stm32cubeide/plugins/com.st.stm32cube.ide.mcu.externaltools.gnu-tools-for-stm32.9-2020-q2-update.win32_2.0.0.202105311346/tools/bin/../lib/gcc/arm-none-eabi/9.3.1/../../../../arm-none-eabi/lib/thumb/v7e-m+fp/hard\libc_nano.a(lib_a-findfp.o)
                0x00000000080033fc                __sfp
 .text._fwalk_reent
                0x0000000008003488       0x3e d:/stm32cubeide_1.8.0/stm32cubeide/plugins/com.st.stm32cube.ide.mcu.externaltools.gnu-tools-for-stm32.9-2020-q2-update.win32_2.0.0.202105311346/tools/bin/../lib/gcc/arm-none-eabi/9.3.1/../../../../arm-none-eabi/lib/thumb/v7e-m+fp/hard\libc_nano.a(lib_a-fwalk.o)
                0x0000000008003488                _fwalk_reent
 .text.__retarget_lock_init_recursive
                0x00000000080034c6        0x2 d:/stm32cubeide_1.8.0/stm32cubeide/plugins/com.st.stm32cube.ide.mcu.externaltools.gnu-tools-for-stm32.9-2020-q2-update.win32_2.0.0.202105311346/tools/bin/../lib/gcc/arm-none-eabi/9.3.1/../../../../arm-none-eabi/lib/thumb/v7e-m+fp/hard\libc_nano.a(lib_a-lock.o)
                0x00000000080034c6                __retarget_lock_init_recursive
 .text.__retarget_lock_acquire_recursive
                0x00000000080034c8        0x2 d:/stm32cubeide_1.8.0/stm32cubeide/plugins/com.st.stm32cube.ide.mcu.externaltools.gnu-tools-for-stm32.9-2020-q2-update.win32_2.0.0.202105311346/tools/bin/../lib/gcc/arm-none-eabi/9.3.1/../../../../arm-none-eabi/lib/thumb/v7e-m+fp/hard\libc_nano.a(lib_a-lock.o)
                0x00000000080034c8                __retarget_lock_acquire_recursive
 .text.__retarget_lock_release_recursive
                0x00000000080034ca        0x2 d:/stm32cubeide_1.8.0/stm32cubeide/plugins/com.st.stm32cube.ide.mcu.externaltools.gnu-tools-for-stm32.9-2020-q2-update.win32_2.0.0.202105311346/tools/bin/../lib/gcc/arm-none-eabi/9.3.1/../../../../arm-none-eabi/lib/thumb/v7e-m+fp/hard\libc_nano.a(lib_a-lock.o)
                0x00000000080034ca                __retarget_lock_release_recursive
 .text.__swhatbuf_r
                0x00000000080034cc       0x48 d:/stm32cubeide_1.8.0/stm32cubeide/plugins/com.st.stm32cube.ide.mcu.externaltools.gnu-tools-for-stm32.9-2020-q2-update.win32_2.0.0.202105311346/tools/bin/../lib/gcc/arm-none-eabi/9.3.1/../../../../arm-none-eabi/lib/thumb/v7e-m+fp/hard\libc_nano.a(lib_a-makebuf.o)
                0x00000000080034cc                __swhatbuf_r
 .text.__smakebuf_r
                0x0000000008003514       0x80 d:/stm32cubeide_1.8.0/stm32cubeide/plugins/com.st.stm32cube.ide.mcu.externaltools.gnu-tools-for-stm32.9-2020-q2-update.win32_2.0.0.202105311346/tools/bin/../lib/gcc/arm-none-eabi/9.3.1/../../../../arm-none-eabi/lib/thumb/v7e-m+fp/hard\libc_nano.a(lib_a-makebuf.o)
                0x0000000008003514                __smakebuf_r
 .text._free_r  0x0000000008003594       0xa0 d:/stm32cubeide_1.8.0/stm32cubeide/plugins/com.st.stm32cube.ide.mcu.externaltools.gnu-tools-for-stm32.9-2020-q2-update.win32_2.0.0.202105311346/tools/bin/../lib/gcc/arm-none-eabi/9.3.1/../../../../arm-none-eabi/lib/thumb/v7e-m+fp/hard\libc_nano.a(lib_a-nano-freer.o)
                0x0000000008003594                _free_r
 .text._malloc_r
                0x0000000008003634       0xb4 d:/stm32cubeide_1.8.0/stm32cubeide/plugins/com.st.stm32cube.ide.mcu.externaltools.gnu-tools-for-stm32.9-2020-q2-update.win32_2.0.0.202105311346/tools/bin/../lib/gcc/arm-none-eabi/9.3.1/../../../../arm-none-eabi/lib/thumb/v7e-m+fp/hard\libc_nano.a(lib_a-nano-mallocr.o)
                0x0000000008003634                _malloc_r
 .text._sbrk_r  0x00000000080036e8       0x20 d:/stm32cubeide_1.8.0/stm32cubeide/plugins/com.st.stm32cube.ide.mcu.externaltools.gnu-tools-for-stm32.9-2020-q2-update.win32_2.0.0.202105311346/tools/bin/../lib/gcc/arm-none-eabi/9.3.1/../../../../arm-none-eabi/lib/thumb/v7e-m+fp/hard\libc_nano.a(lib_a-sbrkr.o)
                0x00000000080036e8                _sbrk_r
 .text.__sread  0x0000000008003708       0x22 d:/stm32cubeide_1.8.0/stm32cubeide/plugins/com.st.stm32cube.ide.mcu.externaltools.gnu-tools-for-stm32.9-2020-q2-update.win32_2.0.0.202105311346/tools/bin/../lib/gcc/arm-none-eabi/9.3.1/../../../../arm-none-eabi/lib/thumb/v7e-m+fp/hard\libc_nano.a(lib_a-stdio.o)
                0x0000000008003708                __sread
 .text.__swrite
                0x000000000800372a       0x38 d:/stm32cubeide_1.8.0/stm32cubeide/plugins/com.st.stm32cube.ide.mcu.externaltools.gnu-tools-for-stm32.9-2020-q2-update.win32_2.0.0.202105311346/tools/bin/../lib/gcc/arm-none-eabi/9.3.1/../../../../arm-none-eabi/lib/thumb/v7e-m+fp/hard\libc_nano.a(lib_a-stdio.o)
                0x000000000800372a                __swrite
 .text.__sseek  0x0000000008003762       0x24 d:/stm32cubeide_1.8.0/stm32cubeide/plugins/com.st.stm32cube.ide.mcu.externaltools.gnu-tools-for-stm32.9-2020-q2-update.win32_2.0.0.202105311346/tools/bin/../lib/gcc/arm-none-eabi/9.3.1/../../../../arm-none-eabi/lib/thumb/v7e-m+fp/hard\libc_nano.a(lib_a-stdio.o)
                0x0000000008003762                __sseek
 .text.__sclose
                0x0000000008003786        0x8 d:/stm32cubeide_1.8.0/stm32cubeide/plugins/com.st.stm32cube.ide.mcu.externaltools.gnu-tools-for-stm32.9-2020-q2-update.win32_2.0.0.202105311346/tools/bin/../lib/gcc/arm-none-eabi/9.3.1/../../../../arm-none-eabi/lib/thumb/v7e-m+fp/hard\libc_nano.a(lib_a-stdio.o)
                0x0000000008003786                __sclose
 *fill*         0x000000000800378e        0x2 
 .text._write_r
                0x0000000008003790       0x24 d:/stm32cubeide_1.8.0/stm32cubeide/plugins/com.st.stm32cube.ide.mcu.externaltools.gnu-tools-for-stm32.9-2020-q2-update.win32_2.0.0.202105311346/tools/bin/../lib/gcc/arm-none-eabi/9.3.1/../../../../arm-none-eabi/lib/thumb/v7e-m+fp/hard\libc_nano.a(lib_a-writer.o)
                0x0000000008003790                _write_r
 .text._close_r
                0x00000000080037b4       0x20 d:/stm32cubeide_1.8.0/stm32cubeide/plugins/com.st.stm32cube.ide.mcu.externaltools.gnu-tools-for-stm32.9-2020-q2-update.win32_2.0.0.202105311346/tools/bin/../lib/gcc/arm-none-eabi/9.3.1/../../../../arm-none-eabi/lib/thumb/v7e-m+fp/hard\libc_nano.a(lib_a-closer.o)
                0x00000000080037b4                _close_r
 .text._fstat_r
                0x00000000080037d4       0x24 d:/stm32cubeide_1.8.0/stm32cubeide/plugins/com.st.stm32cube.ide.mcu.externaltools.gnu-tools-for-stm32.9-2020-q2-update.win32_2.0.0.202105311346/tools/bin/../lib/gcc/arm-none-eabi/9.3.1/../../../../arm-none-eabi/lib/thumb/v7e-m+fp/hard\libc_nano.a(lib_a-fstatr.o)
                0x00000000080037d4                _fstat_r
 .text._isatty_r
                0x00000000080037f8       0x20 d:/stm32cubeide_1.8.0/stm32cubeide/plugins/com.st.stm32cube.ide.mcu.externaltools.gnu-tools-for-stm32.9-2020-q2-update.win32_2.0.0.202105311346/tools/bin/../lib/gcc/arm-none-eabi/9.3.1/../../../../arm-none-eabi/lib/thumb/v7e-m+fp/hard\libc_nano.a(lib_a-isattyr.o)
                0x00000000080037f8                _isatty_r
 .text._lseek_r
                0x0000000008003818       0x24 d:/stm32cubeide_1.8.0/stm32cubeide/plugins/com.st.stm32cube.ide.mcu.externaltools.gnu-tools-for-stm32.9-2020-q2-update.win32_2.0.0.202105311346/tools/bin/../lib/gcc/arm-none-eabi/9.3.1/../../../../arm-none-eabi/lib/thumb/v7e-m+fp/hard\libc_nano.a(lib_a-lseekr.o)
                0x0000000008003818                _lseek_r
 .text.__malloc_lock
                0x000000000800383c        0xc d:/stm32cubeide_1.8.0/stm32cubeide/plugins/com.st.stm32cube.ide.mcu.externaltools.gnu-tools-for-stm32.9-2020-q2-update.win32_2.0.0.202105311346/tools/bin/../lib/gcc/arm-none-eabi/9.3.1/../../../../arm-none-eabi/lib/thumb/v7e-m+fp/hard\libc_nano.a(lib_a-mlock.o)
                0x000000000800383c                __malloc_lock
 .text.__malloc_unlock
                0x0000000008003848        0xc d:/stm32cubeide_1.8.0/stm32cubeide/plugins/com.st.stm32cube.ide.mcu.externaltools.gnu-tools-for-stm32.9-2020-q2-update.win32_2.0.0.202105311346/tools/bin/../lib/gcc/arm-none-eabi/9.3.1/../../../../arm-none-eabi/lib/thumb/v7e-m+fp/hard\libc_nano.a(lib_a-mlock.o)
                0x0000000008003848                __malloc_unlock
 .text._read_r  0x0000000008003854       0x24 d:/stm32cubeide_1.8.0/stm32cubeide/plugins/com.st.stm32cube.ide.mcu.externaltools.gnu-tools-for-stm32.9-2020-q2-update.win32_2.0.0.202105311346/tools/bin/../lib/gcc/arm-none-eabi/9.3.1/../../../../arm-none-eabi/lib/thumb/v7e-m+fp/hard\libc_nano.a(lib_a-readr.o)
                0x0000000008003854                _read_r
 *(.glue_7)
 .glue_7        0x0000000008003878        0x0 linker stubs
 *(.glue_7t)
 .glue_7t       0x0000000008003878        0x0 linker stubs
 *(.eh_frame)
 .eh_frame      0x0000000008003878        0x0 d:/stm32cubeide_1.8.0/stm32cubeide/plugins/com.st.stm32cube.ide.mcu.externaltools.gnu-tools-for-stm32.9-2020-q2-update.win32_2.0.0.202105311346/tools/bin/../lib/gcc/arm-none-eabi/9.3.1/thumb/v7e-m+fp/hard/crtbegin.o
 *(.init)
 .init          0x0000000008003878        0x4 d:/stm32cubeide_1.8.0/stm32cubeide/plugins/com.st.stm32cube.ide.mcu.externaltools.gnu-tools-for-stm32.9-2020-q2-update.win32_2.0.0.202105311346/tools/bin/../lib/gcc/arm-none-eabi/9.3.1/thumb/v7e-m+fp/hard/crti.o
                0x0000000008003878                _init
 .init          0x000000000800387c        0x8 d:/stm32cubeide_1.8.0/stm32cubeide/plugins/com.st.stm32cube.ide.mcu.externaltools.gnu-tools-for-stm32.9-2020-q2-update.win32_2.0.0.202105311346/tools/bin/../lib/gcc/arm-none-eabi/9.3.1/thumb/v7e-m+fp/hard/crtn.o
 *(.fini)
 .fini          0x0000000008003884        0x4 d:/stm32cubeide_1.8.0/stm32cubeide/plugins/com.st.stm32cube.ide.mcu.externaltools.gnu-tools-for-stm32.9-2020-q2-update.win32_2.0.0.202105311346/tools/bin/../lib/gcc/arm-none-eabi/9.3.1/thumb/v7e-m+fp/hard/crti.o
                0x0000000008003884                _fini
 .fini          0x0000000008003888        0x8 d:/stm32cubeide_1.8.0/stm32cubeide/plugins/com.st.stm32cube.ide.mcu.externaltools.gnu-tools-for-stm32.9-2020-q2-update.win32_2.0.0.202105311346/tools/bin/../lib/gcc/arm-none-eabi/9.3.1/thumb/v7e-m+fp/hard/crtn.o
                0x0000000008003890                . = ALIGN (0x4)
                0x0000000008003890                _etext = .

.vfp11_veneer   0x0000000008003890        0x0
 .vfp11_veneer  0x0000000008003890        0x0 linker stubs

.v4_bx          0x0000000008003890        0x0
 .v4_bx         0x0000000008003890        0x0 linker stubs

.iplt           0x0000000008003890        0x0
 .iplt          0x0000000008003890        0x0 d:/stm32cubeide_1.8.0/stm32cubeide/plugins/com.st.stm32cube.ide.mcu.externaltools.gnu-tools-for-stm32.9-2020-q2-update.win32_2.0.0.202105311346/tools/bin/../lib/gcc/arm-none-eabi/9.3.1/thumb/v7e-m+fp/hard/crtbegin.o

.rodata         0x0000000008003890       0xe0
                0x0000000008003890                . = ALIGN (0x4)
 *(.rodata)
 .rodata        0x0000000008003890       0x64 ./Core/Src/main.o
 .rodata        0x00000000080038f4        0x5 ./Middlewares/FreeRTOS/tasks.o
 *(.rodata*)
 *fill*         0x00000000080038f9        0x3 
 .rodata.AHBPrescTable
                0x00000000080038fc       0x10 ./Core/Src/system_stm32f4xx.o
                0x00000000080038fc                AHBPrescTable
 .rodata._global_impure_ptr
                0x000000000800390c        0x4 d:/stm32cubeide_1.8.0/stm32cubeide/plugins/com.st.stm32cube.ide.mcu.externaltools.gnu-tools-for-stm32.9-2020-q2-update.win32_2.0.0.202105311346/tools/bin/../lib/gcc/arm-none-eabi/9.3.1/../../../../arm-none-eabi/lib/thumb/v7e-m+fp/hard\libc_nano.a(lib_a-impure.o)
                0x000000000800390c                _global_impure_ptr
 .rodata.__sf_fake_stderr
                0x0000000008003910       0x20 d:/stm32cubeide_1.8.0/stm32cubeide/plugins/com.st.stm32cube.ide.mcu.externaltools.gnu-tools-for-stm32.9-2020-q2-update.win32_2.0.0.202105311346/tools/bin/../lib/gcc/arm-none-eabi/9.3.1/../../../../arm-none-eabi/lib/thumb/v7e-m+fp/hard\libc_nano.a(lib_a-findfp.o)
                0x0000000008003910                __sf_fake_stderr
 .rodata.__sf_fake_stdin
                0x0000000008003930       0x20 d:/stm32cubeide_1.8.0/stm32cubeide/plugins/com.st.stm32cube.ide.mcu.externaltools.gnu-tools-for-stm32.9-2020-q2-update.win32_2.0.0.202105311346/tools/bin/../lib/gcc/arm-none-eabi/9.3.1/../../../../arm-none-eabi/lib/thumb/v7e-m+fp/hard\libc_nano.a(lib_a-findfp.o)
                0x0000000008003930                __sf_fake_stdin
 .rodata.__sf_fake_stdout
                0x0000000008003950       0x20 d:/stm32cubeide_1.8.0/stm32cubeide/plugins/com.st.stm32cube.ide.mcu.externaltools.gnu-tools-for-stm32.9-2020-q2-update.win32_2.0.0.202105311346/tools/bin/../lib/gcc/arm-none-eabi/9.3.1/../../../../arm-none-eabi/lib/thumb/v7e-m+fp/hard\libc_nano.a(lib_a-findfp.o)
                0x0000000008003950                __sf_fake_stdout
                0x0000000008003970                . = ALIGN (0x4)

.ARM.extab      0x0000000008003970        0x0
                0x0000000008003970                . = ALIGN (0x4)
 *(.ARM.extab* .gnu.linkonce.armextab.*)
                0x0000000008003970                . = ALIGN (0x4)

.ARM            0x0000000008003970        0x8
                0x0000000008003970                . = ALIGN (0x4)
                0x0000000008003970                __exidx_start = .
 *(.ARM.exidx*)
 .ARM.exidx     0x0000000008003970        0x8 d:/stm32cubeide_1.8.0/stm32cubeide/plugins/com.st.stm32cube.ide.mcu.externaltools.gnu-tools-for-stm32.9-2020-q2-update.win32_2.0.0.202105311346/tools/bin/../lib/gcc/arm-none-eabi/9.3.1/thumb/v7e-m+fp/hard\libgcc.a(_udivmoddi4.o)
                0x0000000008003978                __exidx_end = .
                0x0000000008003978                . = ALIGN (0x4)

.rel.dyn        0x0000000008003978        0x0
 .rel.iplt      0x0000000008003978        0x0 d:/stm32cubeide_1.8.0/stm32cubeide/plugins/com.st.stm32cube.ide.mcu.externaltools.gnu-tools-for-stm32.9-2020-q2-update.win32_2.0.0.202105311346/tools/bin/../lib/gcc/arm-none-eabi/9.3.1/thumb/v7e-m+fp/hard/crtbegin.o

.preinit_array  0x0000000008003978        0x0
                0x0000000008003978                . = ALIGN (0x4)
                0x0000000008003978                PROVIDE (__preinit_array_start = .)
 *(.preinit_array*)
                0x0000000008003978                PROVIDE (__preinit_array_end = .)
                0x0000000008003978                . = ALIGN (0x4)

.init_array     0x0000000008003978        0x4
                0x0000000008003978                . = ALIGN (0x4)
                0x0000000008003978                PROVIDE (__init_array_start = .)
 *(SORT_BY_NAME(.init_array.*))
 *(.init_array*)
 .init_array    0x0000000008003978        0x4 d:/stm32cubeide_1.8.0/stm32cubeide/plugins/com.st.stm32cube.ide.mcu.externaltools.gnu-tools-for-stm32.9-2020-q2-update.win32_2.0.0.202105311346/tools/bin/../lib/gcc/arm-none-eabi/9.3.1/thumb/v7e-m+fp/hard/crtbegin.o
                0x000000000800397c                PROVIDE (__init_array_end = .)
                0x000000000800397c                . = ALIGN (0x4)

.fini_array     0x000000000800397c        0x4
                0x000000000800397c                . = ALIGN (0x4)
                [!provide]                        PROVIDE (__fini_array_start = .)
 *(SORT_BY_NAME(.fini_array.*))
 *(.fini_array*)
 .fini_array    0x000000000800397c        0x4 d:/stm32cubeide_1.8.0/stm32cubeide/plugins/com.st.stm32cube.ide.mcu.externaltools.gnu-tools-for-stm32.9-2020-q2-update.win32_2.0.0.202105311346/tools/bin/../lib/gcc/arm-none-eabi/9.3.1/thumb/v7e-m+fp/hard/crtbegin.o
                [!provide]                        PROVIDE (__fini_array_end = .)
                0x0000000008003980                . = ALIGN (0x4)
                0x0000000008003980                _sidata = LOADADDR (.data)

.data           0x0000000020000000       0x74 load address 0x0000000008003980
                0x0000000020000000                . = ALIGN (0x4)
                0x0000000020000000                _sdata = .
 *(.data)
 *(.data*)
 .data.SystemCoreClock
                0x0000000020000000        0x4 ./Core/Src/system_stm32f4xx.o
                0x0000000020000000                SystemCoreClock
 .data.uwTickPrio
                0x0000000020000004        0x4 ./Drivers/STM32F4xx_HAL_Driver/stm32f4xx_hal.o
                0x0000000020000004                uwTickPrio
 .data.uwTickFreq
                0x0000000020000008        0x1 ./Drivers/STM32F4xx_HAL_Driver/stm32f4xx_hal.o
                0x0000000020000008                uwTickFreq
 *fill*         0x0000000020000009        0x3 
 .data.uxCriticalNesting
                0x000000002000000c        0x4 ./Middlewares/FreeRTOS/port.o
 .data._impure_ptr
                0x0000000020000010        0x4 d:/stm32cubeide_1.8.0/stm32cubeide/plugins/com.st.stm32cube.ide.mcu.externaltools.gnu-tools-for-stm32.9-2020-q2-update.win32_2.0.0.202105311346/tools/bin/../lib/gcc/arm-none-eabi/9.3.1/../../../../arm-none-eabi/lib/thumb/v7e-m+fp/hard\libc_nano.a(lib_a-impure.o)
                0x0000000020000010                _impure_ptr
 .data.impure_data
                0x0000000020000014       0x60 d:/stm32cubeide_1.8.0/stm32cubeide/plugins/com.st.stm32cube.ide.mcu.externaltools.gnu-tools-for-stm32.9-2020-q2-update.win32_2.0.0.202105311346/tools/bin/../lib/gcc/arm-none-eabi/9.3.1/../../../../arm-none-eabi/lib/thumb/v7e-m+fp/hard\libc_nano.a(lib_a-impure.o)
 *(.RamFunc)
 *(.RamFunc*)
                0x0000000020000074                . = ALIGN (0x4)
                0x0000000020000074                _edata = .
                0x00000000080039f4                _siccmram = LOADADDR (.ccmram)

.igot.plt       0x0000000020000074        0x0 load address 0x00000000080039f4
 .igot.plt      0x0000000020000074        0x0 d:/stm32cubeide_1.8.0/stm32cubeide/plugins/com.st.stm32cube.ide.mcu.externaltools.gnu-tools-for-stm32.9-2020-q2-update.win32_2.0.0.202105311346/tools/bin/../lib/gcc/arm-none-eabi/9.3.1/thumb/v7e-m+fp/hard/crtbegin.o

.ccmram         0x0000000010000000        0x0 load address 0x00000000080039f4
                0x0000000010000000                . = ALIGN (0x4)
                0x0000000010000000                _sccmram = .
 *(.ccmram)
 *(.ccmram*)
                0x0000000010000000                . = ALIGN (0x4)
                0x0000000010000000                _eccmram = .
                0x0000000010000000                . = ALIGN (0x4)

.bss            0x0000000020000074     0x4244
                0x0000000020000074                _sbss = .
                0x0000000020000074                __bss_start__ = _sbss
 *(.bss)
 .bss           0x0000000020000074       0x1c d:/stm32cubeide_1.8.0/stm32cubeide/plugins/com.st.stm32cube.ide.mcu.externaltools.gnu-tools-for-stm32.9-2020-q2-update.win32_2.0.0.202105311346/tools/bin/../lib/gcc/arm-none-eabi/9.3.1/thumb/v7e-m+fp/hard/crtbegin.o
 *(.bss*)
 .bss.xIdleTaskTCBBuffer
                0x0000000020000090       0x54 ./Core/Src/freertos.o
 .bss.xIdleStack
                0x00000000200000e4      0x200 ./Core/Src/freertos.o
 .bss.AppStartStack
                0x00000000200002e4      0x200 ./Core/Src/main.o
 .bss.__sbrk_heap_end
                0x00000000200004e4        0x4 ./Core/Src/sysmem.o
 .bss.ucHeap    0x00000000200004e8     0x3c00 ./Middlewares/FreeRTOS/heap_4.o
 .bss.xStart    0x00000000200040e8        0x8 ./Middlewares/FreeRTOS/heap_4.o
 .bss.pxEnd     0x00000000200040f0        0x4 ./Middlewares/FreeRTOS/heap_4.o
 .bss.xFreeBytesRemaining
                0x00000000200040f4        0x4 ./Middlewares/FreeRTOS/heap_4.o
 .bss.xMinimumEverFreeBytesRemaining
                0x00000000200040f8        0x4 ./Middlewares/FreeRTOS/heap_4.o
 .bss.xNumberOfSuccessfulAllocations
                0x00000000200040fc        0x4 ./Middlewares/FreeRTOS/heap_4.o
 .bss.xNumberOfSuccessfulFrees
                0x0000000020004100        0x4 ./Middlewares/FreeRTOS/heap_4.o
 .bss.xBlockAllocatedBit
                0x0000000020004104        0x4 ./Middlewares/FreeRTOS/heap_4.o
 .bss.ucMaxSysCallPriority
                0x0000000020004108        0x1 ./Middlewares/FreeRTOS/port.o
 *fill*         0x0000000020004109        0x3 
 .bss.ulMaxPRIGROUPValue
                0x000000002000410c        0x4 ./Middlewares/FreeRTOS/port.o
 .bss.pxCurrentTCB
                0x0000000020004110        0x4 ./Middlewares/FreeRTOS/tasks.o
                0x0000000020004110                pxCurrentTCB
 .bss.pxReadyTasksLists
                0x0000000020004114       0x8c ./Middlewares/FreeRTOS/tasks.o
 .bss.xDelayedTaskList1
                0x00000000200041a0       0x14 ./Middlewares/FreeRTOS/tasks.o
 .bss.xDelayedTaskList2
                0x00000000200041b4       0x14 ./Middlewares/FreeRTOS/tasks.o
 .bss.pxDelayedTaskList
                0x00000000200041c8        0x4 ./Middlewares/FreeRTOS/tasks.o
 .bss.pxOverflowDelayedTaskList
                0x00000000200041cc        0x4 ./Middlewares/FreeRTOS/tasks.o
 .bss.xPendingReadyList
                0x00000000200041d0       0x14 ./Middlewares/FreeRTOS/tasks.o
 .bss.xTasksWaitingTermination
                0x00000000200041e4       0x14 ./Middlewares/FreeRTOS/tasks.o
 .bss.uxDeletedTasksWaitingCleanUp
                0x00000000200041f8        0x4 ./Middlewares/FreeRTOS/tasks.o
 .bss.xSuspendedTaskList
                0x00000000200041fc       0x14 ./Middlewares/FreeRTOS/tasks.o
 .bss.uxCurrentNumberOfTasks
                0x0000000020004210        0x4 ./Middlewares/FreeRTOS/tasks.o
 .bss.xTickCount
                0x0000000020004214        0x4 ./Middlewares/FreeRTOS/tasks.o
 .bss.uxTopReadyPriority
                0x0000000020004218        0x4 ./Middlewares/FreeRTOS/tasks.o
 .bss.xSchedulerRunning
                0x000000002000421c        0x4 ./Middlewares/FreeRTOS/tasks.o
 .bss.xPendedTicks
                0x0000000020004220        0x4 ./Middlewares/FreeRTOS/tasks.o
 .bss.xYieldPending
                0x0000000020004224        0x4 ./Middlewares/FreeRTOS/tasks.o
 .bss.xNumOfOverflows
                0x0000000020004228        0x4 ./Middlewares/FreeRTOS/tasks.o
 .bss.uxTaskNumber
                0x000000002000422c        0x4 ./Middlewares/FreeRTOS/tasks.o
 .bss.xNextTaskUnblockTime
                0x0000000020004230        0x4 ./Middlewares/FreeRTOS/tasks.o
 .bss.xIdleTaskHandle
                0x0000000020004234        0x4 ./Middlewares/FreeRTOS/tasks.o
 .bss.uxSchedulerSuspended
                0x0000000020004238        0x4 ./Middlewares/FreeRTOS/tasks.o
 .bss.__malloc_free_list
                0x000000002000423c        0x4 d:/stm32cubeide_1.8.0/stm32cubeide/plugins/com.st.stm32cube.ide.mcu.externaltools.gnu-tools-for-stm32.9-2020-q2-update.win32_2.0.0.202105311346/tools/bin/../lib/gcc/arm-none-eabi/9.3.1/../../../../arm-none-eabi/lib/thumb/v7e-m+fp/hard\libc_nano.a(lib_a-nano-mallocr.o)
                0x000000002000423c                __malloc_free_list
 .bss.__malloc_sbrk_start
                0x0000000020004240        0x4 d:/stm32cubeide_1.8.0/stm32cubeide/plugins/com.st.stm32cube.ide.mcu.externaltools.gnu-tools-for-stm32.9-2020-q2-update.win32_2.0.0.202105311346/tools/bin/../lib/gcc/arm-none-eabi/9.3.1/../../../../arm-none-eabi/lib/thumb/v7e-m+fp/hard\libc_nano.a(lib_a-nano-mallocr.o)
                0x0000000020004240                __malloc_sbrk_start
 *(COMMON)
 COMMON         0x0000000020004244       0x60 ./Core/Src/main.o
                0x0000000020004244                LED2_TaskHandle
                0x0000000020004248                App_TaskHandle
                0x000000002000424c                LED1_TaskHandle
                0x0000000020004250                AppTaskTCB
 COMMON         0x00000000200042a4        0x4 ./Drivers/STM32F4xx_HAL_Driver/stm32f4xx_hal.o
                0x00000000200042a4                uwTick
 COMMON         0x00000000200042a8        0x9 d:/stm32cubeide_1.8.0/stm32cubeide/plugins/com.st.stm32cube.ide.mcu.externaltools.gnu-tools-for-stm32.9-2020-q2-update.win32_2.0.0.202105311346/tools/bin/../lib/gcc/arm-none-eabi/9.3.1/../../../../arm-none-eabi/lib/thumb/v7e-m+fp/hard\libc_nano.a(lib_a-lock.o)
                0x00000000200042a8                __lock___atexit_recursive_mutex
                0x00000000200042a9                __lock___arc4random_mutex
                0x00000000200042aa                __lock___env_recursive_mutex
                0x00000000200042ab                __lock___sinit_recursive_mutex
                0x00000000200042ac                __lock___malloc_recursive_mutex
                0x00000000200042ad                __lock___at_quick_exit_mutex
                0x00000000200042ae                __lock___dd_hash_mutex
                0x00000000200042af                __lock___tz_mutex
                0x00000000200042b0                __lock___sfp_recursive_mutex
 *fill*         0x00000000200042b1        0x3 
 COMMON         0x00000000200042b4        0x4 d:/stm32cubeide_1.8.0/stm32cubeide/plugins/com.st.stm32cube.ide.mcu.externaltools.gnu-tools-for-stm32.9-2020-q2-update.win32_2.0.0.202105311346/tools/bin/../lib/gcc/arm-none-eabi/9.3.1/../../../../arm-none-eabi/lib/thumb/v7e-m+fp/hard\libc_nano.a(lib_a-reent.o)
                0x00000000200042b4                errno
                0x00000000200042b8                . = ALIGN (0x4)
                0x00000000200042b8                _ebss = .
                0x00000000200042b8                __bss_end__ = _ebss

._user_heap_stack
                0x00000000200042b8      0x600
                0x00000000200042b8                . = ALIGN (0x8)
                [!provide]                        PROVIDE (end = .)
                0x00000000200042b8                PROVIDE (_end = .)
                0x00000000200044b8                . = (. + _Min_Heap_Size)
 *fill*         0x00000000200042b8      0x200 
                0x00000000200048b8                . = (. + _Min_Stack_Size)
 *fill*         0x00000000200044b8      0x400 
                0x00000000200048b8                . = ALIGN (0x8)

/DISCARD/
 libc.a(*)
 libm.a(*)
 libgcc.a(*)

.ARM.attributes
                0x0000000000000000       0x30
 *(.ARM.attributes)
 .ARM.attributes
                0x0000000000000000       0x1e d:/stm32cubeide_1.8.0/stm32cubeide/plugins/com.st.stm32cube.ide.mcu.externaltools.gnu-tools-for-stm32.9-2020-q2-update.win32_2.0.0.202105311346/tools/bin/../lib/gcc/arm-none-eabi/9.3.1/thumb/v7e-m+fp/hard/crti.o
 .ARM.attributes
                0x000000000000001e       0x34 d:/stm32cubeide_1.8.0/stm32cubeide/plugins/com.st.stm32cube.ide.mcu.externaltools.gnu-tools-for-stm32.9-2020-q2-update.win32_2.0.0.202105311346/tools/bin/../lib/gcc/arm-none-eabi/9.3.1/thumb/v7e-m+fp/hard/crtbegin.o
 .ARM.attributes
                0x0000000000000052       0x34 ./Core/Src/freertos.o
 .ARM.attributes
                0x0000000000000086       0x34 ./Core/Src/main.o
 .ARM.attributes
                0x00000000000000ba       0x34 ./Core/Src/stm32f4xx_hal_msp.o
 .ARM.attributes
                0x00000000000000ee       0x34 ./Core/Src/stm32f4xx_it.o
 .ARM.attributes
                0x0000000000000122       0x34 ./Core/Src/syscalls.o
 .ARM.attributes
                0x0000000000000156       0x34 ./Core/Src/sysmem.o
 .ARM.attributes
                0x000000000000018a       0x34 ./Core/Src/system_stm32f4xx.o
 .ARM.attributes
                0x00000000000001be       0x21 ./Core/Startup/startup_stm32f407vetx.o
 .ARM.attributes
                0x00000000000001df       0x34 ./Drivers/STM32F4xx_HAL_Driver/stm32f4xx_hal.o
 .ARM.attributes
                0x0000000000000213       0x34 ./Drivers/STM32F4xx_HAL_Driver/stm32f4xx_hal_cortex.o
 .ARM.attributes
                0x0000000000000247       0x34 ./Drivers/STM32F4xx_HAL_Driver/stm32f4xx_hal_gpio.o
 .ARM.attributes
                0x000000000000027b       0x34 ./Drivers/STM32F4xx_HAL_Driver/stm32f4xx_hal_rcc.o
 .ARM.attributes
                0x00000000000002af       0x34 ./Middlewares/FreeRTOS/cmsis_os.o
 .ARM.attributes
                0x00000000000002e3       0x34 ./Middlewares/FreeRTOS/heap_4.o
 .ARM.attributes
                0x0000000000000317       0x34 ./Middlewares/FreeRTOS/list.o
 .ARM.attributes
                0x000000000000034b       0x34 ./Middlewares/FreeRTOS/port.o
 .ARM.attributes
                0x000000000000037f       0x34 ./Middlewares/FreeRTOS/tasks.o
 .ARM.attributes
                0x00000000000003b3       0x34 d:/stm32cubeide_1.8.0/stm32cubeide/plugins/com.st.stm32cube.ide.mcu.externaltools.gnu-tools-for-stm32.9-2020-q2-update.win32_2.0.0.202105311346/tools/bin/../lib/gcc/arm-none-eabi/9.3.1/../../../../arm-none-eabi/lib/thumb/v7e-m+fp/hard\libc_nano.a(lib_a-errno.o)
 .ARM.attributes
                0x00000000000003e7       0x32 d:/stm32cubeide_1.8.0/stm32cubeide/plugins/com.st.stm32cube.ide.mcu.externaltools.gnu-tools-for-stm32.9-2020-q2-update.win32_2.0.0.202105311346/tools/bin/../lib/gcc/arm-none-eabi/9.3.1/../../../../arm-none-eabi/lib/thumb/v7e-m+fp/hard\libc_nano.a(lib_a-impure.o)
 .ARM.attributes
                0x0000000000000419       0x34 d:/stm32cubeide_1.8.0/stm32cubeide/plugins/com.st.stm32cube.ide.mcu.externaltools.gnu-tools-for-stm32.9-2020-q2-update.win32_2.0.0.202105311346/tools/bin/../lib/gcc/arm-none-eabi/9.3.1/../../../../arm-none-eabi/lib/thumb/v7e-m+fp/hard\libc_nano.a(lib_a-init.o)
 .ARM.attributes
                0x000000000000044d       0x34 d:/stm32cubeide_1.8.0/stm32cubeide/plugins/com.st.stm32cube.ide.mcu.externaltools.gnu-tools-for-stm32.9-2020-q2-update.win32_2.0.0.202105311346/tools/bin/../lib/gcc/arm-none-eabi/9.3.1/../../../../arm-none-eabi/lib/thumb/v7e-m+fp/hard\libc_nano.a(lib_a-memset.o)
 .ARM.attributes
                0x0000000000000481       0x34 d:/stm32cubeide_1.8.0/stm32cubeide/plugins/com.st.stm32cube.ide.mcu.externaltools.gnu-tools-for-stm32.9-2020-q2-update.win32_2.0.0.202105311346/tools/bin/../lib/gcc/arm-none-eabi/9.3.1/../../../../arm-none-eabi/lib/thumb/v7e-m+fp/hard\libc_nano.a(lib_a-puts.o)
 .ARM.attributes
                0x00000000000004b5       0x34 d:/stm32cubeide_1.8.0/stm32cubeide/plugins/com.st.stm32cube.ide.mcu.externaltools.gnu-tools-for-stm32.9-2020-q2-update.win32_2.0.0.202105311346/tools/bin/../lib/gcc/arm-none-eabi/9.3.1/../../../../arm-none-eabi/lib/thumb/v7e-m+fp/hard\libc_nano.a(lib_a-wbuf.o)
 .ARM.attributes
                0x00000000000004e9       0x34 d:/stm32cubeide_1.8.0/stm32cubeide/plugins/com.st.stm32cube.ide.mcu.externaltools.gnu-tools-for-stm32.9-2020-q2-update.win32_2.0.0.202105311346/tools/bin/../lib/gcc/arm-none-eabi/9.3.1/../../../../arm-none-eabi/lib/thumb/v7e-m+fp/hard\libc_nano.a(lib_a-wsetup.o)
 .ARM.attributes
                0x000000000000051d       0x34 d:/stm32cubeide_1.8.0/stm32cubeide/plugins/com.st.stm32cube.ide.mcu.externaltools.gnu-tools-for-stm32.9-2020-q2-update.win32_2.0.0.202105311346/tools/bin/../lib/gcc/arm-none-eabi/9.3.1/../../../../arm-none-eabi/lib/thumb/v7e-m+fp/hard\libc_nano.a(lib_a-fflush.o)
 .ARM.attributes
                0x0000000000000551       0x34 d:/stm32cubeide_1.8.0/stm32cubeide/plugins/com.st.stm32cube.ide.mcu.externaltools.gnu-tools-for-stm32.9-2020-q2-update.win32_2.0.0.202105311346/tools/bin/../lib/gcc/arm-none-eabi/9.3.1/../../../../arm-none-eabi/lib/thumb/v7e-m+fp/hard\libc_nano.a(lib_a-findfp.o)
 .ARM.attributes
                0x0000000000000585       0x34 d:/stm32cubeide_1.8.0/stm32cubeide/plugins/com.st.stm32cube.ide.mcu.externaltools.gnu-tools-for-stm32.9-2020-q2-update.win32_2.0.0.202105311346/tools/bin/../lib/gcc/arm-none-eabi/9.3.1/../../../../arm-none-eabi/lib/thumb/v7e-m+fp/hard\libc_nano.a(lib_a-fwalk.o)
 .ARM.attributes
                0x00000000000005b9       0x34 d:/stm32cubeide_1.8.0/stm32cubeide/plugins/com.st.stm32cube.ide.mcu.externaltools.gnu-tools-for-stm32.9-2020-q2-update.win32_2.0.0.202105311346/tools/bin/../lib/gcc/arm-none-eabi/9.3.1/../../../../arm-none-eabi/lib/thumb/v7e-m+fp/hard\libc_nano.a(lib_a-lock.o)
 .ARM.attributes
                0x00000000000005ed       0x34 d:/stm32cubeide_1.8.0/stm32cubeide/plugins/com.st.stm32cube.ide.mcu.externaltools.gnu-tools-for-stm32.9-2020-q2-update.win32_2.0.0.202105311346/tools/bin/../lib/gcc/arm-none-eabi/9.3.1/../../../../arm-none-eabi/lib/thumb/v7e-m+fp/hard\libc_nano.a(lib_a-makebuf.o)
 .ARM.attributes
                0x0000000000000621       0x34 d:/stm32cubeide_1.8.0/stm32cubeide/plugins/com.st.stm32cube.ide.mcu.externaltools.gnu-tools-for-stm32.9-2020-q2-update.win32_2.0.0.202105311346/tools/bin/../lib/gcc/arm-none-eabi/9.3.1/../../../../arm-none-eabi/lib/thumb/v7e-m+fp/hard\libc_nano.a(lib_a-nano-freer.o)
 .ARM.attributes
                0x0000000000000655       0x34 d:/stm32cubeide_1.8.0/stm32cubeide/plugins/com.st.stm32cube.ide.mcu.externaltools.gnu-tools-for-stm32.9-2020-q2-update.win32_2.0.0.202105311346/tools/bin/../lib/gcc/arm-none-eabi/9.3.1/../../../../arm-none-eabi/lib/thumb/v7e-m+fp/hard\libc_nano.a(lib_a-nano-mallocr.o)
 .ARM.attributes
                0x0000000000000689       0x34 d:/stm32cubeide_1.8.0/stm32cubeide/plugins/com.st.stm32cube.ide.mcu.externaltools.gnu-tools-for-stm32.9-2020-q2-update.win32_2.0.0.202105311346/tools/bin/../lib/gcc/arm-none-eabi/9.3.1/../../../../arm-none-eabi/lib/thumb/v7e-m+fp/hard\libc_nano.a(lib_a-sbrkr.o)
 .ARM.attributes
                0x00000000000006bd       0x34 d:/stm32cubeide_1.8.0/stm32cubeide/plugins/com.st.stm32cube.ide.mcu.externaltools.gnu-tools-for-stm32.9-2020-q2-update.win32_2.0.0.202105311346/tools/bin/../lib/gcc/arm-none-eabi/9.3.1/../../../../arm-none-eabi/lib/thumb/v7e-m+fp/hard\libc_nano.a(lib_a-stdio.o)
 .ARM.attributes
                0x00000000000006f1       0x34 d:/stm32cubeide_1.8.0/stm32cubeide/plugins/com.st.stm32cube.ide.mcu.externaltools.gnu-tools-for-stm32.9-2020-q2-update.win32_2.0.0.202105311346/tools/bin/../lib/gcc/arm-none-eabi/9.3.1/../../../../arm-none-eabi/lib/thumb/v7e-m+fp/hard\libc_nano.a(lib_a-writer.o)
 .ARM.attributes
                0x0000000000000725       0x34 d:/stm32cubeide_1.8.0/stm32cubeide/plugins/com.st.stm32cube.ide.mcu.externaltools.gnu-tools-for-stm32.9-2020-q2-update.win32_2.0.0.202105311346/tools/bin/../lib/gcc/arm-none-eabi/9.3.1/../../../../arm-none-eabi/lib/thumb/v7e-m+fp/hard\libc_nano.a(lib_a-closer.o)
 .ARM.attributes
                0x0000000000000759       0x34 d:/stm32cubeide_1.8.0/stm32cubeide/plugins/com.st.stm32cube.ide.mcu.externaltools.gnu-tools-for-stm32.9-2020-q2-update.win32_2.0.0.202105311346/tools/bin/../lib/gcc/arm-none-eabi/9.3.1/../../../../arm-none-eabi/lib/thumb/v7e-m+fp/hard\libc_nano.a(lib_a-fstatr.o)
 .ARM.attributes
                0x000000000000078d       0x34 d:/stm32cubeide_1.8.0/stm32cubeide/plugins/com.st.stm32cube.ide.mcu.externaltools.gnu-tools-for-stm32.9-2020-q2-update.win32_2.0.0.202105311346/tools/bin/../lib/gcc/arm-none-eabi/9.3.1/../../../../arm-none-eabi/lib/thumb/v7e-m+fp/hard\libc_nano.a(lib_a-isattyr.o)
 .ARM.attributes
                0x00000000000007c1       0x34 d:/stm32cubeide_1.8.0/stm32cubeide/plugins/com.st.stm32cube.ide.mcu.externaltools.gnu-tools-for-stm32.9-2020-q2-update.win32_2.0.0.202105311346/tools/bin/../lib/gcc/arm-none-eabi/9.3.1/../../../../arm-none-eabi/lib/thumb/v7e-m+fp/hard\libc_nano.a(lib_a-lseekr.o)
 .ARM.attributes
                0x00000000000007f5       0x34 d:/stm32cubeide_1.8.0/stm32cubeide/plugins/com.st.stm32cube.ide.mcu.externaltools.gnu-tools-for-stm32.9-2020-q2-update.win32_2.0.0.202105311346/tools/bin/../lib/gcc/arm-none-eabi/9.3.1/../../../../arm-none-eabi/lib/thumb/v7e-m+fp/hard\libc_nano.a(lib_a-mlock.o)
 .ARM.attributes
                0x0000000000000829       0x34 d:/stm32cubeide_1.8.0/stm32cubeide/plugins/com.st.stm32cube.ide.mcu.externaltools.gnu-tools-for-stm32.9-2020-q2-update.win32_2.0.0.202105311346/tools/bin/../lib/gcc/arm-none-eabi/9.3.1/../../../../arm-none-eabi/lib/thumb/v7e-m+fp/hard\libc_nano.a(lib_a-readr.o)
 .ARM.attributes
                0x000000000000085d       0x34 d:/stm32cubeide_1.8.0/stm32cubeide/plugins/com.st.stm32cube.ide.mcu.externaltools.gnu-tools-for-stm32.9-2020-q2-update.win32_2.0.0.202105311346/tools/bin/../lib/gcc/arm-none-eabi/9.3.1/../../../../arm-none-eabi/lib/thumb/v7e-m+fp/hard\libc_nano.a(lib_a-reent.o)
 .ARM.attributes
                0x0000000000000891       0x1e d:/stm32cubeide_1.8.0/stm32cubeide/plugins/com.st.stm32cube.ide.mcu.externaltools.gnu-tools-for-stm32.9-2020-q2-update.win32_2.0.0.202105311346/tools/bin/../lib/gcc/arm-none-eabi/9.3.1/thumb/v7e-m+fp/hard\libgcc.a(_aeabi_uldivmod.o)
 .ARM.attributes
                0x00000000000008af       0x34 d:/stm32cubeide_1.8.0/stm32cubeide/plugins/com.st.stm32cube.ide.mcu.externaltools.gnu-tools-for-stm32.9-2020-q2-update.win32_2.0.0.202105311346/tools/bin/../lib/gcc/arm-none-eabi/9.3.1/thumb/v7e-m+fp/hard\libgcc.a(_udivmoddi4.o)
 .ARM.attributes
                0x00000000000008e3       0x1e d:/stm32cubeide_1.8.0/stm32cubeide/plugins/com.st.stm32cube.ide.mcu.externaltools.gnu-tools-for-stm32.9-2020-q2-update.win32_2.0.0.202105311346/tools/bin/../lib/gcc/arm-none-eabi/9.3.1/thumb/v7e-m+fp/hard\libgcc.a(_dvmd_tls.o)
 .ARM.attributes
                0x0000000000000901       0x1e d:/stm32cubeide_1.8.0/stm32cubeide/plugins/com.st.stm32cube.ide.mcu.externaltools.gnu-tools-for-stm32.9-2020-q2-update.win32_2.0.0.202105311346/tools/bin/../lib/gcc/arm-none-eabi/9.3.1/thumb/v7e-m+fp/hard/crtn.o
OUTPUT(F4.elf elf32-littlearm)
LOAD linker stubs
LOAD d:/stm32cubeide_1.8.0/stm32cubeide/plugins/com.st.stm32cube.ide.mcu.externaltools.gnu-tools-for-stm32.9-2020-q2-update.win32_2.0.0.202105311346/tools/bin/../lib/gcc/arm-none-eabi/9.3.1/../../../../arm-none-eabi/lib/thumb/v7e-m+fp/hard\libc.a
LOAD d:/stm32cubeide_1.8.0/stm32cubeide/plugins/com.st.stm32cube.ide.mcu.externaltools.gnu-tools-for-stm32.9-2020-q2-update.win32_2.0.0.202105311346/tools/bin/../lib/gcc/arm-none-eabi/9.3.1/../../../../arm-none-eabi/lib/thumb/v7e-m+fp/hard\libm.a
LOAD d:/stm32cubeide_1.8.0/stm32cubeide/plugins/com.st.stm32cube.ide.mcu.externaltools.gnu-tools-for-stm32.9-2020-q2-update.win32_2.0.0.202105311346/tools/bin/../lib/gcc/arm-none-eabi/9.3.1/thumb/v7e-m+fp/hard\libgcc.a

.debug_info     0x0000000000000000     0xc41e
 .debug_info    0x0000000000000000      0x36d ./Core/Src/freertos.o
 .debug_info    0x000000000000036d      0xb4b ./Core/Src/main.o
 .debug_info    0x0000000000000eb8      0x5b9 ./Core/Src/stm32f4xx_hal_msp.o
 .debug_info    0x0000000000001471      0x211 ./Core/Src/stm32f4xx_it.o
 .debug_info    0x0000000000001682      0xfa8 ./Core/Src/syscalls.o
 .debug_info    0x000000000000262a      0xa25 ./Core/Src/sysmem.o
 .debug_info    0x000000000000304f      0x5a4 ./Core/Src/system_stm32f4xx.o
 .debug_info    0x00000000000035f3       0x22 ./Core/Startup/startup_stm32f407vetx.o
 .debug_info    0x0000000000003615      0x9b2 ./Drivers/STM32F4xx_HAL_Driver/stm32f4xx_hal.o
 .debug_info    0x0000000000003fc7      0xed7 ./Drivers/STM32F4xx_HAL_Driver/stm32f4xx_hal_cortex.o
 .debug_info    0x0000000000004e9e      0x83e ./Drivers/STM32F4xx_HAL_Driver/stm32f4xx_hal_gpio.o
 .debug_info    0x00000000000056dc      0x996 ./Drivers/STM32F4xx_HAL_Driver/stm32f4xx_hal_rcc.o
 .debug_info    0x0000000000006072     0x203a ./Middlewares/FreeRTOS/cmsis_os.o
 .debug_info    0x00000000000080ac      0xd8a ./Middlewares/FreeRTOS/heap_4.o
 .debug_info    0x0000000000008e36      0xb82 ./Middlewares/FreeRTOS/list.o
 .debug_info    0x00000000000099b8      0x4f1 ./Middlewares/FreeRTOS/port.o
 .debug_info    0x0000000000009ea9     0x2575 ./Middlewares/FreeRTOS/tasks.o

.debug_abbrev   0x0000000000000000     0x2305
 .debug_abbrev  0x0000000000000000      0x11d ./Core/Src/freertos.o
 .debug_abbrev  0x000000000000011d      0x288 ./Core/Src/main.o
 .debug_abbrev  0x00000000000003a5      0x126 ./Core/Src/stm32f4xx_hal_msp.o
 .debug_abbrev  0x00000000000004cb       0xd2 ./Core/Src/stm32f4xx_it.o
 .debug_abbrev  0x000000000000059d      0x286 ./Core/Src/syscalls.o
 .debug_abbrev  0x0000000000000823      0x1bf ./Core/Src/sysmem.o
 .debug_abbrev  0x00000000000009e2      0x145 ./Core/Src/system_stm32f4xx.o
 .debug_abbrev  0x0000000000000b27       0x12 ./Core/Startup/startup_stm32f407vetx.o
 .debug_abbrev  0x0000000000000b39      0x1ed ./Drivers/STM32F4xx_HAL_Driver/stm32f4xx_hal.o
 .debug_abbrev  0x0000000000000d26      0x33c ./Drivers/STM32F4xx_HAL_Driver/stm32f4xx_hal_cortex.o
 .debug_abbrev  0x0000000000001062      0x1f1 ./Drivers/STM32F4xx_HAL_Driver/stm32f4xx_hal_gpio.o
 .debug_abbrev  0x0000000000001253      0x275 ./Drivers/STM32F4xx_HAL_Driver/stm32f4xx_hal_rcc.o
 .debug_abbrev  0x00000000000014c8      0x3c2 ./Middlewares/FreeRTOS/cmsis_os.o
 .debug_abbrev  0x000000000000188a      0x2d3 ./Middlewares/FreeRTOS/heap_4.o
 .debug_abbrev  0x0000000000001b5d      0x1f7 ./Middlewares/FreeRTOS/list.o
 .debug_abbrev  0x0000000000001d54      0x231 ./Middlewares/FreeRTOS/port.o
 .debug_abbrev  0x0000000000001f85      0x380 ./Middlewares/FreeRTOS/tasks.o

.debug_aranges  0x0000000000000000      0x988
 .debug_aranges
                0x0000000000000000       0x20 ./Core/Src/freertos.o
 .debug_aranges
                0x0000000000000020       0x50 ./Core/Src/main.o
 .debug_aranges
                0x0000000000000070       0x20 ./Core/Src/stm32f4xx_hal_msp.o
 .debug_aranges
                0x0000000000000090       0x50 ./Core/Src/stm32f4xx_it.o
 .debug_aranges
                0x00000000000000e0       0xa8 ./Core/Src/syscalls.o
 .debug_aranges
                0x0000000000000188       0x20 ./Core/Src/sysmem.o
 .debug_aranges
                0x00000000000001a8       0x28 ./Core/Src/system_stm32f4xx.o
 .debug_aranges
                0x00000000000001d0       0x28 ./Core/Startup/startup_stm32f407vetx.o
 .debug_aranges
                0x00000000000001f8       0xf0 ./Drivers/STM32F4xx_HAL_Driver/stm32f4xx_hal.o
 .debug_aranges
                0x00000000000002e8      0x118 ./Drivers/STM32F4xx_HAL_Driver/stm32f4xx_hal_cortex.o
 .debug_aranges
                0x0000000000000400       0x58 ./Drivers/STM32F4xx_HAL_Driver/stm32f4xx_hal_gpio.o
 .debug_aranges
                0x0000000000000458       0x88 ./Drivers/STM32F4xx_HAL_Driver/stm32f4xx_hal_rcc.o
 .debug_aranges
                0x00000000000004e0      0x1d8 ./Middlewares/FreeRTOS/cmsis_os.o
 .debug_aranges
                0x00000000000006b8       0x58 ./Middlewares/FreeRTOS/heap_4.o
 .debug_aranges
                0x0000000000000710       0x40 ./Middlewares/FreeRTOS/list.o
 .debug_aranges
                0x0000000000000750       0x80 ./Middlewares/FreeRTOS/port.o
 .debug_aranges
                0x00000000000007d0      0x1b8 ./Middlewares/FreeRTOS/tasks.o

.debug_ranges   0x0000000000000000      0x880
 .debug_ranges  0x0000000000000000       0x10 ./Core/Src/freertos.o
 .debug_ranges  0x0000000000000010       0x40 ./Core/Src/main.o
 .debug_ranges  0x0000000000000050       0x10 ./Core/Src/stm32f4xx_hal_msp.o
 .debug_ranges  0x0000000000000060       0x40 ./Core/Src/stm32f4xx_it.o
 .debug_ranges  0x00000000000000a0       0x98 ./Core/Src/syscalls.o
 .debug_ranges  0x0000000000000138       0x10 ./Core/Src/sysmem.o
 .debug_ranges  0x0000000000000148       0x18 ./Core/Src/system_stm32f4xx.o
 .debug_ranges  0x0000000000000160       0x20 ./Core/Startup/startup_stm32f407vetx.o
 .debug_ranges  0x0000000000000180       0xe0 ./Drivers/STM32F4xx_HAL_Driver/stm32f4xx_hal.o
 .debug_ranges  0x0000000000000260      0x108 ./Drivers/STM32F4xx_HAL_Driver/stm32f4xx_hal_cortex.o
 .debug_ranges  0x0000000000000368       0x48 ./Drivers/STM32F4xx_HAL_Driver/stm32f4xx_hal_gpio.o
 .debug_ranges  0x00000000000003b0       0x78 ./Drivers/STM32F4xx_HAL_Driver/stm32f4xx_hal_rcc.o
 .debug_ranges  0x0000000000000428      0x1c8 ./Middlewares/FreeRTOS/cmsis_os.o
 .debug_ranges  0x00000000000005f0       0x48 ./Middlewares/FreeRTOS/heap_4.o
 .debug_ranges  0x0000000000000638       0x30 ./Middlewares/FreeRTOS/list.o
 .debug_ranges  0x0000000000000668       0x70 ./Middlewares/FreeRTOS/port.o
 .debug_ranges  0x00000000000006d8      0x1a8 ./Middlewares/FreeRTOS/tasks.o

.debug_macro    0x0000000000000000    0x21f50
 .debug_macro   0x0000000000000000      0x222 ./Core/Src/freertos.o
 .debug_macro   0x0000000000000222      0xaa8 ./Core/Src/freertos.o
 .debug_macro   0x0000000000000cca      0x174 ./Core/Src/freertos.o
 .debug_macro   0x0000000000000e3e       0x22 ./Core/Src/freertos.o
 .debug_macro   0x0000000000000e60       0x8e ./Core/Src/freertos.o
 .debug_macro   0x0000000000000eee       0x51 ./Core/Src/freertos.o
 .debug_macro   0x0000000000000f3f      0x103 ./Core/Src/freertos.o
 .debug_macro   0x0000000000001042       0x6a ./Core/Src/freertos.o
 .debug_macro   0x00000000000010ac      0x1df ./Core/Src/freertos.o
 .debug_macro   0x000000000000128b       0xea ./Core/Src/freertos.o
 .debug_macro   0x0000000000001375      0x15a ./Core/Src/freertos.o
 .debug_macro   0x00000000000014cf       0xde ./Core/Src/freertos.o
 .debug_macro   0x00000000000015ad       0x1c ./Core/Src/freertos.o
 .debug_macro   0x00000000000015c9       0x26 ./Core/Src/freertos.o
 .debug_macro   0x00000000000015ef      0x504 ./Core/Src/freertos.o
 .debug_macro   0x0000000000001af3       0xb5 ./Core/Src/freertos.o
 .debug_macro   0x0000000000001ba8       0xaa ./Core/Src/freertos.o
 .debug_macro   0x0000000000001c52      0x28f ./Core/Src/freertos.o
 .debug_macro   0x0000000000001ee1       0x2e ./Core/Src/freertos.o
 .debug_macro   0x0000000000001f0f       0x2f ./Core/Src/freertos.o
 .debug_macro   0x0000000000001f3e       0x1c ./Core/Src/freertos.o
 .debug_macro   0x0000000000001f5a       0x22 ./Core/Src/freertos.o
 .debug_macro   0x0000000000001f7c       0xdf ./Core/Src/freertos.o
 .debug_macro   0x000000000000205b     0x102d ./Core/Src/freertos.o
 .debug_macro   0x0000000000003088      0x11f ./Core/Src/freertos.o
 .debug_macro   0x00000000000031a7    0x15e3c ./Core/Src/freertos.o
 .debug_macro   0x0000000000018fe3       0x43 ./Core/Src/freertos.o
 .debug_macro   0x0000000000019026     0x3659 ./Core/Src/freertos.o
 .debug_macro   0x000000000001c67f       0x5c ./Core/Src/freertos.o
 .debug_macro   0x000000000001c6db      0x96b ./Core/Src/freertos.o
 .debug_macro   0x000000000001d046      0x9fe ./Core/Src/freertos.o
 .debug_macro   0x000000000001da44      0x117 ./Core/Src/freertos.o
 .debug_macro   0x000000000001db5b      0x13e ./Core/Src/freertos.o
 .debug_macro   0x000000000001dc99       0x82 ./Core/Src/freertos.o
 .debug_macro   0x000000000001dd1b      0x174 ./Core/Src/freertos.o
 .debug_macro   0x000000000001de8f      0x287 ./Core/Src/freertos.o
 .debug_macro   0x000000000001e116       0x5f ./Core/Src/freertos.o
 .debug_macro   0x000000000001e175      0x236 ./Core/Src/freertos.o
 .debug_macro   0x000000000001e3ab      0x12c ./Core/Src/freertos.o
 .debug_macro   0x000000000001e4d7      0x21e ./Core/Src/freertos.o
 .debug_macro   0x000000000001e6f5       0x2e ./Core/Src/freertos.o
 .debug_macro   0x000000000001e723      0x11a ./Core/Src/freertos.o
 .debug_macro   0x000000000001e83d       0x7e ./Core/Src/freertos.o
 .debug_macro   0x000000000001e8bb       0x89 ./Core/Src/freertos.o
 .debug_macro   0x000000000001e944      0x12d ./Core/Src/freertos.o
 .debug_macro   0x000000000001ea71      0x26d ./Core/Src/main.o
 .debug_macro   0x000000000001ecde       0xea ./Core/Src/main.o
 .debug_macro   0x000000000001edc8       0x91 ./Core/Src/main.o
 .debug_macro   0x000000000001ee59       0x8d ./Core/Src/main.o
 .debug_macro   0x000000000001eee6       0x7e ./Core/Src/main.o
 .debug_macro   0x000000000001ef64       0x19 ./Core/Src/main.o
 .debug_macro   0x000000000001ef7d       0xf2 ./Core/Src/main.o
 .debug_macro   0x000000000001f06f      0x1ba ./Core/Src/stm32f4xx_hal_msp.o
 .debug_macro   0x000000000001f229      0x22c ./Core/Src/stm32f4xx_it.o
 .debug_macro   0x000000000001f455      0x24c ./Core/Src/syscalls.o
 .debug_macro   0x000000000001f6a1       0x4c ./Core/Src/syscalls.o
 .debug_macro   0x000000000001f6ed       0x18 ./Core/Src/syscalls.o
 .debug_macro   0x000000000001f705       0x94 ./Core/Src/syscalls.o
 .debug_macro   0x000000000001f799       0x3c ./Core/Src/syscalls.o
 .debug_macro   0x000000000001f7d5       0x34 ./Core/Src/syscalls.o
 .debug_macro   0x000000000001f809       0x57 ./Core/Src/syscalls.o
 .debug_macro   0x000000000001f860      0x339 ./Core/Src/syscalls.o
 .debug_macro   0x000000000001fb99       0x16 ./Core/Src/syscalls.o
 .debug_macro   0x000000000001fbaf       0x43 ./Core/Src/syscalls.o
 .debug_macro   0x000000000001fbf2       0x34 ./Core/Src/syscalls.o
 .debug_macro   0x000000000001fc26       0x10 ./Core/Src/syscalls.o
 .debug_macro   0x000000000001fc36       0x58 ./Core/Src/syscalls.o
 .debug_macro   0x000000000001fc8e       0x71 ./Core/Src/syscalls.o
 .debug_macro   0x000000000001fcff       0x1c ./Core/Src/syscalls.o
 .debug_macro   0x000000000001fd1b      0x12a ./Core/Src/syscalls.o
 .debug_macro   0x000000000001fe45       0x10 ./Core/Src/syscalls.o
 .debug_macro   0x000000000001fe55       0x35 ./Core/Src/syscalls.o
 .debug_macro   0x000000000001fe8a       0x10 ./Core/Src/syscalls.o
 .debug_macro   0x000000000001fe9a       0x10 ./Core/Src/syscalls.o
 .debug_macro   0x000000000001feaa       0x10 ./Core/Src/syscalls.o
 .debug_macro   0x000000000001feba       0x1c ./Core/Src/syscalls.o
 .debug_macro   0x000000000001fed6       0x52 ./Core/Src/syscalls.o
 .debug_macro   0x000000000001ff28       0x22 ./Core/Src/syscalls.o
 .debug_macro   0x000000000001ff4a       0x10 ./Core/Src/syscalls.o
 .debug_macro   0x000000000001ff5a       0x40 ./Core/Src/syscalls.o
 .debug_macro   0x000000000001ff9a       0xd5 ./Core/Src/syscalls.o
 .debug_macro   0x000000000002006f       0x1c ./Core/Src/syscalls.o
 .debug_macro   0x000000000002008b       0x3d ./Core/Src/syscalls.o
 .debug_macro   0x00000000000200c8       0x35 ./Core/Src/syscalls.o
 .debug_macro   0x00000000000200fd      0x12c ./Core/Src/syscalls.o
 .debug_macro   0x0000000000020229       0x16 ./Core/Src/syscalls.o
 .debug_macro   0x000000000002023f       0x16 ./Core/Src/syscalls.o
 .debug_macro   0x0000000000020255       0x29 ./Core/Src/syscalls.o
 .debug_macro   0x000000000002027e       0x10 ./Core/Src/syscalls.o
 .debug_macro   0x000000000002028e      0x241 ./Core/Src/syscalls.o
 .debug_macro   0x00000000000204cf       0x1c ./Core/Src/syscalls.o
 .debug_macro   0x00000000000204eb       0x10 ./Core/Src/syscalls.o
 .debug_macro   0x00000000000204fb       0x10 ./Core/Src/syscalls.o
 .debug_macro   0x000000000002050b       0x16 ./Core/Src/syscalls.o
 .debug_macro   0x0000000000020521      0x145 ./Core/Src/syscalls.o
 .debug_macro   0x0000000000020666      0x189 ./Core/Src/syscalls.o
 .debug_macro   0x00000000000207ef       0x16 ./Core/Src/syscalls.o
 .debug_macro   0x0000000000020805       0xce ./Core/Src/syscalls.o
 .debug_macro   0x00000000000208d3       0xff ./Core/Src/sysmem.o
 .debug_macro   0x00000000000209d2      0x23b ./Core/Src/sysmem.o
 .debug_macro   0x0000000000020c0d      0x1b0 ./Core/Src/system_stm32f4xx.o
 .debug_macro   0x0000000000020dbd      0x210 ./Drivers/STM32F4xx_HAL_Driver/stm32f4xx_hal.o
 .debug_macro   0x0000000000020fcd      0x1b0 ./Drivers/STM32F4xx_HAL_Driver/stm32f4xx_hal_cortex.o
 .debug_macro   0x000000000002117d      0x1b6 ./Drivers/STM32F4xx_HAL_Driver/stm32f4xx_hal_gpio.o
 .debug_macro   0x0000000000021333      0x1d4 ./Drivers/STM32F4xx_HAL_Driver/stm32f4xx_hal_rcc.o
 .debug_macro   0x0000000000021507      0x1fe ./Middlewares/FreeRTOS/cmsis_os.o
 .debug_macro   0x0000000000021705       0x10 ./Middlewares/FreeRTOS/cmsis_os.o
 .debug_macro   0x0000000000021715       0x20 ./Middlewares/FreeRTOS/cmsis_os.o
 .debug_macro   0x0000000000021735       0xc7 ./Middlewares/FreeRTOS/cmsis_os.o
 .debug_macro   0x00000000000217fc      0x1ae ./Middlewares/FreeRTOS/heap_4.o
 .debug_macro   0x00000000000219aa      0x187 ./Middlewares/FreeRTOS/list.o
 .debug_macro   0x0000000000021b31      0x196 ./Middlewares/FreeRTOS/port.o
 .debug_macro   0x0000000000021cc7      0x279 ./Middlewares/FreeRTOS/tasks.o
 .debug_macro   0x0000000000021f40       0x10 ./Middlewares/FreeRTOS/tasks.o

.debug_line     0x0000000000000000     0xb111
 .debug_line    0x0000000000000000      0x8cc ./Core/Src/freertos.o
 .debug_line    0x00000000000008cc      0xabd ./Core/Src/main.o
 .debug_line    0x0000000000001389      0x75a ./Core/Src/stm32f4xx_hal_msp.o
 .debug_line    0x0000000000001ae3      0x976 ./Core/Src/stm32f4xx_it.o
 .debug_line    0x0000000000002459      0x7f3 ./Core/Src/syscalls.o
 .debug_line    0x0000000000002c4c      0x4e9 ./Core/Src/sysmem.o
 .debug_line    0x0000000000003135      0x7db ./Core/Src/system_stm32f4xx.o
 .debug_line    0x0000000000003910       0x88 ./Core/Startup/startup_stm32f407vetx.o
 .debug_line    0x0000000000003998      0xa7b ./Drivers/STM32F4xx_HAL_Driver/stm32f4xx_hal.o
 .debug_line    0x0000000000004413      0xd2a ./Drivers/STM32F4xx_HAL_Driver/stm32f4xx_hal_cortex.o
 .debug_line    0x000000000000513d      0xbf3 ./Drivers/STM32F4xx_HAL_Driver/stm32f4xx_hal_gpio.o
 .debug_line    0x0000000000005d30      0xdf5 ./Drivers/STM32F4xx_HAL_Driver/stm32f4xx_hal_rcc.o
 .debug_line    0x0000000000006b25     0x129d ./Middlewares/FreeRTOS/cmsis_os.o
 .debug_line    0x0000000000007dc2      0x9d4 ./Middlewares/FreeRTOS/heap_4.o
 .debug_line    0x0000000000008796      0x7aa ./Middlewares/FreeRTOS/list.o
 .debug_line    0x0000000000008f40      0x817 ./Middlewares/FreeRTOS/port.o
 .debug_line    0x0000000000009757     0x19ba ./Middlewares/FreeRTOS/tasks.o

.debug_str      0x0000000000000000    0xc99ca
 .debug_str     0x0000000000000000    0xbdf4e ./Core/Src/freertos.o
                                      0xbe204 (size before relaxing)
 .debug_str     0x00000000000bdf4e     0x26c2 ./Core/Src/main.o
                                      0xc0854 (size before relaxing)
 .debug_str     0x00000000000c0610      0x4fd ./Core/Src/stm32f4xx_hal_msp.o
                                      0xba8d8 (size before relaxing)
 .debug_str     0x00000000000c0b0d       0xa2 ./Core/Src/stm32f4xx_it.o
                                      0xbe154 (size before relaxing)
 .debug_str     0x00000000000c0baf     0x5616 ./Core/Src/syscalls.o
                                       0x8eac (size before relaxing)
 .debug_str     0x00000000000c61c5       0x6b ./Core/Src/sysmem.o
                                       0x627f (size before relaxing)
 .debug_str     0x00000000000c6230       0xaf ./Core/Src/system_stm32f4xx.o
                                      0xba45c (size before relaxing)
 .debug_str     0x00000000000c62df       0x36 ./Core/Startup/startup_stm32f407vetx.o
                                         0x50 (size before relaxing)
 .debug_str     0x00000000000c6315      0x5c2 ./Drivers/STM32F4xx_HAL_Driver/stm32f4xx_hal.o
                                      0xbaf78 (size before relaxing)
 .debug_str     0x00000000000c68d7      0x3c3 ./Drivers/STM32F4xx_HAL_Driver/stm32f4xx_hal_cortex.o
                                      0xbad67 (size before relaxing)
 .debug_str     0x00000000000c6c9a      0x199 ./Drivers/STM32F4xx_HAL_Driver/stm32f4xx_hal_gpio.o
                                      0xba63d (size before relaxing)
 .debug_str     0x00000000000c6e33      0x293 ./Drivers/STM32F4xx_HAL_Driver/stm32f4xx_hal_rcc.o
                                      0xba898 (size before relaxing)
 .debug_str     0x00000000000c70c6      0x952 ./Middlewares/FreeRTOS/cmsis_os.o
                                       0xe564 (size before relaxing)
 .debug_str     0x00000000000c7a18      0x3e4 ./Middlewares/FreeRTOS/heap_4.o
                                       0xb485 (size before relaxing)
 .debug_str     0x00000000000c7dfc      0x15c ./Middlewares/FreeRTOS/list.o
                                       0xab92 (size before relaxing)
 .debug_str     0x00000000000c7f58      0x86b ./Middlewares/FreeRTOS/port.o
                                       0x86d5 (size before relaxing)
 .debug_str     0x00000000000c87c3     0x1207 ./Middlewares/FreeRTOS/tasks.o
                                       0xcdfc (size before relaxing)

.comment        0x0000000000000000       0x53
 .comment       0x0000000000000000       0x53 ./Core/Src/freertos.o
                                         0x54 (size before relaxing)
 .comment       0x0000000000000053       0x54 ./Core/Src/main.o
 .comment       0x0000000000000053       0x54 ./Core/Src/stm32f4xx_hal_msp.o
 .comment       0x0000000000000053       0x54 ./Core/Src/stm32f4xx_it.o
 .comment       0x0000000000000053       0x54 ./Core/Src/syscalls.o
 .comment       0x0000000000000053       0x54 ./Core/Src/sysmem.o
 .comment       0x0000000000000053       0x54 ./Core/Src/system_stm32f4xx.o
 .comment       0x0000000000000053       0x54 ./Drivers/STM32F4xx_HAL_Driver/stm32f4xx_hal.o
 .comment       0x0000000000000053       0x54 ./Drivers/STM32F4xx_HAL_Driver/stm32f4xx_hal_cortex.o
 .comment       0x0000000000000053       0x54 ./Drivers/STM32F4xx_HAL_Driver/stm32f4xx_hal_gpio.o
 .comment       0x0000000000000053       0x54 ./Drivers/STM32F4xx_HAL_Driver/stm32f4xx_hal_rcc.o
 .comment       0x0000000000000053       0x54 ./Middlewares/FreeRTOS/cmsis_os.o
 .comment       0x0000000000000053       0x54 ./Middlewares/FreeRTOS/heap_4.o
 .comment       0x0000000000000053       0x54 ./Middlewares/FreeRTOS/list.o
 .comment       0x0000000000000053       0x54 ./Middlewares/FreeRTOS/port.o
 .comment       0x0000000000000053       0x54 ./Middlewares/FreeRTOS/tasks.o

.debug_frame    0x0000000000000000     0x2b00
 .debug_frame   0x0000000000000000       0x38 ./Core/Src/freertos.o
 .debug_frame   0x0000000000000038       0xf8 ./Core/Src/main.o
 .debug_frame   0x0000000000000130       0x34 ./Core/Src/stm32f4xx_hal_msp.o
 .debug_frame   0x0000000000000164       0xc4 ./Core/Src/stm32f4xx_it.o
 .debug_frame   0x0000000000000228      0x2ac ./Core/Src/syscalls.o
 .debug_frame   0x00000000000004d4       0x34 ./Core/Src/sysmem.o
 .debug_frame   0x0000000000000508       0x58 ./Core/Src/system_stm32f4xx.o
 .debug_frame   0x0000000000000560      0x374 ./Drivers/STM32F4xx_HAL_Driver/stm32f4xx_hal.o
 .debug_frame   0x00000000000008d4      0x498 ./Drivers/STM32F4xx_HAL_Driver/stm32f4xx_hal_cortex.o
 .debug_frame   0x0000000000000d6c      0x14c ./Drivers/STM32F4xx_HAL_Driver/stm32f4xx_hal_gpio.o
 .debug_frame   0x0000000000000eb8      0x1ec ./Drivers/STM32F4xx_HAL_Driver/stm32f4xx_hal_rcc.o
 .debug_frame   0x00000000000010a4      0x80c ./Middlewares/FreeRTOS/cmsis_os.o
 .debug_frame   0x00000000000018b0      0x12c ./Middlewares/FreeRTOS/heap_4.o
 .debug_frame   0x00000000000019dc       0xd8 ./Middlewares/FreeRTOS/list.o
 .debug_frame   0x0000000000001ab4      0x1a8 ./Middlewares/FreeRTOS/port.o
 .debug_frame   0x0000000000001c5c      0x77c ./Middlewares/FreeRTOS/tasks.o
 .debug_frame   0x00000000000023d8       0x20 d:/stm32cubeide_1.8.0/stm32cubeide/plugins/com.st.stm32cube.ide.mcu.externaltools.gnu-tools-for-stm32.9-2020-q2-update.win32_2.0.0.202105311346/tools/bin/../lib/gcc/arm-none-eabi/9.3.1/../../../../arm-none-eabi/lib/thumb/v7e-m+fp/hard\libc_nano.a(lib_a-errno.o)
 .debug_frame   0x00000000000023f8       0x2c d:/stm32cubeide_1.8.0/stm32cubeide/plugins/com.st.stm32cube.ide.mcu.externaltools.gnu-tools-for-stm32.9-2020-q2-update.win32_2.0.0.202105311346/tools/bin/../lib/gcc/arm-none-eabi/9.3.1/../../../../arm-none-eabi/lib/thumb/v7e-m+fp/hard\libc_nano.a(lib_a-init.o)
 .debug_frame   0x0000000000002424       0x20 d:/stm32cubeide_1.8.0/stm32cubeide/plugins/com.st.stm32cube.ide.mcu.externaltools.gnu-tools-for-stm32.9-2020-q2-update.win32_2.0.0.202105311346/tools/bin/../lib/gcc/arm-none-eabi/9.3.1/../../../../arm-none-eabi/lib/thumb/v7e-m+fp/hard\libc_nano.a(lib_a-memset.o)
 .debug_frame   0x0000000000002444       0x3c d:/stm32cubeide_1.8.0/stm32cubeide/plugins/com.st.stm32cube.ide.mcu.externaltools.gnu-tools-for-stm32.9-2020-q2-update.win32_2.0.0.202105311346/tools/bin/../lib/gcc/arm-none-eabi/9.3.1/../../../../arm-none-eabi/lib/thumb/v7e-m+fp/hard\libc_nano.a(lib_a-puts.o)
 .debug_frame   0x0000000000002480       0x40 d:/stm32cubeide_1.8.0/stm32cubeide/plugins/com.st.stm32cube.ide.mcu.externaltools.gnu-tools-for-stm32.9-2020-q2-update.win32_2.0.0.202105311346/tools/bin/../lib/gcc/arm-none-eabi/9.3.1/../../../../arm-none-eabi/lib/thumb/v7e-m+fp/hard\libc_nano.a(lib_a-wbuf.o)
 .debug_frame   0x00000000000024c0       0x2c d:/stm32cubeide_1.8.0/stm32cubeide/plugins/com.st.stm32cube.ide.mcu.externaltools.gnu-tools-for-stm32.9-2020-q2-update.win32_2.0.0.202105311346/tools/bin/../lib/gcc/arm-none-eabi/9.3.1/../../../../arm-none-eabi/lib/thumb/v7e-m+fp/hard\libc_nano.a(lib_a-wsetup.o)
 .debug_frame   0x00000000000024ec       0x5c d:/stm32cubeide_1.8.0/stm32cubeide/plugins/com.st.stm32cube.ide.mcu.externaltools.gnu-tools-for-stm32.9-2020-q2-update.win32_2.0.0.202105311346/tools/bin/../lib/gcc/arm-none-eabi/9.3.1/../../../../arm-none-eabi/lib/thumb/v7e-m+fp/hard\libc_nano.a(lib_a-fflush.o)
 .debug_frame   0x0000000000002548      0x14c d:/stm32cubeide_1.8.0/stm32cubeide/plugins/com.st.stm32cube.ide.mcu.externaltools.gnu-tools-for-stm32.9-2020-q2-update.win32_2.0.0.202105311346/tools/bin/../lib/gcc/arm-none-eabi/9.3.1/../../../../arm-none-eabi/lib/thumb/v7e-m+fp/hard\libc_nano.a(lib_a-findfp.o)
 .debug_frame   0x0000000000002694       0x54 d:/stm32cubeide_1.8.0/stm32cubeide/plugins/com.st.stm32cube.ide.mcu.externaltools.gnu-tools-for-stm32.9-2020-q2-update.win32_2.0.0.202105311346/tools/bin/../lib/gcc/arm-none-eabi/9.3.1/../../../../arm-none-eabi/lib/thumb/v7e-m+fp/hard\libc_nano.a(lib_a-fwalk.o)
 .debug_frame   0x00000000000026e8       0xb0 d:/stm32cubeide_1.8.0/stm32cubeide/plugins/com.st.stm32cube.ide.mcu.externaltools.gnu-tools-for-stm32.9-2020-q2-update.win32_2.0.0.202105311346/tools/bin/../lib/gcc/arm-none-eabi/9.3.1/../../../../arm-none-eabi/lib/thumb/v7e-m+fp/hard\libc_nano.a(lib_a-lock.o)
 .debug_frame   0x0000000000002798       0x58 d:/stm32cubeide_1.8.0/stm32cubeide/plugins/com.st.stm32cube.ide.mcu.externaltools.gnu-tools-for-stm32.9-2020-q2-update.win32_2.0.0.202105311346/tools/bin/../lib/gcc/arm-none-eabi/9.3.1/../../../../arm-none-eabi/lib/thumb/v7e-m+fp/hard\libc_nano.a(lib_a-makebuf.o)