Component: ARM Compiler 5.06 update 7 (build 960) Tool: armlink [4d3601]

==============================================================================

Section Cross References

    startup_stm32f407xx.o(STACK) refers (Special) to heapauxi.o(.text) for __use_two_region_memory
    startup_stm32f407xx.o(HEAP) refers (Special) to heapauxi.o(.text) for __use_two_region_memory
    startup_stm32f407xx.o(RESET) refers (Special) to heapauxi.o(.text) for __use_two_region_memory
    startup_stm32f407xx.o(RESET) refers to startup_stm32f407xx.o(STACK) for __initial_sp
    startup_stm32f407xx.o(RESET) refers to startup_stm32f407xx.o(.text) for Reset_Handler
    startup_stm32f407xx.o(RESET) refers to stm32f4xx_it.o(i.NMI_Handler) for NMI_Handler
    startup_stm32f407xx.o(RESET) refers to context_rvds.o(.text) for HardFault_Handler
    startup_stm32f407xx.o(RESET) refers to stm32f4xx_it.o(i.MemManage_Handler) for MemManage_Handler
    startup_stm32f407xx.o(RESET) refers to stm32f4xx_it.o(i.BusFault_Handler) for BusFault_Handler
    startup_stm32f407xx.o(RESET) refers to stm32f4xx_it.o(i.UsageFault_Handler) for UsageFault_Handler
    startup_stm32f407xx.o(RESET) refers to stm32f4xx_it.o(i.DebugMon_Handler) for DebugMon_Handler
    startup_stm32f407xx.o(RESET) refers to board.o(i.SysTick_Handler) for SysTick_Handler
    startup_stm32f407xx.o(RESET) refers to stm32f4xx_it.o(i.USART1_IRQHandler) for USART1_IRQHandler
    startup_stm32f407xx.o(.text) refers (Special) to heapauxi.o(.text) for __use_two_region_memory
    startup_stm32f407xx.o(.text) refers to system_stm32f4xx.o(i.SystemInit) for SystemInit
    startup_stm32f407xx.o(.text) refers to __main.o(!!!main) for __main
    startup_stm32f407xx.o(.text) refers to startup_stm32f407xx.o(HEAP) for Heap_Mem
    startup_stm32f407xx.o(.text) refers to startup_stm32f407xx.o(STACK) for Stack_Mem
    main.o(i.SystemClock_Config) refers to rt_memclr_w.o(.text) for __aeabi_memclr4
    main.o(i.SystemClock_Config) refers to stm32f4xx_hal_rcc.o(i.HAL_RCC_OscConfig) for HAL_RCC_OscConfig
    main.o(i.SystemClock_Config) refers to stm32f4xx_hal_rcc.o(i.HAL_RCC_ClockConfig) for HAL_RCC_ClockConfig
    main.o(i.beep_thread_entry) refers to stm32f4xx_hal_gpio.o(i.HAL_GPIO_TogglePin) for HAL_GPIO_TogglePin
    main.o(i.beep_thread_entry) refers to thread.o(i.rt_thread_mdelay) for rt_thread_mdelay
    main.o(i.led_thread_entry) refers to stm32f4xx_hal_gpio.o(i.HAL_GPIO_TogglePin) for HAL_GPIO_TogglePin
    main.o(i.led_thread_entry) refers to thread.o(i.rt_thread_mdelay) for rt_thread_mdelay
    main.o(i.main) refers to stm32f4xx_hal.o(i.HAL_Init) for HAL_Init
    main.o(i.main) refers to main.o(i.SystemClock_Config) for SystemClock_Config
    main.o(i.main) refers to gpio.o(i.MX_GPIO_Init) for MX_GPIO_Init
    main.o(i.main) refers to usart.o(i.MX_USART1_UART_Init) for MX_USART1_UART_Init
    main.o(i.main) refers to thread.o(i.rt_thread_create) for rt_thread_create
    main.o(i.main) refers to kservice.o(i.rt_assert_handler) for rt_assert_handler
    main.o(i.main) refers to thread.o(i.rt_thread_startup) for rt_thread_startup
    main.o(i.main) refers to main.o(i.led_thread_entry) for led_thread_entry
    main.o(i.main) refers to main.o(.data) for .data
    main.o(i.main) refers to main.o(.constdata) for .constdata
    main.o(i.main) refers to main.o(i.beep_thread_entry) for beep_thread_entry
    main.o(i.msh_led_ctrl) refers to kservice.o(i.rt_kprintf) for rt_kprintf
    main.o(i.msh_led_ctrl) refers to main.o(i.cag_atoi) for cag_atoi
    main.o(i.msh_led_ctrl) refers to stm32f4xx_hal_gpio.o(i.HAL_GPIO_WritePin) for HAL_GPIO_WritePin
    gpio.o(i.MX_GPIO_Init) refers to rt_memclr_w.o(.text) for __aeabi_memclr4
    gpio.o(i.MX_GPIO_Init) refers to stm32f4xx_hal_gpio.o(i.HAL_GPIO_WritePin) for HAL_GPIO_WritePin
    gpio.o(i.MX_GPIO_Init) refers to stm32f4xx_hal_gpio.o(i.HAL_GPIO_Init) for HAL_GPIO_Init
    usart.o(i.HAL_UART_MspDeInit) refers to stm32f4xx_hal_gpio.o(i.HAL_GPIO_DeInit) for HAL_GPIO_DeInit
    usart.o(i.HAL_UART_MspDeInit) refers to stm32f4xx_hal_cortex.o(i.HAL_NVIC_DisableIRQ) for HAL_NVIC_DisableIRQ
    usart.o(i.HAL_UART_MspInit) refers to rt_memclr_w.o(.text) for __aeabi_memclr4
    usart.o(i.HAL_UART_MspInit) refers to stm32f4xx_hal_gpio.o(i.HAL_GPIO_Init) for HAL_GPIO_Init
    usart.o(i.HAL_UART_MspInit) refers to stm32f4xx_hal_cortex.o(i.HAL_NVIC_SetPriority) for HAL_NVIC_SetPriority
    usart.o(i.HAL_UART_MspInit) refers to stm32f4xx_hal_cortex.o(i.HAL_NVIC_EnableIRQ) for HAL_NVIC_EnableIRQ
    usart.o(i.HAL_UART_MspInit) refers to usart.o(.bss) for .bss
    usart.o(i.MX_USART1_UART_Init) refers to stm32f4xx_hal_uart.o(i.HAL_UART_Init) for HAL_UART_Init
    usart.o(i.MX_USART1_UART_Init) refers to main.o(i.Error_Handler) for Error_Handler
    usart.o(i.MX_USART1_UART_Init) refers to usart.o(.bss) for .bss
    stm32f4xx_it.o(i.USART1_IRQHandler) refers to irq.o(i.rt_interrupt_enter) for rt_interrupt_enter
[...]
    I2C2_ER_IRQHandler                       0x080002ef   Thumb Code     0  startup_stm32f407xx.o(.text)
    I2C2_EV_IRQHandler                       0x080002ef   Thumb Code     0  startup_stm32f407xx.o(.text)
    I2C3_ER_IRQHandler                       0x080002ef   Thumb Code     0  startup_stm32f407xx.o(.text)
    I2C3_EV_IRQHandler                       0x080002ef   Thumb Code     0  startup_stm32f407xx.o(.text)
    OTG_FS_IRQHandler                        0x080002ef   Thumb Code     0  startup_stm32f407xx.o(.text)
    OTG_FS_WKUP_IRQHandler                   0x080002ef   Thumb Code     0  startup_stm32f407xx.o(.text)
    OTG_HS_EP1_IN_IRQHandler                 0x080002ef   Thumb Code     0  startup_stm32f407xx.o(.text)
    OTG_HS_EP1_OUT_IRQHandler                0x080002ef   Thumb Code     0  startup_stm32f407xx.o(.text)
    OTG_HS_IRQHandler                        0x080002ef   Thumb Code     0  startup_stm32f407xx.o(.text)
    OTG_HS_WKUP_IRQHandler                   0x080002ef   Thumb Code     0  startup_stm32f407xx.o(.text)
    PVD_IRQHandler                           0x080002ef   Thumb Code     0  startup_stm32f407xx.o(.text)
    RCC_IRQHandler                           0x080002ef   Thumb Code     0  startup_stm32f407xx.o(.text)
    RTC_Alarm_IRQHandler                     0x080002ef   Thumb Code     0  startup_stm32f407xx.o(.text)
    RTC_WKUP_IRQHandler                      0x080002ef   Thumb Code     0  startup_stm32f407xx.o(.text)
    SDIO_IRQHandler                          0x080002ef   Thumb Code     0  startup_stm32f407xx.o(.text)
    SPI1_IRQHandler                          0x080002ef   Thumb Code     0  startup_stm32f407xx.o(.text)
    SPI2_IRQHandler                          0x080002ef   Thumb Code     0  startup_stm32f407xx.o(.text)
    SPI3_IRQHandler                          0x080002ef   Thumb Code     0  startup_stm32f407xx.o(.text)
    TAMP_STAMP_IRQHandler                    0x080002ef   Thumb Code     0  startup_stm32f407xx.o(.text)
    TIM1_BRK_TIM9_IRQHandler                 0x080002ef   Thumb Code     0  startup_stm32f407xx.o(.text)
    TIM1_CC_IRQHandler                       0x080002ef   Thumb Code     0  startup_stm32f407xx.o(.text)
    TIM1_TRG_COM_TIM11_IRQHandler            0x080002ef   Thumb Code     0  startup_stm32f407xx.o(.text)
    TIM1_UP_TIM10_IRQHandler                 0x080002ef   Thumb Code     0  startup_stm32f407xx.o(.text)
    TIM2_IRQHandler                          0x080002ef   Thumb Code     0  startup_stm32f407xx.o(.text)
    TIM3_IRQHandler                          0x080002ef   Thumb Code     0  startup_stm32f407xx.o(.text)
    TIM4_IRQHandler                          0x080002ef   Thumb Code     0  startup_stm32f407xx.o(.text)
    TIM5_IRQHandler                          0x080002ef   Thumb Code     0  startup_stm32f407xx.o(.text)
    TIM6_DAC_IRQHandler                      0x080002ef   Thumb Code     0  startup_stm32f407xx.o(.text)
    TIM7_IRQHandler                          0x080002ef   Thumb Code     0  startup_stm32f407xx.o(.text)
    TIM8_BRK_TIM12_IRQHandler                0x080002ef   Thumb Code     0  startup_stm32f407xx.o(.text)
    TIM8_CC_IRQHandler                       0x080002ef   Thumb Code     0  startup_stm32f407xx.o(.text)
    TIM8_TRG_COM_TIM14_IRQHandler            0x080002ef   Thumb Code     0  startup_stm32f407xx.o(.text)
    TIM8_UP_TIM13_IRQHandler                 0x080002ef   Thumb Code     0  startup_stm32f407xx.o(.text)
    UART4_IRQHandler                         0x080002ef   Thumb Code     0  startup_stm32f407xx.o(.text)
    UART5_IRQHandler                         0x080002ef   Thumb Code     0  startup_stm32f407xx.o(.text)
    USART2_IRQHandler                        0x080002ef   Thumb Code     0  startup_stm32f407xx.o(.text)
    USART3_IRQHandler                        0x080002ef   Thumb Code     0  startup_stm32f407xx.o(.text)
    USART6_IRQHandler                        0x080002ef   Thumb Code     0  startup_stm32f407xx.o(.text)
    WWDG_IRQHandler                          0x080002ef   Thumb Code     0  startup_stm32f407xx.o(.text)
    __user_initial_stackheap                 0x080002f1   Thumb Code     0  startup_stm32f407xx.o(.text)
    rt_hw_interrupt_disable                  0x08000315   Thumb Code     8  context_rvds.o(.text)
    rt_hw_interrupt_enable                   0x0800031d   Thumb Code     6  context_rvds.o(.text)
    rt_hw_context_switch                     0x08000323   Thumb Code    32  context_rvds.o(.text)
    rt_hw_context_switch_interrupt           0x08000323   Thumb Code     0  context_rvds.o(.text)
    PendSV_Handler                           0x08000343   Thumb Code   108  context_rvds.o(.text)
    rt_hw_context_switch_to                  0x080003af   Thumb Code    68  context_rvds.o(.text)
    rt_hw_interrupt_thread_switch            0x080003f3   Thumb Code     2  context_rvds.o(.text)
    HardFault_Handler                        0x080003f5   Thumb Code    56  context_rvds.o(.text)
    __aeabi_uldivmod                         0x08000449   Thumb Code     0  lludivv7m.o(.text)
    _ll_udiv                                 0x08000449   Thumb Code   238  lludivv7m.o(.text)
    vsnprintf                                0x08000539   Thumb Code    48  vsnprintf.o(.text)
    strcpy                                   0x0800056d   Thumb Code    72  strcpy.o(.text)
    strlen                                   0x080005b5   Thumb Code    62  strlen.o(.text)
    strncmp                                  0x080005f3   Thumb Code   150  strncmp.o(.text)
    strcat                                   0x08000689   Thumb Code    24  strcat.o(.text)
    __aeabi_memcpy4                          0x080006a1   Thumb Code     0  rt_memcpy_w.o(.text)
    __aeabi_memcpy8                          0x080006a1   Thumb Code     0  rt_memcpy_w.o(.text)
    __rt_memcpy_w                            0x080006a1   Thumb Code   100  rt_memcpy_w.o(.text)
    _memcpy_lastbytes_aligned                0x080006e9   Thumb Code     0  rt_memcpy_w.o(.text)
    __aeabi_memclr                           0x08000705   Thumb Code     0  rt_memclr.o(.text)
    __rt_memclr                              0x08000705   Thumb Code    68  rt_memclr.o(.text)
    _memset                                  0x08000709   Thumb Code     0  rt_memclr.o(.text)
    __aeabi_memclr4                          0x08000749   Thumb Code     0  rt_memclr_w.o(.text)
    __aeabi_memclr8                          0x08000749   Thumb Code     0  rt_memclr_w.o(.text)
    __rt_memclr_w                            0x08000749   Thumb Code    78  rt_memclr_w.o(.text)
    _memset_w                                0x0800074d   Thumb Code     0  rt_memclr_w.o(.text)
    strncpy                                  0x08000797   Thumb Code    86  strncpy.o(.text)
    __use_two_region_memory                  0x080007ed   Thumb Code     2  heapauxi.o(.text)
    __rt_heap_escrow$2region                 0x080007ef   Thumb Code     2  heapauxi.o(.text)
    __rt_heap_expand$2region                 0x080007f1   Thumb Code     2  heapauxi.o(.text)
    _printf_pre_padding                      0x080007f3   Thumb Code    44  _printf_pad.o(.text)
    _printf_post_padding                     0x0800081f   Thumb Code    34  _printf_pad.o(.text)
    _printf_truncate_signed                  0x08000841   Thumb Code    18  _printf_truncate.o(.text)
    _printf_truncate_unsigned                0x08000853   Thumb Code    18  _printf_truncate.o(.text)
    _printf_str                              0x08000865   Thumb Code    82  _printf_str.o(.text)
    _printf_int_dec                          0x080008b9   Thumb Code   104  _printf_dec.o(.text)
    _printf_charcount                        0x08000931   Thumb Code    40  _printf_charcount.o(.text)
    _printf_char_common                      0x08000963   Thumb Code    32  _printf_char_common.o(.text)
    _sputc                                   0x08000989   Thumb Code    10  _sputc.o(.text)
    _snputc                                  0x08000993   Thumb Code    16  _snputc.o(.text)
    _printf_wctomb                           0x080009a5   Thumb Code   182  _printf_wctomb.o(.text)
    _printf_longlong_dec                     0x08000a61   Thumb Code   108  _printf_longlong_dec.o(.text)
    _printf_longlong_oct                     0x08000add   Thumb Code    66  _printf_oct_int_ll.o(.text)
    _printf_int_oct                          0x08000b1f   Thumb Code    24  _printf_oct_int_ll.o(.text)
    _printf_ll_oct                           0x08000b37   Thumb Code    12  _printf_oct_int_ll.o(.text)
    _printf_longlong_hex                     0x08000b4d   Thumb Code    86  _printf_hex_int_ll_ptr.o(.text)
    _printf_int_hex                          0x08000ba3   Thumb Code    28  _printf_hex_int_ll_ptr.o(.text)
    _printf_ll_hex                           0x08000bbf   Thumb Code    12  _printf_hex_int_ll_ptr.o(.text)
    _printf_hex_ptr                          0x08000bcb   Thumb Code    18  _printf_hex_int_ll_ptr.o(.text)
    __printf                                 0x08000be1   Thumb Code   388  __printf_flags_ss_wp.o(.text)
    _ll_udiv10                               0x08000d69   Thumb Code   138  lludiv10.o(.text)
    _printf_int_common                       0x08000df3   Thumb Code   178  _printf_intcommon.o(.text)
    __lib_sel_fp_printf                      0x08000ea5   Thumb Code     2  _printf_fp_dec.o(.text)
    _printf_fp_dec_real                      0x08001057   Thumb Code   620  _printf_fp_dec.o(.text)
    _printf_fp_hex_real                      0x080012c5   Thumb Code   756  _printf_fp_hex.o(.text)
    _printf_cs_common                        0x080015c1   Thumb Code    20  _printf_char.o(.text)
    _printf_char                             0x080015d5   Thumb Code    16  _printf_char.o(.text)
    _printf_string                           0x080015e5   Thumb Code     8  _printf_char.o(.text)
    _printf_lcs_common                       0x080015ed   Thumb Code    20  _printf_wchar.o(.text)
    _printf_wchar                            0x08001601   Thumb Code    16  _printf_wchar.o(.text)
    _printf_wstring                          0x08001611   Thumb Code     8  _printf_wchar.o(.text)
    _wcrtomb                                 0x08001619   Thumb Code    64  _wcrtomb.o(.text)
    __user_setup_stackheap                   0x08001659   Thumb Code    74  sys_stackheap_outer.o(.text)
    __rt_ctype_table                         0x080016a5   Thumb Code    16  rt_ctype_table.o(.text)
    __rt_locale                              0x080016b5   Thumb Code     8  rt_locale_intlibspace.o(.text)
    _printf_fp_infnan                        0x080016bd   Thumb Code   112  _printf_fp_infnan.o(.text)
    _btod_etento                             0x0800173d   Thumb Code   224  bigflt0.o(.text)
    exit                                     0x08001821   Thumb Code    18  exit.o(.text)
    __user_libspace                          0x08001835   Thumb Code     8  libspace.o(.text)
    __user_perproc_libspace                  0x08001835   Thumb Code     0  libspace.o(.text)
    __user_perthread_libspace                0x08001835   Thumb Code     0  libspace.o(.text)
    strcmp                                   0x0800183d   Thumb Code   128  strcmpv7m.o(.text)
    _sys_exit                                0x080018bd   Thumb Code     8  sys_exit.o(.text)
    __I$use$semihosting                      0x080018c9   Thumb Code     0  use_no_semi.o(.text)
    __use_no_semihosting_swi                 0x080018c9   Thumb Code     2  use_no_semi.o(.text)
    __semihosting_library_function           0x080018cb   Thumb Code     0  indicate_semi.o(.text)
    _btod_d2e                                0x080018cb   Thumb Code    62  btod.o(CL$$btod_d2e)
    _d2e_denorm_low                          0x08001909   Thumb Code    70  btod.o(CL$$btod_d2e_denorm_low)
    _d2e_norm_op1                            0x0800194f   Thumb Code    96  btod.o(CL$$btod_d2e_norm_op1)
    __btod_div_common                        0x080019af   Thumb Code   696  btod.o(CL$$btod_div_common)
    _e2e                                     0x08001ce7   Thumb Code   220  btod.o(CL$$btod_e2e)
    _btod_ediv                               0x08001dc3   Thumb Code    42  btod.o(CL$$btod_ediv)
    _btod_emul                               0x08001ded   Thumb Code    42  btod.o(CL$$btod_emul)
    __btod_mult_common                       0x08001e17   Thumb Code   580  btod.o(CL$$btod_mult_common)
    main                                     0x0800205b   Thumb Code    10  components.o(i.$Sub$$main)
    BusFault_Handler                         0x08002065   Thumb Code     2  stm32f4xx_it.o(i.BusFault_Handler)
    DebugMon_Handler                         0x08002067   Thumb Code     2  stm32f4xx_it.o(i.DebugMon_Handler)
    Error_Handler                            0x08002069   Thumb Code     4  main.o(i.Error_Handler)
    HAL_GPIO_Init                            0x0800206d   Thumb Code   450  stm32f4xx_hal_gpio.o(i.HAL_GPIO_Init)
    HAL_GPIO_TogglePin                       0x0800225d   Thumb Code    16  stm32f4xx_hal_gpio.o(i.HAL_GPIO_TogglePin)
    HAL_GPIO_WritePin                        0x0800226d   Thumb Code    10  stm32f4xx_hal_gpio.o(i.HAL_GPIO_WritePin)
    HAL_GetTick                              0x08002279   Thumb Code     6  stm32f4xx_hal.o(i.HAL_GetTick)
    HAL_Init                                 0x08002285   Thumb Code    48  stm32f4xx_hal.o(i.HAL_Init)
    HAL_InitTick                             0x080022b9   Thumb Code    54  stm32f4xx_hal.o(i.HAL_InitTick)
    HAL_MspInit                              0x080022f9   Thumb Code    42  stm32f4xx_hal_msp.o(i.HAL_MspInit)
    HAL_NVIC_EnableIRQ                       0x08002329   Thumb Code    26  stm32f4xx_hal_cortex.o(i.HAL_NVIC_EnableIRQ)
    HAL_NVIC_SetPriority                     0x08002345   Thumb Code    60  stm32f4xx_hal_cortex.o(i.HAL_NVIC_SetPriority)
    HAL_NVIC_SetPriorityGrouping             0x08002385   Thumb Code    26  stm32f4xx_hal_cortex.o(i.HAL_NVIC_SetPriorityGrouping)
    HAL_RCC_ClockConfig                      0x080023a9   Thumb Code   288  stm32f4xx_hal_rcc.o(i.HAL_RCC_ClockConfig)
    HAL_RCC_GetHCLKFreq                      0x080024dd   Thumb Code     6  stm32f4xx_hal_rcc.o(i.HAL_RCC_GetHCLKFreq)
    HAL_RCC_GetPCLK1Freq                     0x080024e9   Thumb Code    20  stm32f4xx_hal_rcc.o(i.HAL_RCC_GetPCLK1Freq)
    HAL_RCC_GetPCLK2Freq                     0x08002509   Thumb Code    20  stm32f4xx_hal_rcc.o(i.HAL_RCC_GetPCLK2Freq)
    HAL_RCC_GetSysClockFreq                  0x08002529   Thumb Code    88  stm32f4xx_hal_rcc.o(i.HAL_RCC_GetSysClockFreq)
    HAL_RCC_OscConfig                        0x08002589   Thumb Code   856  stm32f4xx_hal_rcc.o(i.HAL_RCC_OscConfig)
    HAL_SYSTICK_Config                       0x080028f5   Thumb Code    40  stm32f4xx_hal_cortex.o(i.HAL_SYSTICK_Config)
    HAL_UART_Init                            0x0800291d   Thumb Code    98  stm32f4xx_hal_uart.o(i.HAL_UART_Init)
    HAL_UART_MspInit                         0x08002981   Thumb Code   122  usart.o(i.HAL_UART_MspInit)
    HAL_UART_Transmit                        0x08002a0d   Thumb Code   178  stm32f4xx_hal_uart.o(i.HAL_UART_Transmit)
    MX_GPIO_Init                             0x08002ac1   Thumb Code   148  gpio.o(i.MX_GPIO_Init)
    MX_USART1_UART_Init                      0x08002b61   Thumb Code    48  usart.o(i.MX_USART1_UART_Init)
    MemManage_Handler                        0x08002b99   Thumb Code     2  stm32f4xx_it.o(i.MemManage_Handler)
    NMI_Handler                              0x08002b9b   Thumb Code     2  stm32f4xx_it.o(i.NMI_Handler)
    SysTick_Handler                          0x08002b9d   Thumb Code    18  board.o(i.SysTick_Handler)
    SystemClock_Config                       0x08002bb1   Thumb Code   138  main.o(i.SystemClock_Config)
    SystemCoreClockUpdate                    0x08002c45   Thumb Code   104  system_stm32f4xx.o(i.SystemCoreClockUpdate)
    SystemInit                               0x08002cbd   Thumb Code    12  system_stm32f4xx.o(i.SystemInit)
    USART1_IRQHandler                        0x08002e51   Thumb Code    86  stm32f4xx_it.o(i.USART1_IRQHandler)
    UsageFault_Handler                       0x08002eb9   Thumb Code     2  stm32f4xx_it.o(i.UsageFault_Handler)
    __ARM_fpclassify                         0x08002ebb   Thumb Code    48  fpclassify.o(i.__ARM_fpclassify)
    __rt_ffs                                 0x08002f0d   Thumb Code    64  kservice.o(i.__rt_ffs)
    _is_digit                                0x08002f51   Thumb Code    14  __printf_wp.o(i._is_digit)
    cmd_free                                 0x080032d9   Thumb Code    10  msh.o(i.cmd_free)
    cmd_ps                                   0x080032e3   Thumb Code    10  msh.o(i.cmd_ps)
    finsh_get_prompt                         0x080032ed   Thumb Code    66  shell.o(i.finsh_get_prompt)
    finsh_set_prompt_mode                    0x0800334d   Thumb Code    34  shell.o(i.finsh_set_prompt_mode)
    finsh_system_function_init               0x0800338d   Thumb Code     8  shell.o(i.finsh_system_function_init)
    finsh_system_init                        0x08003399   Thumb Code    90  shell.o(i.finsh_system_init)
    finsh_thread_entry                       0x0800342d   Thumb Code   612  shell.o(i.finsh_thread_entry)
    hello                                    0x0800376d   Thumb Code    12  cmd.o(i.hello)
    list                                     0x080037a9   Thumb Code    50  cmd.o(i.list)
    list_mem                                 0x08003899   Thumb Code    32  mem.o(i.list_mem)
    list_mempool                             0x08003905   Thumb Code   200  cmd.o(i.list_mempool)
    list_msgqueue                            0x08003a59   Thumb Code   188  cmd.o(i.list_msgqueue)
    list_mutex                               0x08003b81   Thumb Code   146  cmd.o(i.list_mutex)
    list_sem                                 0x08003c79   Thumb Code   188  cmd.o(i.list_sem)
    list_thread                              0x08003d95   Thumb Code   250  cmd.o(i.list_thread)
    list_timer                               0x08003f4d   Thumb Code   160  cmd.o(i.list_timer)
    $Super$$main                             0x0800408d   Thumb Code   102  main.o(i.main)
    main_thread_entry                        0x08004121   Thumb Code    14  components.o(i.main_thread_entry)
    msh_auto_complete                        0x08004209   Thumb Code   150  msh.o(i.msh_auto_complete)
    msh_exec                                 0x080042b5   Thumb Code    74  msh.o(i.msh_exec)
    msh_help                                 0x08004319   Thumb Code    58  msh.o(i.msh_help)
    msh_is_used                              0x08004391   Thumb Code     4  msh.o(i.msh_is_used)
    rt_application_init                      0x08004565   Thumb Code    48  components.o(i.rt_application_init)
    rt_assert_handler                        0x080045b5   Thumb Code    46  kservice.o(i.rt_assert_handler)
    rt_calloc                                0x08004621   Thumb Code    26  mem.o(i.rt_calloc)
    rt_components_board_init                 0x0800463d   Thumb Code    36  components.o(i.rt_components_board_init)
    rt_components_init                       0x08004685   Thumb Code    42  components.o(i.rt_components_init)
    rt_enter_critical                        0x080046f5   Thumb Code    22  scheduler.o(i.rt_enter_critical)
    rt_exit_critical                         0x08004711   Thumb Code    52  scheduler.o(i.rt_exit_critical)
    rt_free                                  0x08004749   Thumb Code   222  mem.o(i.rt_free)
    rt_heap_begin_get                        0x08004909   Thumb Code     4  board.o(i.rt_heap_begin_get)
    rt_heap_end_get                          0x08004911   Thumb Code     4  board.o(i.rt_heap_end_get)
    rt_hw_board_init                         0x08004919   Thumb Code    58  board.o(i.rt_hw_board_init)
    rt_hw_console_getchar                    0x08004955   Thumb Code    38  board.o(i.rt_hw_console_getchar)
    rt_hw_console_output                     0x08004985   Thumb Code    66  board.o(i.rt_hw_console_output)
    rt_hw_hard_fault_exception               0x080049cd   Thumb Code   198  cpuport.o(i.rt_hw_hard_fault_exception)
    rt_hw_stack_init                         0x08004be5   Thumb Code    54  cpuport.o(i.rt_hw_stack_init)
    rt_interrupt_enter                       0x08004c21   Thumb Code    22  irq.o(i.rt_interrupt_enter)
    rt_interrupt_get_nest                    0x08004c3d   Thumb Code    18  irq.o(i.rt_interrupt_get_nest)
    rt_interrupt_leave                       0x08004c55   Thumb Code    22  irq.o(i.rt_interrupt_leave)
    rt_kprintf                               0x08004cd5   Thumb Code    28  kservice.o(i.rt_kprintf)
    rt_malloc                                0x08004d75   Thumb Code   340  mem.o(i.rt_malloc)
    rt_memmove                               0x08004f61   Thumb Code    50  kservice.o(i.rt_memmove)
    rt_memset                                0x08004f93   Thumb Code    18  kservice.o(i.rt_memset)
    rt_object_allocate                       0x08004fa5   Thumb Code   134  object.o(i.rt_object_allocate)
    rt_object_delete                         0x08005075   Thumb Code    70  object.o(i.rt_object_delete)
    rt_object_detach                         0x08005101   Thumb Code    46  object.o(i.rt_object_detach)
    rt_object_get_information                0x08005149   Thumb Code    30  object.o(i.rt_object_get_information)
    rt_object_get_type                       0x0800516d   Thumb Code    26  object.o(i.rt_object_get_type)
    rt_object_init                           0x080051a1   Thumb Code   120  object.o(i.rt_object_init)
    rt_object_is_systemobject                0x08005245   Thumb Code    32  object.o(i.rt_object_is_systemobject)
    rt_ringbuffer_data_len                   0x0800527d   Thumb Code    58  ringbuffer.o(i.rt_ringbuffer_data_len)
    rt_ringbuffer_getchar                    0x080052b9   Thumb Code    82  ringbuffer.o(i.rt_ringbuffer_getchar)
    rt_ringbuffer_putchar                    0x08005321   Thumb Code    88  ringbuffer.o(i.rt_ringbuffer_putchar)
    rt_schedule                              0x0800538d   Thumb Code    84  scheduler.o(i.rt_schedule)
    rt_schedule_insert_thread                0x080053ed   Thumb Code    84  scheduler.o(i.rt_schedule_insert_thread)
    rt_schedule_remove_thread                0x08005461   Thumb Code    78  scheduler.o(i.rt_schedule_remove_thread)
    rt_sem_create                            0x080054d1   Thumb Code    94  ipc.o(i.rt_sem_create)
    rt_sem_init                              0x08005575   Thumb Code    68  ipc.o(i.rt_sem_init)
    rt_sem_release                           0x080055e1   Thumb Code   108  ipc.o(i.rt_sem_release)
    rt_sem_take                              0x08005665   Thumb Code   228  ipc.o(i.rt_sem_take)
    rt_show_version                          0x080057c5   Thumb Code    40  kservice.o(i.rt_show_version)
    rt_strlen                                0x08005875   Thumb Code    16  kservice.o(i.rt_strlen)
    rt_strncpy                               0x08005885   Thumb Code    38  kservice.o(i.rt_strncpy)
    rt_system_heap_init                      0x080058ad   Thumb Code   140  mem.o(i.rt_system_heap_init)
    rt_system_scheduler_init                 0x080059b5   Thumb Code    44  scheduler.o(i.rt_system_scheduler_init)
    rt_system_scheduler_start                0x080059e9   Thumb Code    32  scheduler.o(i.rt_system_scheduler_start)
    rt_system_timer_init                     0x08005a11   Thumb Code     8  timer.o(i.rt_system_timer_init)
    rt_system_timer_thread_init              0x08005a1d   Thumb Code     2  timer.o(i.rt_system_timer_thread_init)
    rt_thread_create                         0x08005a1f   Thumb Code    72  thread.o(i.rt_thread_create)
    rt_thread_exit                           0x08005a69   Thumb Code    82  thread.o(i.rt_thread_exit)
    rt_thread_idle_excute                    0x08005acd   Thumb Code   102  idle.o(i.rt_thread_idle_excute)
    rt_thread_idle_init                      0x08005b69   Thumb Code    40  idle.o(i.rt_thread_idle_init)
    rt_thread_init                           0x08005ba1   Thumb Code    80  thread.o(i.rt_thread_init)
    rt_thread_mdelay                         0x08005c21   Thumb Code    14  thread.o(i.rt_thread_mdelay)
    rt_thread_resume                         0x08005c31   Thumb Code    96  thread.o(i.rt_thread_resume)
    rt_thread_self                           0x08005cad   Thumb Code     6  thread.o(i.rt_thread_self)
    rt_thread_sleep                          0x08005cb9   Thumb Code    96  thread.o(i.rt_thread_sleep)
    rt_thread_startup                        0x08005d39   Thumb Code   100  thread.o(i.rt_thread_startup)
    rt_thread_suspend                        0x08005df5   Thumb Code   102  thread.o(i.rt_thread_suspend)
    rt_thread_timeout                        0x08005e79   Thumb Code    92  thread.o(i.rt_thread_timeout)
    rt_thread_yield                          0x08005f2d   Thumb Code    86  thread.o(i.rt_thread_yield)
    rt_tick_from_millisecond                 0x08005f8d   Thumb Code    50  clock.o(i.rt_tick_from_millisecond)
    rt_tick_get                              0x08005fc1   Thumb Code     6  clock.o(i.rt_tick_get)
    rt_tick_increase                         0x08005fcd   Thumb Code    38  clock.o(i.rt_tick_increase)
    rt_timer_check                           0x08005ff9   Thumb Code   136  timer.o(i.rt_timer_check)
    rt_timer_control                         0x08006085   Thumb Code   108  timer.o(i.rt_timer_control)
    rt_timer_detach                          0x08006145   Thumb Code    90  timer.o(i.rt_timer_detach)
    rt_timer_init                            0x08006221   Thumb Code    56  timer.o(i.rt_timer_init)
    rt_timer_start                           0x08006271   Thumb Code   180  timer.o(i.rt_timer_start)
    rt_timer_stop                            0x080063a1   Thumb Code    82  timer.o(i.rt_timer_stop)
    rtthread_startup                         0x08006459   Thumb Code    42  components.o(i.rtthread_startup)
    version                                  0x08006585   Thumb Code    10  cmd.o(i.version)
    _get_lc_numeric                          0x08006591   Thumb Code    44  lc_numeric_c.o(locale$$code)
    _get_lc_ctype                            0x080065bd   Thumb Code    44  lc_ctype_c.o(locale$$code)
    _fp_init                                 0x080065e9   Thumb Code    10  fpinit.o(x$fpl$fpinit)
    __fplib_config_fpu_vfp                   0x080065f1   Thumb Code     0  fpinit.o(x$fpl$fpinit)
    __fplib_config_pureend_doubles           0x080065f1   Thumb Code     0  fpinit.o(x$fpl$fpinit)
    _printf_fp_dec                           0x080065f3   Thumb Code     4  printf1.o(x$fpl$printf1)
    _printf_fp_hex                           0x080065f7   Thumb Code     4  printf2.o(x$fpl$printf2)
    __I$use$fp                               0x080065fa   Number         0  usenofp.o(x$fpl$usenofp)
    AHBPrescTable                            0x0800663e   Data          16  system_stm32f4xx.o(.constdata)
    APBPrescTable                            0x0800664e   Data           8  system_stm32f4xx.o(.constdata)
    __rti_rti_start_name                     0x08006656   Data          10  components.o(.constdata)
    __rti_rti_board_start_name               0x08006660   Data          16  components.o(.constdata)
    __rti_rti_board_end_name                 0x08006670   Data          14  components.o(.constdata)
    __rti_rti_end_name                       0x0800667e   Data           8  components.o(.constdata)
    __lowest_bit_bitmap                      0x080067e6   Data         256  kservice.o(.constdata)
    __rti_fish_dbg_init_name                 0x08006b2e   Data          14  board.o(.constdata)
    __rti_finsh_system_init_name             0x08006b58   Data          18  shell.o(.constdata)
    __fsym_list_mem_name                     0x08006e6c   Data           9  mem.o(.rodata.name)
    __fsym_list_mem_desc                     0x08006e75   Data          30  mem.o(.rodata.name)
    __fsym_hello_name                        0x08006e93   Data           6  cmd.o(.rodata.name)
    __fsym_hello_desc                        0x08006e99   Data          16  cmd.o(.rodata.name)
    __fsym_version_name                      0x08006ea9   Data           8  cmd.o(.rodata.name)
    __fsym_version_desc                      0x08006eb1   Data          35  cmd.o(.rodata.name)
    __fsym___cmd_version_name                0x08006ed4   Data          14  cmd.o(.rodata.name)
    __fsym___cmd_version_desc                0x08006ee2   Data          35  cmd.o(.rodata.name)
    __fsym_list_thread_name                  0x08006f05   Data          12  cmd.o(.rodata.name)
    __fsym_list_thread_desc                  0x08006f11   Data          12  cmd.o(.rodata.name)
    __fsym___cmd_list_thread_name            0x08006f1d   Data          18  cmd.o(.rodata.name)
    __fsym___cmd_list_thread_desc            0x08006f2f   Data          12  cmd.o(.rodata.name)
    __fsym_list_sem_name                     0x08006f3b   Data           9  cmd.o(.rodata.name)
    __fsym_list_sem_desc                     0x08006f44   Data          25  cmd.o(.rodata.name)
    __fsym___cmd_list_sem_name               0x08006f5d   Data          15  cmd.o(.rodata.name)
    __fsym___cmd_list_sem_desc               0x08006f6c   Data          25  cmd.o(.rodata.name)
    __fsym_list_mutex_name                   0x08006f85   Data          11  cmd.o(.rodata.name)
    __fsym_list_mutex_desc                   0x08006f90   Data          21  cmd.o(.rodata.name)
    __fsym___cmd_list_mutex_name             0x08006fa5   Data          17  cmd.o(.rodata.name)
    __fsym___cmd_list_mutex_desc             0x08006fb6   Data          21  cmd.o(.rodata.name)
    __fsym_list_msgqueue_name                0x08006fcb   Data          14  cmd.o(.rodata.name)
    __fsym_list_msgqueue_desc                0x08006fd9   Data          29  cmd.o(.rodata.name)
    __fsym___cmd_list_msgqueue_name          0x08006ff6   Data          20  cmd.o(.rodata.name)
    __fsym___cmd_list_msgqueue_desc          0x0800700a   Data          29  cmd.o(.rodata.name)
    __fsym_list_mempool_name                 0x08007027   Data          13  cmd.o(.rodata.name)
    __fsym_list_mempool_desc                 0x08007034   Data          27  cmd.o(.rodata.name)
    __fsym___cmd_list_mempool_name           0x0800704f   Data          19  cmd.o(.rodata.name)
    __fsym___cmd_list_mempool_desc           0x08007062   Data          27  cmd.o(.rodata.name)
    __fsym_list_timer_name                   0x0800707d   Data          11  cmd.o(.rodata.name)
    __fsym_list_timer_desc                   0x08007088   Data          21  cmd.o(.rodata.name)
    __fsym___cmd_list_timer_name             0x0800709d   Data          17  cmd.o(.rodata.name)
    __fsym___cmd_list_timer_desc             0x080070ae   Data          21  cmd.o(.rodata.name)
    __fsym_list_name                         0x080070c3   Data           5  cmd.o(.rodata.name)
    __fsym_list_desc                         0x080070c8   Data          26  cmd.o(.rodata.name)
    __fsym___cmd_help_name                   0x080070e2   Data          11  msh.o(.rodata.name)
    __fsym___cmd_help_desc                   0x080070ed   Data          22  msh.o(.rodata.name)
    __fsym___cmd_ps_name                     0x08007103   Data           9  msh.o(.rodata.name)
    __fsym___cmd_ps_desc                     0x0800710c   Data          28  msh.o(.rodata.name)
    __fsym___cmd_free_name                   0x08007128   Data          11  msh.o(.rodata.name)
    __fsym___cmd_free_desc                   0x08007133   Data          37  msh.o(.rodata.name)
    __rt_init_desc_rti_start                 0x08007158   Data           8  components.o(.rti_fn.0)
    __rt_init_desc_rti_board_start           0x08007160   Data           8  components.o(.rti_fn.0.end)
    __rt_init_desc_rti_board_end             0x08007168   Data           8  components.o(.rti_fn.1.end)
    __rt_init_desc_fish_dbg_init             0x08007170   Data           8  board.o(.rti_fn.6)
    __rt_init_desc_finsh_system_init         0x08007178   Data           8  shell.o(.rti_fn.6)
    __rt_init_desc_rti_end                   0x08007180   Data           8  components.o(.rti_fn.6.end)
    FSymTab$$Base                            0x08007188   Number         0  mem.o(FSymTab)
    __fsym_list_mem                          0x08007188   Data          12  mem.o(FSymTab)
    __fsym_hello                             0x08007194   Data          12  cmd.o(FSymTab)
    __fsym_version                           0x080071a0   Data          12  cmd.o(FSymTab)
    __fsym___cmd_version                     0x080071ac   Data          12  cmd.o(FSymTab)
    __fsym_list_thread                       0x080071b8   Data          12  cmd.o(FSymTab)
    __fsym___cmd_list_thread                 0x080071c4   Data          12  cmd.o(FSymTab)
    __fsym_list_sem                          0x080071d0   Data          12  cmd.o(FSymTab)
    __fsym___cmd_list_sem                    0x080071dc   Data          12  cmd.o(FSymTab)
    __fsym_list_mutex                        0x080071e8   Data          12  cmd.o(FSymTab)
    __fsym___cmd_list_mutex                  0x080071f4   Data          12  cmd.o(FSymTab)
    __fsym_list_msgqueue                     0x08007200   Data          12  cmd.o(FSymTab)
    __fsym___cmd_list_msgqueue               0x0800720c   Data          12  cmd.o(FSymTab)
    __fsym_list_mempool                      0x08007218   Data          12  cmd.o(FSymTab)
    __fsym___cmd_list_mempool                0x08007224   Data          12  cmd.o(FSymTab)
    __fsym_list_timer                        0x08007230   Data          12  cmd.o(FSymTab)
    __fsym___cmd_list_timer                  0x0800723c   Data          12  cmd.o(FSymTab)
    __fsym_list                              0x08007248   Data          12  cmd.o(FSymTab)
    __fsym___cmd_help                        0x08007254   Data          12  msh.o(FSymTab)
    __fsym___cmd_ps                          0x08007260   Data          12  msh.o(FSymTab)
    __fsym___cmd_free                        0x0800726c   Data          12  msh.o(FSymTab)
    FSymTab$$Limit                           0x08007278   Number         0  msh.o(FSymTab)
    Region$$Table$$Base                      0x08007278   Number         0  anon$$obj.o(Region$$Table)
    Region$$Table$$Limit                     0x08007298   Number         0  anon$$obj.o(Region$$Table)
    __ctype                                  0x080072c1   Data           0  lc_ctype_c.o(locale$$data)
    thread1                                  0x20000000   Data           4  main.o(.data)
    thread2                                  0x20000004   Data           4  main.o(.data)
    uwTickFreq                               0x20000008   Data           1  stm32f4xx_hal.o(.data)
    uwTickPrio                               0x2000000c   Data           4  stm32f4xx_hal.o(.data)
    uwTick                                   0x20000010   Data           4  stm32f4xx_hal.o(.data)
    SystemCoreClock                          0x20000014   Data           4  system_stm32f4xx.o(.data)
    rt_interrupt_nest                        0x2000001c   Data           1  irq.o(.data)
    rt_assert_hook                           0x20000024   Data           4  kservice.o(.data)
    rt_current_priority                      0x200000a0   Data           1  scheduler.o(.data)
    rt_current_thread                        0x200000a4   Data           4  scheduler.o(.data)
    rt_thread_ready_priority_group           0x200000a8   Data           4  scheduler.o(.data)
    rt_thread_defunct                        0x200000ac   Data           8  scheduler.o(.data)
    rt_interrupt_from_thread                 0x200000c4   Data           4  cpuport.o(.data)
    rt_interrupt_to_thread                   0x200000c8   Data           4  cpuport.o(.data)
    rt_thread_switch_interrupt_flag          0x200000cc   Data           4  cpuport.o(.data)
    sem_t                                    0x200000d0   Data           4  board.o(.data)
    _syscall_table_begin                     0x200000d4   Data           4  shell.o(.data)
    _syscall_table_end                       0x200000d8   Data           4  shell.o(.data)
    _sysvar_table_begin                      0x200000dc   Data           4  shell.o(.data)
    _sysvar_table_end                        0x200000e0   Data           4  shell.o(.data)
    shell                                    0x200000e8   Data           4  shell.o(.data)
    huart1                                   0x200000ec   Data          68  usart.o(.bss)
    uart_rxcb                                0x20000130   Data          12  ringbuffer.o(.bss)
    rt_thread_priority_table                 0x20000354   Data         256  scheduler.o(.bss)
    __libspace_start                         0x200040d8   Data          96  libspace.o(.bss)
    __temporary_stack_top$libspace           0x20004138   Data           0  libspace.o(.bss)



==============================================================================

Memory Map of the image

  Image Entry point : 0x08000189

  Load Region LR_IROM1 (Base: 0x08000000, Size: 0x000074b0, Max: 0x00080000, ABSOLUTE)

    Execution Region ER_IROM1 (Exec base: 0x08000000, Load base: 0x08000000, Size: 0x000073c4, Max: 0x00080000, ABSOLUTE)

    Exec Addr    Load Addr    Size         Type   Attr      Idx    E Section Name        Object

    0x08000000   0x08000000   0x00000188   Data   RO            3    RESET               startup_stm32f407xx.o
    0x08000188   0x08000188   0x00000008   Code   RO         3467  * !!!main             c_w.l(__main.o)
    0x08000190   0x08000190   0x00000034   Code   RO         3802    !!!scatter          c_w.l(__scatter.o)
    0x080001c4   0x080001c4   0x0000001a   Code   RO         3804    !!handler_copy      c_w.l(__scatter_copy.o)
    0x080001de   0x080001de   0x00000002   PAD
    0x080001e0   0x080001e0   0x0000001c   Code   RO         3806    !!handler_zi        c_w.l(__scatter_zi.o)
    0x080001fc   0x080001fc   0x00000000   Code   RO         3557    .ARM.Collect$$_printf_percent$$00000000  c_w.l(_printf_percent.o)
    0x080001fc   0x080001fc   0x00000006   Code   RO         3546    .ARM.Collect$$_printf_percent$$00000001  c_w.l(_printf_n.o)
    0x08000202   0x08000202   0x00000006   Code   RO         3548    .ARM.Collect$$_printf_percent$$00000002  c_w.l(_printf_p.o)
    0x08000208   0x08000208   0x00000006   Code   RO         3553    .ARM.Collect$$_printf_percent$$00000003  c_w.l(_printf_f.o)
    0x0800020e   0x0800020e   0x00000006   Code   RO         3554    .ARM.Collect$$_printf_percent$$00000004  c_w.l(_printf_e.o)
    0x08000214   0x08000214   0x00000006   Code   RO         3555    .ARM.Collect$$_printf_percent$$00000005  c_w.l(_printf_g.o)
    0x0800021a   0x0800021a   0x00000006   Code   RO         3556    .ARM.Collect$$_printf_percent$$00000006  c_w.l(_printf_a.o)
    0x08000220   0x08000220   0x0000000a   Code   RO         3561    .ARM.Collect$$_printf_percent$$00000007  c_w.l(_printf_ll.o)
    0x0800022a   0x0800022a   0x00000006   Code   RO         3550    .ARM.Collect$$_printf_percent$$00000008  c_w.l(_printf_i.o)
    0x08000230   0x08000230   0x00000006   Code   RO         3551    .ARM.Collect$$_printf_percent$$00000009  c_w.l(_printf_d.o)
    0x08000236   0x08000236   0x00000006   Code   RO         3552    .ARM.Collect$$_printf_percent$$0000000A  c_w.l(_printf_u.o)
    0x0800023c   0x0800023c   0x00000006   Code   RO         3549    .ARM.Collect$$_printf_percent$$0000000B  c_w.l(_printf_o.o)
    0x08000242   0x08000242   0x00000006   Code   RO         3547    .ARM.Collect$$_printf_percent$$0000000C  c_w.l(_printf_x.o)
    0x08000248   0x08000248   0x00000006   Code   RO         3558    .ARM.Collect$$_printf_percent$$0000000D  c_w.l(_printf_lli.o)
    0x0800024e   0x0800024e   0x00000006   Code   RO         3559    .ARM.Collect$$_printf_percent$$0000000E  c_w.l(_printf_lld.o)
    0x08000254   0x08000254   0x00000006   Code   RO         3560    .ARM.Collect$$_printf_percent$$0000000F  c_w.l(_printf_llu.o)
    0x0800025a   0x0800025a   0x00000006   Code   RO         3565    .ARM.Collect$$_printf_percent$$00000010  c_w.l(_printf_llo.o)
    0x08000260   0x08000260   0x00000006   Code   RO         3566    .ARM.Collect$$_printf_percent$$00000011  c_w.l(_printf_llx.o)
    0x08000266   0x08000266   0x0000000a   Code   RO         3562    .ARM.Collect$$_printf_percent$$00000012  c_w.l(_printf_l.o)
    0x08000270   0x08000270   0x00000006   Code   RO         3544    .ARM.Collect$$_printf_percent$$00000013  c_w.l(_printf_c.o)
    0x08000276   0x08000276   0x00000006   Code   RO         3545    .ARM.Collect$$_printf_percent$$00000014  c_w.l(_printf_s.o)
    0x0800027c   0x0800027c   0x00000006   Code   RO         3563    .ARM.Collect$$_printf_percent$$00000015  c_w.l(_printf_lc.o)
    0x08000282   0x08000282   0x00000006   Code   RO         3564    .ARM.Collect$$_printf_percent$$00000016  c_w.l(_printf_ls.o)
    0x08000288   0x08000288   0x00000004   Code   RO         3607    .ARM.Collect$$_printf_percent$$00000017  c_w.l(_printf_percent_end.o)
    0x0800028c   0x0800028c   0x00000002   Code   RO         3660    .ARM.Collect$$libinit$$00000000  c_w.l(libinit.o)
    0x0800028e   0x0800028e   0x00000004   Code   RO         3682    .ARM.Collect$$libinit$$00000001  c_w.l(libinit2.o)
    0x08000292   0x08000292   0x00000000   Code   RO         3685    .ARM.Collect$$libinit$$00000004  c_w.l(libinit2.o)
    0x08000292   0x08000292   0x00000000   Code   RO         3688    .ARM.Collect$$libinit$$0000000A  c_w.l(libinit2.o)
    0x08000292   0x08000292   0x00000000   Code   RO         3690    .ARM.Collect$$libinit$$0000000C  c_w.l(libinit2.o)
    0x08000292   0x08000292   0x00000000   Code   RO         3692    .ARM.Collect$$libinit$$0000000E  c_w.l(libinit2.o)
    0x08000292   0x08000292   0x00000006   Code   RO         3693    .ARM.Collect$$libinit$$0000000F  c_w.l(libinit2.o)
    0x08000298   0x08000298   0x00000000   Code   RO         3695    .ARM.Collect$$libinit$$00000011  c_w.l(libinit2.o)
    0x08000298   0x08000298   0x0000000c   Code   RO         3696    .ARM.Collect$$libinit$$00000012  c_w.l(libinit2.o)
    0x080002a4   0x080002a4   0x00000000   Code   RO         3697    .ARM.Collect$$libinit$$00000013  c_w.l(libinit2.o)
    0x080002a4   0x080002a4   0x00000000   Code   RO         3699    .ARM.Collect$$libinit$$00000015  c_w.l(libinit2.o)
    0x080002a4   0x080002a4   0x0000000a   Code   RO         3700    .ARM.Collect$$libinit$$00000016  c_w.l(libinit2.o)
    0x080002ae   0x080002ae   0x00000000   Code   RO         3701    .ARM.Collect$$libinit$$00000017  c_w.l(libinit2.o)
    0x080002ae   0x080002ae   0x00000000   Code   RO         3703    .ARM.Collect$$libinit$$00000019  c_w.l(libinit2.o)
    0x080002ae   0x080002ae   0x00000000   Code   RO         3705    .ARM.Collect$$libinit$$0000001B  c_w.l(libinit2.o)
    0x080002ae   0x080002ae   0x00000000   Code   RO         3707    .ARM.Collect$$libinit$$0000001D  c_w.l(libinit2.o)
    0x080002ae   0x080002ae   0x00000000   Code   RO         3709    .ARM.Collect$$libinit$$0000001F  c_w.l(libinit2.o)
    0x080002ae   0x080002ae   0x00000000   Code   RO         3711    .ARM.Collect$$libinit$$00000021  c_w.l(libinit2.o)
    0x080002ae   0x080002ae   0x00000000   Code   RO         3713    .ARM.Collect$$libinit$$00000023  c_w.l(libinit2.o)
    0x080002ae   0x080002ae   0x00000000   Code   RO         3715    .ARM.Collect$$libinit$$00000025  c_w.l(libinit2.o)
    0x080002ae   0x080002ae   0x00000000   Code   RO         3719    .ARM.Collect$$libinit$$0000002C  c_w.l(libinit2.o)
    0x080002ae   0x080002ae   0x00000000   Code   RO         3721    .ARM.Collect$$libinit$$0000002E  c_w.l(libinit2.o)
    0x080002ae   0x080002ae   0x00000000   Code   RO         3723    .ARM.Collect$$libinit$$00000030  c_w.l(libinit2.o)
    0x080002ae   0x080002ae   0x00000000   Code   RO         3725    .ARM.Collect$$libinit$$00000032  c_w.l(libinit2.o)
    0x080002ae   0x080002ae   0x00000002   Code   RO         3726    .ARM.Collect$$libinit$$00000033  c_w.l(libinit2.o)
    0x080002b0   0x080002b0   0x00000002   Code   RO         3757    .ARM.Collect$$libshutdown$$00000000  c_w.l(libshutdown.o)
    0x080002b2   0x080002b2   0x00000000   Code   RO         3783    .ARM.Collect$$libshutdown$$00000002  c_w.l(libshutdown2.o)
    0x080002b2   0x080002b2   0x00000000   Code   RO         3785    .ARM.Collect$$libshutdown$$00000004  c_w.l(libshutdown2.o)
    0x080002b2   0x080002b2   0x00000000   Code   RO         3787    .ARM.Collect$$libshutdown$$00000006  c_w.l(libshutdown2.o)
    0x080002b2   0x080002b2   0x00000000   Code   RO         3790    .ARM.Collect$$libshutdown$$00000009  c_w.l(libshutdown2.o)
    0x080002b2   0x080002b2   0x00000000   Code   RO         3793    .ARM.Collect$$libshutdown$$0000000C  c_w.l(libshutdown2.o)
    0x080002b2   0x080002b2   0x00000000   Code   RO         3795    .ARM.Collect$$libshutdown$$0000000E  c_w.l(libshutdown2.o)
    0x080002b2   0x080002b2   0x00000000   Code   RO         3798    .ARM.Collect$$libshutdown$$00000011  c_w.l(libshutdown2.o)
    0x080002b2   0x080002b2   0x00000002   Code   RO         3799    .ARM.Collect$$libshutdown$$00000012  c_w.l(libshutdown2.o)
    0x080002b4   0x080002b4   0x00000000   Code   RO         3469    .ARM.Collect$$rtentry$$00000000  c_w.l(__rtentry.o)
    0x080002b4   0x080002b4   0x00000000   Code   RO         3576    .ARM.Collect$$rtentry$$00000002  c_w.l(__rtentry2.o)
    0x080002b4   0x080002b4   0x00000006   Code   RO         3588    .ARM.Collect$$rtentry$$00000004  c_w.l(__rtentry4.o)
    0x080002ba   0x080002ba   0x00000000   Code   RO         3578    .ARM.Collect$$rtentry$$00000009  c_w.l(__rtentry2.o)
    0x080002ba   0x080002ba   0x00000004   Code   RO         3579    .ARM.Collect$$rtentry$$0000000A  c_w.l(__rtentry2.o)
    0x080002be   0x080002be   0x00000000   Code   RO         3581    .ARM.Collect$$rtentry$$0000000C  c_w.l(__rtentry2.o)
    0x080002be   0x080002be   0x00000008   Code   RO         3582    .ARM.Collect$$rtentry$$0000000D  c_w.l(__rtentry2.o)
    0x080002c6   0x080002c6   0x00000002   Code   RO         3669    .ARM.Collect$$rtexit$$00000000  c_w.l(rtexit.o)
    0x080002c8   0x080002c8   0x00000000   Code   RO         3730    .ARM.Collect$$rtexit$$00000002  c_w.l(rtexit2.o)
    0x080002c8   0x080002c8   0x00000004   Code   RO         3731    .ARM.Collect$$rtexit$$00000003  c_w.l(rtexit2.o)
    0x080002cc   0x080002cc   0x00000006   Code   RO         3732    .ARM.Collect$$rtexit$$00000004  c_w.l(rtexit2.o)
    0x080002d2   0x080002d2   0x00000002   PAD
    0x080002d4   0x080002d4   0x00000040   Code   RO            4    .text               startup_stm32f407xx.o
    0x08000314   0x08000314   0x00000134   Code   RO         1952    .text               context_rvds.o
    0x08000448   0x08000448   0x000000ee   Code   RO         3445    .text               c_w.l(lludivv7m.o)
    0x08000536   0x08000536   0x00000002   PAD
    0x08000538   0x08000538   0x00000034   Code   RO         3447    .text               c_w.l(vsnprintf.o)
    0x0800056c   0x0800056c   0x00000048   Code   RO         3449    .text               c_w.l(strcpy.o)
    0x080005b4   0x080005b4   0x0000003e   Code   RO         3451    .text               c_w.l(strlen.o)
    0x080005f2   0x080005f2   0x00000096   Code   RO         3453    .text               c_w.l(strncmp.o)
    0x08000688   0x08000688   0x00000018   Code   RO         3455    .text               c_w.l(strcat.o)
    0x080006a0   0x080006a0   0x00000064   Code   RO         3457    .text               c_w.l(rt_memcpy_w.o)
    0x08000704   0x08000704   0x00000044   Code   RO         3459    .text               c_w.l(rt_memclr.o)
    0x08000748   0x08000748   0x0000004e   Code   RO         3461    .text               c_w.l(rt_memclr_w.o)
    0x08000796   0x08000796   0x00000056   Code   RO         3463    .text               c_w.l(strncpy.o)
    0x080007ec   0x080007ec   0x00000006   Code   RO         3465    .text               c_w.l(heapauxi.o)
    0x080007f2   0x080007f2   0x0000004e   Code   RO         3476    .text               c_w.l(_printf_pad.o)
    0x08000840   0x08000840   0x00000024   Code   RO         3478    .text               c_w.l(_printf_truncate.o)
    0x08000864   0x08000864   0x00000052   Code   RO         3480    .text               c_w.l(_printf_str.o)
    0x080008b6   0x080008b6   0x00000002   PAD
    0x080008b8   0x080008b8   0x00000078   Code   RO         3482    .text               c_w.l(_printf_dec.o)
    0x08000930   0x08000930   0x00000028   Code   RO         3484    .text               c_w.l(_printf_charcount.o)
    0x08000958   0x08000958   0x00000030   Code   RO         3486    .text               c_w.l(_printf_char_common.o)
    0x08000988   0x08000988   0x0000000a   Code   RO         3488    .text               c_w.l(_sputc.o)
    0x08000992   0x08000992   0x00000010   Code   RO         3490    .text               c_w.l(_snputc.o)
    0x080009a2   0x080009a2   0x00000002   PAD
    0x080009a4   0x080009a4   0x000000bc   Code   RO         3492    .text               c_w.l(_printf_wctomb.o)
    0x08000a60   0x08000a60   0x0000007c   Code   RO         3495    .text               c_w.l(_printf_longlong_dec.o)
    0x08000adc   0x08000adc   0x00000070   Code   RO         3501    .text               c_w.l(_printf_oct_int_ll.o)
    0x08000b4c   0x08000b4c   0x00000094   Code   RO         3521    .text               c_w.l(_printf_hex_int_ll_ptr.o)
    0x08000be0   0x08000be0   0x00000188   Code   RO         3541    .text               c_w.l(__printf_flags_ss_wp.o)
    0x08000d68   0x08000d68   0x0000008a   Code   RO         3592    .text               c_w.l(lludiv10.o)
    0x08000df2   0x08000df2   0x000000b2   Code   RO         3594    .text               c_w.l(_printf_intcommon.o)
    0x08000ea4   0x08000ea4   0x0000041e   Code   RO         3596    .text               c_w.l(_printf_fp_dec.o)
    0x080012c2   0x080012c2   0x00000002   PAD
    0x080012c4   0x080012c4   0x000002fc   Code   RO         3598    .text               c_w.l(_printf_fp_hex.o)
    0x080015c0   0x080015c0   0x0000002c   Code   RO         3603    .text               c_w.l(_printf_char.o)
    0x080015ec   0x080015ec   0x0000002c   Code   RO         3605    .text               c_w.l(_printf_wchar.o)
    0x08001618   0x08001618   0x00000040   Code   RO         3608    .text               c_w.l(_wcrtomb.o)
    0x08001658   0x08001658   0x0000004a   Code   RO         3610    .text               c_w.l(sys_stackheap_outer.o)
    0x080016a2   0x080016a2   0x00000002   PAD
    0x080016a4   0x080016a4   0x00000010   Code   RO         3612    .text               c_w.l(rt_ctype_table.o)
    0x080016b4   0x080016b4   0x00000008   Code   RO         3617    .text               c_w.l(rt_locale_intlibspace.o)
    0x080016bc   0x080016bc   0x00000080   Code   RO         3619    .text               c_w.l(_printf_fp_infnan.o)
    0x0800173c   0x0800173c   0x000000e4   Code   RO         3621    .text               c_w.l(bigflt0.o)
    0x08001820   0x08001820   0x00000012   Code   RO         3649    .text               c_w.l(exit.o)
    0x08001832   0x08001832   0x00000002   PAD
    0x08001834   0x08001834   0x00000008   Code   RO         3666    .text               c_w.l(libspace.o)
    0x0800183c   0x0800183c   0x00000080   Code   RO         3680    .text               c_w.l(strcmpv7m.o)
    0x080018bc   0x080018bc   0x0000000c   Code   RO         3727    .text               c_w.l(sys_exit.o)
    0x080018c8   0x080018c8   0x00000002   Code   RO         3746    .text               c_w.l(use_no_semi.o)
    0x080018ca   0x080018ca   0x00000000   Code   RO         3748    .text               c_w.l(indicate_semi.o)
    0x080018ca   0x080018ca   0x0000003e   Code   RO         3624    CL$$btod_d2e        c_w.l(btod.o)
    0x08001908   0x08001908   0x00000046   Code   RO         3626    CL$$btod_d2e_denorm_low  c_w.l(btod.o)
    0x0800194e   0x0800194e   0x00000060   Code   RO         3625    CL$$btod_d2e_norm_op1  c_w.l(btod.o)
    0x080019ae   0x080019ae   0x00000338   Code   RO         3634    CL$$btod_div_common  c_w.l(btod.o)
    0x08001ce6   0x08001ce6   0x000000dc   Code   RO         3631    CL$$btod_e2e        c_w.l(btod.o)
    0x08001dc2   0x08001dc2   0x0000002a   Code   RO         3628    CL$$btod_ediv       c_w.l(btod.o)
    0x08001dec   0x08001dec   0x0000002a   Code   RO         3627    CL$$btod_emul       c_w.l(btod.o)
    0x08001e16   0x08001e16   0x00000244   Code   RO         3633    CL$$btod_mult_common  c_w.l(btod.o)
    0x0800205a   0x0800205a   0x0000000a   Code   RO         1997    i.$Sub$$main        components.o
    0x08002064   0x08002064   0x00000002   Code   RO          267    i.BusFault_Handler  stm32f4xx_it.o
    0x08002066   0x08002066   0x00000002   Code   RO          268    i.DebugMon_Handler  stm32f4xx_it.o
    0x08002068   0x08002068   0x00000004   Code   RO           13    i.Error_Handler     main.o
    0x0800206c   0x0800206c   0x000001f0   Code   RO          747    i.HAL_GPIO_Init     stm32f4xx_hal_gpio.o
    0x0800225c   0x0800225c   0x00000010   Code   RO          750    i.HAL_GPIO_TogglePin  stm32f4xx_hal_gpio.o
    0x0800226c   0x0800226c   0x0000000a   Code   RO          751    i.HAL_GPIO_WritePin  stm32f4xx_hal_gpio.o
    0x08002276   0x08002276   0x00000002   PAD
    0x08002278   0x08002278   0x0000000c   Code   RO         1279    i.HAL_GetTick       stm32f4xx_hal.o
    0x08002284   0x08002284   0x00000034   Code   RO         1286    i.HAL_Init          stm32f4xx_hal.o
    0x080022b8   0x080022b8   0x00000040   Code   RO         1287    i.HAL_InitTick      stm32f4xx_hal.o
    0x080022f8   0x080022f8   0x00000030   Code   RO          331    i.HAL_MspInit       stm32f4xx_hal_msp.o
    0x08002328   0x08002328   0x0000001a   Code   RO         1136    i.HAL_NVIC_EnableIRQ  stm32f4xx_hal_cortex.o
    0x08002342   0x08002342   0x00000002   PAD
    0x08002344   0x08002344   0x00000040   Code   RO         1142    i.HAL_NVIC_SetPriority  stm32f4xx_hal_cortex.o
    0x08002384   0x08002384   0x00000024   Code   RO         1143    i.HAL_NVIC_SetPriorityGrouping  stm32f4xx_hal_cortex.o
    0x080023a8   0x080023a8   0x00000134   Code   RO          393    i.HAL_RCC_ClockConfig  stm32f4xx_hal_rcc.o
    0x080024dc   0x080024dc   0x0000000c   Code   RO          398    i.HAL_RCC_GetHCLKFreq  stm32f4xx_hal_rcc.o
    0x080024e8   0x080024e8   0x00000020   Code   RO          400    i.HAL_RCC_GetPCLK1Freq  stm32f4xx_hal_rcc.o
    0x08002508   0x08002508   0x00000020   Code   RO          401    i.HAL_RCC_GetPCLK2Freq  stm32f4xx_hal_rcc.o
    0x08002528   0x08002528   0x00000060   Code   RO          402    i.HAL_RCC_GetSysClockFreq  stm32f4xx_hal_rcc.o
    0x08002588   0x08002588   0x0000036c   Code   RO          405    i.HAL_RCC_OscConfig  stm32f4xx_hal_rcc.o
    0x080028f4   0x080028f4   0x00000028   Code   RO         1147    i.HAL_SYSTICK_Config  stm32f4xx_hal_cortex.o
    0x0800291c   0x0800291c   0x00000062   Code   RO         1589    i.HAL_UART_Init     stm32f4xx_hal_uart.o
    0x0800297e   0x0800297e   0x00000002   PAD
    0x08002980   0x08002980   0x0000008c   Code   RO          225    i.HAL_UART_MspInit  usart.o
    0x08002a0c   0x08002a0c   0x000000b2   Code   RO         1597    i.HAL_UART_Transmit  stm32f4xx_hal_uart.o
    0x08002abe   0x08002abe   0x00000002   PAD
    0x08002ac0   0x08002ac0   0x000000a0   Code   RO          200    i.MX_GPIO_Init      gpio.o
    0x08002b60   0x08002b60   0x00000038   Code   RO          226    i.MX_USART1_UART_Init  usart.o
    0x08002b98   0x08002b98   0x00000002   Code   RO          269    i.MemManage_Handler  stm32f4xx_it.o
    0x08002b9a   0x08002b9a   0x00000002   Code   RO          270    i.NMI_Handler       stm32f4xx_it.o
    0x08002b9c   0x08002b9c   0x00000012   Code   RO         3093    i.SysTick_Handler   board.o
    0x08002bae   0x08002bae   0x00000002   PAD
    0x08002bb0   0x08002bb0   0x00000094   Code   RO           14    i.SystemClock_Config  main.o
    0x08002c44   0x08002c44   0x00000078   Code   RO         1917    i.SystemCoreClockUpdate  system_stm32f4xx.o
    0x08002cbc   0x08002cbc   0x00000010   Code   RO         1918    i.SystemInit        system_stm32f4xx.o
    0x08002ccc   0x08002ccc   0x0000010c   Code   RO         1615    i.UART_SetConfig    stm32f4xx_hal_uart.o
    0x08002dd8   0x08002dd8   0x00000078   Code   RO         1618    i.UART_WaitOnFlagUntilTimeout  stm32f4xx_hal_uart.o
    0x08002e50   0x08002e50   0x00000068   Code   RO          271    i.USART1_IRQHandler  stm32f4xx_it.o
    0x08002eb8   0x08002eb8   0x00000002   Code   RO          272    i.UsageFault_Handler  stm32f4xx_it.o
    0x08002eba   0x08002eba   0x00000030   Code   RO         3664    i.__ARM_fpclassify  m_wm.l(fpclassify.o)
    0x08002eea   0x08002eea   0x00000020   Code   RO         1149    i.__NVIC_SetPriority  stm32f4xx_hal_cortex.o
    0x08002f0a   0x08002f0a   0x00000002   PAD
    0x08002f0c   0x08002f0c   0x00000044   Code   RO         2314    i.__rt_ffs          kservice.o
    0x08002f50   0x08002f50   0x0000000e   Code   RO         3534    i._is_digit         c_w.l(__printf_wp.o)
    0x08002f5e   0x08002f5e   0x00000002   PAD
    0x08002f60   0x08002f60   0x000000cc   Code   RO         3292    i._msh_exec_cmd     msh.o
    0x0800302c   0x0800302c   0x000000bc   Code   RO         2722    i._rt_scheduler_stack_check  scheduler.o
    0x080030e8   0x080030e8   0x000000ac   Code   RO         2796    i._rt_thread_init   thread.o
    0x08003194   0x08003194   0x0000001c   Code   RO         2929    i._rt_timer_init    timer.o
    0x080031b0   0x080031b0   0x00000006   Code   RO         2930    i._rt_timer_remove  timer.o
    0x080031b6   0x080031b6   0x0000001c   Code   RO         2797    i._thread_cleanup_execute  thread.o
    0x080031d2   0x080031d2   0x00000002   PAD
    0x080031d4   0x080031d4   0x0000001c   Code   RO           15    i.beep_thread_entry  main.o
    0x080031f0   0x080031f0   0x000000e8   Code   RO         3027    i.bus_fault_track   cpuport.o
    0x080032d8   0x080032d8   0x0000000a   Code   RO         3293    i.cmd_free          msh.o
    0x080032e2   0x080032e2   0x0000000a   Code   RO         3294    i.cmd_ps            msh.o
    0x080032ec   0x080032ec   0x00000060   Code   RO         3361    i.finsh_get_prompt  shell.o
    0x0800334c   0x0800334c   0x00000040   Code   RO         3365    i.finsh_set_prompt_mode  shell.o
    0x0800338c   0x0800338c   0x0000000c   Code   RO         3366    i.finsh_system_function_init  shell.o
    0x08003398   0x08003398   0x00000094   Code   RO         3367    i.finsh_system_init  shell.o
    0x0800342c   0x0800342c   0x0000028c   Code   RO         3369    i.finsh_thread_entry  shell.o
    0x080036b8   0x080036b8   0x0000003c   Code   RO         3094    i.fish_dbg_init     board.o
    0x080036f4   0x080036f4   0x00000078   Code   RO         3028    i.hard_fault_track  cpuport.o
    0x0800376c   0x0800376c   0x00000020   Code   RO         3158    i.hello             cmd.o
    0x0800378c   0x0800378c   0x0000001c   Code   RO           17    i.led_thread_entry  main.o
    0x080037a8   0x080037a8   0x00000064   Code   RO         3159    i.list              cmd.o
    0x0800380c   0x0800380c   0x00000024   Code   RO         3160    i.list_find_init    cmd.o
    0x08003830   0x08003830   0x00000066   Code   RO         3161    i.list_get_next     cmd.o
    0x08003896   0x08003896   0x00000002   PAD
    0x08003898   0x08003898   0x0000006c   Code   RO         2507    i.list_mem          mem.o
    0x08003904   0x08003904   0x00000154   Code   RO         3162    i.list_mempool      cmd.o
    0x08003a58   0x08003a58   0x00000128   Code   RO         3163    i.list_msgqueue     cmd.o
    0x08003b80   0x08003b80   0x000000f8   Code   RO         3164    i.list_mutex        cmd.o
    0x08003c78   0x08003c78   0x0000011c   Code   RO         3165    i.list_sem          cmd.o
    0x08003d94   0x08003d94   0x000001b8   Code   RO         3166    i.list_thread       cmd.o
    0x08003f4c   0x08003f4c   0x00000140   Code   RO         3167    i.list_timer        cmd.o
    0x0800408c   0x0800408c   0x00000094   Code   RO           18    i.main              main.o
    0x08004120   0x08004120   0x0000000e   Code   RO         1998    i.main_thread_entry  components.o
    0x0800412e   0x0800412e   0x00000002   PAD
    0x08004130   0x08004130   0x000000d8   Code   RO         3029    i.mem_manage_fault_track  cpuport.o
    0x08004208   0x08004208   0x000000ac   Code   RO         3295    i.msh_auto_complete  msh.o
    0x080042b4   0x080042b4   0x00000064   Code   RO         3296    i.msh_exec          msh.o
    0x08004318   0x08004318   0x00000078   Code   RO         3297    i.msh_help          msh.o
    0x08004390   0x08004390   0x00000004   Code   RO         3298    i.msh_is_used       msh.o
    0x08004394   0x08004394   0x000000d0   Code   RO         3299    i.msh_split         msh.o
    0x08004464   0x08004464   0x00000018   Code   RO         3168    i.object_split      cmd.o
    0x0800447c   0x0800447c   0x000000e8   Code   RO         2508    i.plug_holes        mem.o
    0x08004564   0x08004564   0x00000050   Code   RO         1999    i.rt_application_init  components.o
    0x080045b4   0x080045b4   0x0000006c   Code   RO         2317    i.rt_assert_handler  kservice.o
    0x08004620   0x08004620   0x0000001a   Code   RO         2509    i.rt_calloc         mem.o
    0x0800463a   0x0800463a   0x00000002   PAD
    0x0800463c   0x0800463c   0x00000048   Code   RO         2000    i.rt_components_board_init  components.o
    0x08004684   0x08004684   0x00000070   Code   RO         2001    i.rt_components_init  components.o
    0x080046f4   0x080046f4   0x0000001c   Code   RO         2724    i.rt_enter_critical  scheduler.o
    0x08004710   0x08004710   0x00000038   Code   RO         2725    i.rt_exit_critical  scheduler.o
    0x08004748   0x08004748   0x000001c0   Code   RO         2510    i.rt_free           mem.o
    0x08004908   0x08004908   0x00000008   Code   RO         3095    i.rt_heap_begin_get  board.o
    0x08004910   0x08004910   0x00000008   Code   RO         3096    i.rt_heap_end_get   board.o
    0x08004918   0x08004918   0x0000003a   Code   RO         3097    i.rt_hw_board_init  board.o
    0x08004952   0x08004952   0x00000002   PAD
    0x08004954   0x08004954   0x00000030   Code   RO         3098    i.rt_hw_console_getchar  board.o
    0x08004984   0x08004984   0x00000048   Code   RO         3099    i.rt_hw_console_output  board.o
    0x080049cc   0x080049cc   0x00000218   Code   RO         3033    i.rt_hw_hard_fault_exception  cpuport.o
    0x08004be4   0x08004be4   0x0000003c   Code   RO         3034    i.rt_hw_stack_init  cpuport.o
    0x08004c20   0x08004c20   0x0000001c   Code   RO         2287    i.rt_interrupt_enter  irq.o
    0x08004c3c   0x08004c3c   0x00000018   Code   RO         2288    i.rt_interrupt_get_nest  irq.o
    0x08004c54   0x08004c54   0x0000001c   Code   RO         2289    i.rt_interrupt_leave  irq.o
    0x08004c70   0x08004c70   0x0000000e   Code   RO         2112    i.rt_ipc_list_resume  ipc.o
    0x08004c7e   0x08004c7e   0x00000002   PAD
    0x08004c80   0x08004c80   0x00000052   Code   RO         2114    i.rt_ipc_list_suspend  ipc.o
    0x08004cd2   0x08004cd2   0x00000002   PAD
    0x08004cd4   0x08004cd4   0x00000020   Code   RO         2322    i.rt_kprintf        kservice.o
    0x08004cf4   0x08004cf4   0x0000000e   Code   RO         2634    i.rt_list_insert_after  object.o
    0x08004d02   0x08004d02   0x0000000e   Code   RO         2798    i.rt_list_insert_after  thread.o
    0x08004d10   0x08004d10   0x0000000e   Code   RO         2931    i.rt_list_insert_after  timer.o
    0x08004d1e   0x08004d1e   0x0000000e   Code   RO         2115    i.rt_list_insert_before  ipc.o
    0x08004d2c   0x08004d2c   0x00000012   Code   RO         3169    i.rt_list_len       cmd.o
    0x08004d3e   0x08004d3e   0x00000012   Code   RO         2635    i.rt_list_remove    object.o
    0x08004d50   0x08004d50   0x00000012   Code   RO         2799    i.rt_list_remove    thread.o
    0x08004d62   0x08004d62   0x00000012   Code   RO         2932    i.rt_list_remove    timer.o
    0x08004d74   0x08004d74   0x000001ec   Code   RO         2511    i.rt_malloc         mem.o
    0x08004f60   0x08004f60   0x00000032   Code   RO         2327    i.rt_memmove        kservice.o
    0x08004f92   0x08004f92   0x00000012   Code   RO         2328    i.rt_memset         kservice.o
    0x08004fa4   0x08004fa4   0x000000d0   Code   RO         2636    i.rt_object_allocate  object.o
    0x08005074   0x08005074   0x0000008c   Code   RO         2637    i.rt_object_delete  object.o
    0x08005100   0x08005100   0x00000048   Code   RO         2638    i.rt_object_detach  object.o
    0x08005148   0x08005148   0x00000024   Code   RO         2640    i.rt_object_get_information  object.o
    0x0800516c   0x0800516c   0x00000034   Code   RO         2643    i.rt_object_get_type  object.o
    0x080051a0   0x080051a0   0x000000a4   Code   RO         2644    i.rt_object_init    object.o
    0x08005244   0x08005244   0x00000038   Code   RO         2645    i.rt_object_is_systemobject  object.o
    0x0800527c   0x0800527c   0x0000003a   Code   RO          352    i.rt_ringbuffer_data_len  ringbuffer.o
    0x080052b6   0x080052b6   0x00000002   PAD
    0x080052b8   0x080052b8   0x00000068   Code   RO          353    i.rt_ringbuffer_getchar  ringbuffer.o
    0x08005320   0x08005320   0x0000006c   Code   RO          355    i.rt_ringbuffer_putchar  ringbuffer.o
    0x0800538c   0x0800538c   0x00000060   Code   RO         2726    i.rt_schedule       scheduler.o
    0x080053ec   0x080053ec   0x00000074   Code   RO         2727    i.rt_schedule_insert_thread  scheduler.o
    0x08005460   0x08005460   0x00000070   Code   RO         2728    i.rt_schedule_remove_thread  scheduler.o
    0x080054d0   0x080054d0   0x000000a4   Code   RO         2133    i.rt_sem_create     ipc.o
    0x08005574   0x08005574   0x0000006c   Code   RO         2136    i.rt_sem_init       ipc.o
    0x080055e0   0x080055e0   0x00000084   Code   RO         2137    i.rt_sem_release    ipc.o
    0x08005664   0x08005664   0x00000160   Code   RO         2138    i.rt_sem_take       ipc.o
    0x080057c4   0x080057c4   0x000000b0   Code   RO         2330    i.rt_show_version   kservice.o
    0x08005874   0x08005874   0x00000010   Code   RO         2336    i.rt_strlen         kservice.o
    0x08005884   0x08005884   0x00000026   Code   RO         2338    i.rt_strncpy        kservice.o
    0x080058aa   0x080058aa   0x00000002   PAD
    0x080058ac   0x080058ac   0x00000108   Code   RO         2514    i.rt_system_heap_init  mem.o
    0x080059b4   0x080059b4   0x00000034   Code   RO         2729    i.rt_system_scheduler_init  scheduler.o
    0x080059e8   0x080059e8   0x00000028   Code   RO         2730    i.rt_system_scheduler_start  scheduler.o
    0x08005a10   0x08005a10   0x0000000c   Code   RO         2933    i.rt_system_timer_init  timer.o
    0x08005a1c   0x08005a1c   0x00000002   Code   RO         2934    i.rt_system_timer_thread_init  timer.o
    0x08005a1e   0x08005a1e   0x00000048   Code   RO         2801    i.rt_thread_create  thread.o
    0x08005a66   0x08005a66   0x00000002   PAD
    0x08005a68   0x08005a68   0x0000005c   Code   RO         2806    i.rt_thread_exit    thread.o
    0x08005ac4   0x08005ac4   0x00000006   Code   RO         2076    i.rt_thread_idle_entry  idle.o
    0x08005aca   0x08005aca   0x00000002   PAD
    0x08005acc   0x08005acc   0x0000009c   Code   RO         2077    i.rt_thread_idle_excute  idle.o
    0x08005b68   0x08005b68   0x00000038   Code   RO         2079    i.rt_thread_idle_init  idle.o
    0x08005ba0   0x08005ba0   0x00000080   Code   RO         2808    i.rt_thread_init    thread.o
    0x08005c20   0x08005c20   0x0000000e   Code   RO         2809    i.rt_thread_mdelay  thread.o
    0x08005c2e   0x08005c2e   0x00000002   PAD
    0x08005c30   0x08005c30   0x0000007c   Code   RO         2810    i.rt_thread_resume  thread.o
    0x08005cac   0x08005cac   0x0000000c   Code   RO         2811    i.rt_thread_self    thread.o
    0x08005cb8   0x08005cb8   0x00000080   Code   RO         2812    i.rt_thread_sleep   thread.o
    0x08005d38   0x08005d38   0x000000bc   Code   RO         2813    i.rt_thread_startup  thread.o
    0x08005df4   0x08005df4   0x00000084   Code   RO         2814    i.rt_thread_suspend  thread.o
    0x08005e78   0x08005e78   0x000000b4   Code   RO         2815    i.rt_thread_timeout  thread.o
    0x08005f2c   0x08005f2c   0x00000060   Code   RO         2816    i.rt_thread_yield   thread.o
    0x08005f8c   0x08005f8c   0x00000032   Code   RO         1957    i.rt_tick_from_millisecond  clock.o
    0x08005fbe   0x08005fbe   0x00000002   PAD
    0x08005fc0   0x08005fc0   0x0000000c   Code   RO         1958    i.rt_tick_get       clock.o
    0x08005fcc   0x08005fcc   0x0000002c   Code   RO         1959    i.rt_tick_increase  clock.o
    0x08005ff8   0x08005ff8   0x0000008c   Code   RO         2935    i.rt_timer_check    timer.o
    0x08006084   0x08006084   0x000000c0   Code   RO         2936    i.rt_timer_control  timer.o
    0x08006144   0x08006144   0x000000dc   Code   RO         2939    i.rt_timer_detach   timer.o
    0x08006220   0x08006220   0x00000050   Code   RO         2940    i.rt_timer_init     timer.o
    0x08006270   0x08006270   0x00000130   Code   RO         2942    i.rt_timer_start    timer.o
    0x080063a0   0x080063a0   0x000000a8   Code   RO         2943    i.rt_timer_stop     timer.o
    0x08006448   0x08006448   0x00000004   Code   RO         2002    i.rti_board_end     components.o
    0x0800644c   0x0800644c   0x00000004   Code   RO         2003    i.rti_board_start   components.o
    0x08006450   0x08006450   0x00000004   Code   RO         2004    i.rti_end           components.o
    0x08006454   0x08006454   0x00000004   Code   RO         2005    i.rti_start         components.o
    0x08006458   0x08006458   0x0000002a   Code   RO         2006    i.rtthread_startup  components.o
    0x08006482   0x08006482   0x00000002   PAD
    0x08006484   0x08006484   0x00000030   Code   RO         3170    i.show_wait_queue   cmd.o
    0x080064b4   0x080064b4   0x000000d0   Code   RO         3035    i.usage_fault_track  cpuport.o
    0x08006584   0x08006584   0x0000000a   Code   RO         3171    i.version           cmd.o
    0x0800658e   0x0800658e   0x00000002   PAD
    0x08006590   0x08006590   0x0000002c   Code   RO         3647    locale$$code        c_w.l(lc_numeric_c.o)
    0x080065bc   0x080065bc   0x0000002c   Code   RO         3674    locale$$code        c_w.l(lc_ctype_c.o)
    0x080065e8   0x080065e8   0x0000000a   Code   RO         3742    x$fpl$fpinit        fz_wm.l(fpinit.o)
    0x080065f2   0x080065f2   0x00000004   Code   RO         3567    x$fpl$printf1       fz_wm.l(printf1.o)
    0x080065f6   0x080065f6   0x00000004   Code   RO         3569    x$fpl$printf2       fz_wm.l(printf2.o)
    0x080065fa   0x080065fa   0x00000000   Code   RO         3663    x$fpl$usenofp       fz_wm.l(usenofp.o)
    0x080065fa   0x080065fa   0x00000005   Data   RO           20    .constdata          main.o
    0x080065ff   0x080065ff   0x0000003f   Data   RO          357    .constdata          ringbuffer.o
    0x0800663e   0x0800663e   0x00000010   Data   RO         1919    .constdata          system_stm32f4xx.o
    0x0800664e   0x0800664e   0x00000008   Data   RO         1920    .constdata          system_stm32f4xx.o
    0x08006656   0x08006656   0x0000000a   Data   RO         2007    .constdata          components.o
    0x08006660   0x08006660   0x00000010   Data   RO         2008    .constdata          components.o
    0x08006670   0x08006670   0x0000000e   Data   RO         2009    .constdata          components.o
    0x0800667e   0x0800667e   0x00000008   Data   RO         2010    .constdata          components.o
    0x08006686   0x08006686   0x00000014   Data   RO         2011    .constdata          components.o
    0x0800669a   0x0800669a   0x00000016   Data   RO         2081    .constdata          idle.o
    0x080066b0   0x080066b0   0x00000136   Data   RO         2140    .constdata          ipc.o
    0x080067e6   0x080067e6   0x00000122   Data   RO         2345    .constdata          kservice.o
    0x08006908   0x08006908   0x0000003c   Data   RO         2516    .constdata          mem.o
    0x08006944   0x08006944   0x00000080   Data   RO         2647    .constdata          object.o
    0x080069c4   0x080069c4   0x0000004e   Data   RO         2732    .constdata          scheduler.o
    0x08006a12   0x08006a12   0x000000c0   Data   RO         2817    .constdata          thread.o
    0x08006ad2   0x08006ad2   0x0000005c   Data   RO         2944    .constdata          timer.o
    0x08006b2e   0x08006b2e   0x0000000e   Data   RO         3102    .constdata          board.o
    0x08006b3c   0x08006b3c   0x0000000e   Data   RO         3103    .constdata          board.o
    0x08006b4a   0x08006b4a   0x0000000e   Data   RO         3300    .constdata          msh.o
    0x08006b58   0x08006b58   0x00000012   Data   RO         3371    .constdata          shell.o
    0x08006b6a   0x08006b6a   0x0000004a   Data   RO         3372    .constdata          shell.o
    0x08006bb4   0x08006bb4   0x00000008   Data   RO         3493    .constdata          c_w.l(_printf_wctomb.o)
    0x08006bbc   0x08006bbc   0x00000028   Data   RO         3522    .constdata          c_w.l(_printf_hex_int_ll_ptr.o)
    0x08006be4   0x08006be4   0x00000011   Data   RO         3542    .constdata          c_w.l(__printf_flags_ss_wp.o)
    0x08006bf5   0x08006bf5   0x00000026   Data   RO         3599    .constdata          c_w.l(_printf_fp_hex.o)
    0x08006c1b   0x08006c1b   0x00000001   PAD
    0x08006c1c   0x08006c1c   0x00000094   Data   RO         3622    .constdata          c_w.l(bigflt0.o)
    0x08006cb0   0x08006cb0   0x00000045   Data   RO         2141    .conststring        ipc.o
    0x08006cf5   0x08006cf5   0x00000003   PAD
    0x08006cf8   0x08006cf8   0x000000eb   Data   RO         2517    .conststring        mem.o
    0x08006de3   0x08006de3   0x00000001   PAD
    0x08006de4   0x08006de4   0x00000042   Data   RO         2818    .conststring        thread.o
    0x08006e26   0x08006e26   0x00000002   PAD
    0x08006e28   0x08006e28   0x00000044   Data   RO         3172    .conststring        cmd.o
    0x08006e6c   0x08006e6c   0x00000009   Data   RO         2519    .rodata.name        mem.o
    0x08006e75   0x08006e75   0x0000001e   Data   RO         2520    .rodata.name        mem.o
    0x08006e93   0x08006e93   0x00000006   Data   RO         3173    .rodata.name        cmd.o
    0x08006e99   0x08006e99   0x00000010   Data   RO         3174    .rodata.name        cmd.o
    0x08006ea9   0x08006ea9   0x00000008   Data   RO         3175    .rodata.name        cmd.o
    0x08006eb1   0x08006eb1   0x00000023   Data   RO         3176    .rodata.name        cmd.o
    0x08006ed4   0x08006ed4   0x0000000e   Data   RO         3177    .rodata.name        cmd.o
    0x08006ee2   0x08006ee2   0x00000023   Data   RO         3178    .rodata.name        cmd.o
    0x08006f05   0x08006f05   0x0000000c   Data   RO         3179    .rodata.name        cmd.o
    0x08006f11   0x08006f11   0x0000000c   Data   RO         3180    .rodata.name        cmd.o
    0x08006f1d   0x08006f1d   0x00000012   Data   RO         3181    .rodata.name        cmd.o
    0x08006f2f   0x08006f2f   0x0000000c   Data   RO         3182    .rodata.name        cmd.o
    0x08006f3b   0x08006f3b   0x00000009   Data   RO         3183    .rodata.name        cmd.o
    0x08006f44   0x08006f44   0x00000019   Data   RO         3184    .rodata.name        cmd.o
    0x08006f5d   0x08006f5d   0x0000000f   Data   RO         3185    .rodata.name        cmd.o
    0x08006f6c   0x08006f6c   0x00000019   Data   RO         3186    .rodata.name        cmd.o
    0x08006f85   0x08006f85   0x0000000b   Data   RO         3187    .rodata.name        cmd.o
    0x08006f90   0x08006f90   0x00000015   Data   RO         3188    .rodata.name        cmd.o
    0x08006fa5   0x08006fa5   0x00000011   Data   RO         3189    .rodata.name        cmd.o
    0x08006fb6   0x08006fb6   0x00000015   Data   RO         3190    .rodata.name        cmd.o
    0x08006fcb   0x08006fcb   0x0000000e   Data   RO         3191    .rodata.name        cmd.o
    0x08006fd9   0x08006fd9   0x0000001d   Data   RO         3192    .rodata.name        cmd.o
    0x08006ff6   0x08006ff6   0x00000014   Data   RO         3193    .rodata.name        cmd.o
    0x0800700a   0x0800700a   0x0000001d   Data   RO         3194    .rodata.name        cmd.o
    0x08007027   0x08007027   0x0000000d   Data   RO         3195    .rodata.name        cmd.o
    0x08007034   0x08007034   0x0000001b   Data   RO         3196    .rodata.name        cmd.o
    0x0800704f   0x0800704f   0x00000013   Data   RO         3197    .rodata.name        cmd.o
    0x08007062   0x08007062   0x0000001b   Data   RO         3198    .rodata.name        cmd.o
    0x0800707d   0x0800707d   0x0000000b   Data   RO         3199    .rodata.name        cmd.o
    0x08007088   0x08007088   0x00000015   Data   RO         3200    .rodata.name        cmd.o
    0x0800709d   0x0800709d   0x00000011   Data   RO         3201    .rodata.name        cmd.o
    0x080070ae   0x080070ae   0x00000015   Data   RO         3202    .rodata.name        cmd.o
    0x080070c3   0x080070c3   0x00000005   Data   RO         3203    .rodata.name        cmd.o
    0x080070c8   0x080070c8   0x0000001a   Data   RO         3204    .rodata.name        cmd.o
    0x080070e2   0x080070e2   0x0000000b   Data   RO         3301    .rodata.name        msh.o
    0x080070ed   0x080070ed   0x00000016   Data   RO         3302    .rodata.name        msh.o
    0x08007103   0x08007103   0x00000009   Data   RO         3303    .rodata.name        msh.o
    0x0800710c   0x0800710c   0x0000001c   Data   RO         3304    .rodata.name        msh.o
    0x08007128   0x08007128   0x0000000b   Data   RO         3305    .rodata.name        msh.o
    0x08007133   0x08007133   0x00000025   Data   RO         3306    .rodata.name        msh.o
    0x08007158   0x08007158   0x00000008   Data   RO         2012    .rti_fn.0           components.o
    0x08007160   0x08007160   0x00000008   Data   RO         2013    .rti_fn.0.end       components.o
    0x08007168   0x08007168   0x00000008   Data   RO         2014    .rti_fn.1.end       components.o
    0x08007170   0x08007170   0x00000008   Data   RO         3105    .rti_fn.6           board.o
    0x08007178   0x08007178   0x00000008   Data   RO         3374    .rti_fn.6           shell.o
    0x08007180   0x08007180   0x00000008   Data   RO         2015    .rti_fn.6.end       components.o
    0x08007188   0x08007188   0x0000000c   Data   RO         2521    FSymTab             mem.o
    0x08007194   0x08007194   0x000000c0   Data   RO         3205    FSymTab             cmd.o
    0x08007254   0x08007254   0x00000024   Data   RO         3307    FSymTab             msh.o
    0x08007278   0x08007278   0x00000020   Data   RO         3800    Region$$Table       anon$$obj.o
    0x08007298   0x08007298   0x0000001c   Data   RO         3646    locale$$data        c_w.l(lc_numeric_c.o)
    0x080072b4   0x080072b4   0x00000110   Data   RO         3673    locale$$data        c_w.l(lc_ctype_c.o)


    Execution Region RW_IRAM1 (Exec base: 0x20000000, Load base: 0x080073c4, Size: 0x00004738, Max: 0x0001c000, ABSOLUTE)

    Exec Addr    Load Addr    Size         Type   Attr      Idx    E Section Name        Object

    0x20000000   0x080073c4   0x00000008   Data   RW           21    .data               main.o
    0x20000008   0x080073cc   0x0000000c   Data   RW         1293    .data               stm32f4xx_hal.o
    0x20000014   0x080073d8   0x00000004   Data   RW         1921    .data               system_stm32f4xx.o
    0x20000018   0x080073dc   0x00000004   Data   RW         1961    .data               clock.o
    0x2000001c   0x080073e0   0x00000001   Data   RW         2290    .data               irq.o
    0x2000001d   0x080073e1   0x00000003   PAD
    0x20000020   0x080073e4   0x00000008   Data   RW         2346    .data               kservice.o
    0x20000028   0x080073ec   0x00000018   Data   RW         2518    .data               mem.o
    0x20000040   0x08007404   0x00000060   Data   RW         2648    .data               object.o
    0x200000a0   0x08007464   0x00000014   Data   RW         2733    .data               scheduler.o
    0x200000b4   0x08007478   0x0000000c   Data   RW         2945    .data               timer.o
    0x200000c0   0x08007484   0x00000004   Data   RW         3037    .data               cpuport.o
    0x200000c4   0x08007488   0x00000004   Data   RW         3038    .data               cpuport.o
    0x200000c8   0x0800748c   0x00000004   Data   RW         3039    .data               cpuport.o
    0x200000cc   0x08007490   0x00000004   Data   RW         3040    .data               cpuport.o
    0x200000d0   0x08007494   0x00000004   Data   RW         3104    .data               board.o
    0x200000d4   0x08007498   0x00000018   Data   RW         3373    .data               shell.o
    0x200000ec        -       0x00000044   Zero   RW          227    .bss                usart.o
    0x20000130        -       0x0000000c   Zero   RW          356    .bss                ringbuffer.o
    0x2000013c        -       0x00000178   Zero   RW         2080    .bss                idle.o
    0x200002b4        -       0x00000080   Zero   RW         2344    .bss                kservice.o
    0x20000334        -       0x00000020   Zero   RW         2515    .bss                mem.o
    0x20000354        -       0x00000100   Zero   RW         2731    .bss                scheduler.o
    0x20000454        -       0x00003c00   Zero   RW         3101    .bss                board.o
    0x20004054        -       0x00000081   Zero   RW         3370    .bss                shell.o
    0x200040d5   0x080074b0   0x00000003   PAD
    0x200040d8        -       0x00000060   Zero   RW         3667    .bss                c_w.l(libspace.o)
    0x20004138        -       0x00000200   Zero   RW            2    HEAP                startup_stm32f407xx.o
    0x20004338        -       0x00000400   Zero   RW            1    STACK               startup_stm32f407xx.o


    Execution Region RW_IRAM2 (Exec base: 0x2001c000, Load base: 0x080074b0, Size: 0x00000000, Max: 0x00004000, ABSOLUTE)

    **** No section assigned to this execution region ****


==============================================================================

Image component sizes


      Code (inc. data)   RO Data    RW Data    ZI Data      Debug   Object Name

       272         48         36          4      15360       5499   board.o
       106         12          0          4          0       1996   clock.o
      2298        882        851          0          0      18912   cmd.o
       346        138        100          0          0       6964   components.o
       308         28          0          0          0        876   context_rvds.o
      1372        736          0         16          0       6874   cpuport.o
       160         12          0          0          0        939   gpio.o
       218         70         22          0        376       5374   idle.o
       866        258        379          0          0      23718   ipc.o
        80         18          0          1          0       2382   irq.o
       506        206        290          8        128       8437   kservice.o
       356         68          5          8          0     667908   main.o
      1570        680        346         24         32       7224   mem.o
       828        178        168          0          0       8356   msh.o
       760        270        128         96          0      10798   object.o
       270         42         63          0         12       3198   ringbuffer.o
       688        214         78         20        256       9510   scheduler.o
       972        162        100         24        129      12430   shell.o
        64         26        392          0       1536        828   startup_stm32f407xx.o
       128         20          0         12          0       8171   stm32f4xx_hal.o
       198         14          0          0          0      33867   stm32f4xx_hal_cortex.o
       522         46          0          0          0       2781   stm32f4xx_hal_gpio.o
        48          6          0          0          0        826   stm32f4xx_hal_msp.o
      1356         78          0          0          0       5624   stm32f4xx_hal_rcc.o
       664         10          0          0          0       4132   stm32f4xx_hal_uart.o
       114         18          0          0          0       3557   stm32f4xx_it.o
       136         20         24          4          0       1819   system_stm32f4xx.o
      1398        388        258          0          0      17047   thread.o
      1184        462         92         12          0      12566   timer.o
       196         26          0          0         68       1731   usart.o

    ----------------------------------------------------------------------
     18026       5136       3370        236      17900     894344   Object Totals
         0          0         32          0          0          0   (incl. Generated)
        42          0          6          3          3          0   (incl. Padding)

    ----------------------------------------------------------------------

      Code (inc. data)   RO Data    RW Data    ZI Data      Debug   Library Member Name

         8          0          0          0          0         68   __main.o
       392          4         17          0          0         92   __printf_flags_ss_wp.o
        14          0          0          0          0         68   __printf_wp.o
         0          0          0          0          0          0   __rtentry.o
        12          0          0          0          0          0   __rtentry2.o
         6          0          0          0          0          0   __rtentry4.o
        52          8          0          0          0          0   __scatter.o
        26          0          0          0          0          0   __scatter_copy.o
        28          0          0          0          0          0   __scatter_zi.o
         6          0          0          0          0          0   _printf_a.o
         6          0          0          0          0          0   _printf_c.o
        44          0          0          0          0        108   _printf_char.o
        48          6          0          0          0         96   _printf_char_common.o
        40          0          0          0          0         68   _printf_charcount.o
         6          0          0          0          0          0   _printf_d.o
       120         16          0          0          0         92   _printf_dec.o
         6          0          0          0          0          0   _printf_e.o
         6          0          0          0          0          0   _printf_f.o
      1054          0          0          0          0        216   _printf_fp_dec.o
       764          8         38          0          0        100   _printf_fp_hex.o
       128         16          0          0          0         84   _printf_fp_infnan.o
         6          0          0          0          0          0   _printf_g.o
       148          4         40          0          0        160   _printf_hex_int_ll_ptr.o
         6          0          0          0          0          0   _printf_i.o
       178          0          0          0          0         88   _printf_intcommon.o
        10          0          0          0          0          0   _printf_l.o
         6          0          0          0          0          0   _printf_lc.o
        10          0          0          0          0          0   _printf_ll.o
         6          0          0          0          0          0   _printf_lld.o
         6          0          0          0          0          0   _printf_lli.o
         6          0          0          0          0          0   _printf_llo.o
         6          0          0          0          0          0   _printf_llu.o
         6          0          0          0          0          0   _printf_llx.o
       124         16          0          0          0         92   _printf_longlong_dec.o
         6          0          0          0          0          0   _printf_ls.o
         6          0          0          0          0          0   _printf_n.o
         6          0          0          0          0          0   _printf_o.o
       112         10          0          0          0        124   _printf_oct_int_ll.o
         6          0          0          0          0          0   _printf_p.o
        78          0          0          0          0        108   _printf_pad.o
         0          0          0          0          0          0   _printf_percent.o
         4          0          0          0          0          0   _printf_percent_end.o
         6          0          0          0          0          0   _printf_s.o
        82          0          0          0          0         80   _printf_str.o
        36          0          0          0          0         84   _printf_truncate.o
         6          0          0          0          0          0   _printf_u.o
        44          0          0          0          0        108   _printf_wchar.o
       188          6          8          0          0         92   _printf_wctomb.o
         6          0          0          0          0          0   _printf_x.o
        16          0          0          0          0         68   _snputc.o
        10          0          0          0          0         68   _sputc.o
        64          0          0          0          0         92   _wcrtomb.o
       228          4        148          0          0         96   bigflt0.o
      1936        128          0          0          0        672   btod.o
        18          0          0          0          0         80   exit.o
         6          0          0          0          0        152   heapauxi.o
         0          0          0          0          0          0   indicate_semi.o
        44         10        272          0          0         76   lc_ctype_c.o
        44         10         28          0          0         76   lc_numeric_c.o
         2          0          0          0          0          0   libinit.o
        34          0          0          0          0          0   libinit2.o
         2          0          0          0          0          0   libshutdown.o
         2          0          0          0          0          0   libshutdown2.o
         8          4          0          0         96         68   libspace.o
       138          0          0          0          0         80   lludiv10.o
       238          0          0          0          0        100   lludivv7m.o
        16          4          0          0          0         76   rt_ctype_table.o
         8          4          0          0          0         68   rt_locale_intlibspace.o
        68          0          0          0          0         68   rt_memclr.o
        78          0          0          0          0         80   rt_memclr_w.o
       100          0          0          0          0         80   rt_memcpy_w.o
         2          0          0          0          0          0   rtexit.o
        10          0          0          0          0          0   rtexit2.o
        24          0          0          0          0         68   strcat.o
       128          0          0          0          0         68   strcmpv7m.o
        72          0          0          0          0         80   strcpy.o
        62          0          0          0          0         76   strlen.o
       150          0          0          0          0         80   strncmp.o
        86          0          0          0          0         76   strncpy.o
        12          4          0          0          0         68   sys_exit.o
        74          0          0          0          0         80   sys_stackheap_outer.o
         2          0          0          0          0         68   use_no_semi.o
        52          4          0          0          0         80   vsnprintf.o
        10          0          0          0          0        116   fpinit.o
         4          0          0          0          0        116   printf1.o
         4          0          0          0          0        116   printf2.o
         0          0          0          0          0          0   usenofp.o
        48          0          0          0          0        124   fpclassify.o

    ----------------------------------------------------------------------
      7688        266        552          0         96       5144   Library Totals
        18          0          1          0          0          0   (incl. Padding)

    ----------------------------------------------------------------------

      Code (inc. data)   RO Data    RW Data    ZI Data      Debug   Library Name

      7604        266        551          0         96       4672   c_w.l
        18          0          0          0          0        348   fz_wm.l
        48          0          0          0          0        124   m_wm.l

    ----------------------------------------------------------------------
      7688        266        552          0         96       5144   Library Totals

    ----------------------------------------------------------------------

==============================================================================


      Code (inc. data)   RO Data    RW Data    ZI Data      Debug   

     25714       5402       3922        236      17996     880788   Grand Totals
     25714       5402       3922        236      17996     880788   ELF Image Totals
     25714       5402       3922        236          0          0   ROM Totals

==============================================================================

    Total RO  Size (Code + RO Data)                29636 (  28.94kB)
    Total RW  Size (RW Data + ZI Data)             18232 (  17.80kB)
    Total ROM Size (Code + RO Data + RW Data)      29872 (  29.17kB)

==============================================================================

